Component: ARM Compiler 5.05 update 1 (build 106) Tool: armlink [4d0efa]

==============================================================================

Section Cross References

    startup_stm32f407xx.o(STACK) refers (Special) to heapauxi.o(.text) for __use_two_region_memory
    startup_stm32f407xx.o(HEAP) refers (Special) to heapauxi.o(.text) for __use_two_region_memory
    startup_stm32f407xx.o(RESET) refers (Special) to heapauxi.o(.text) for __use_two_region_memory
    startup_stm32f407xx.o(RESET) refers to startup_stm32f407xx.o(STACK) for __initial_sp
    startup_stm32f407xx.o(RESET) refers to startup_stm32f407xx.o(.text) for Reset_Handler
    startup_stm32f407xx.o(RESET) refers to stm32f4xx_it.o(i.NMI_Handler) for NMI_Handler
    startup_stm32f407xx.o(RESET) refers to stm32f4xx_it.o(i.HardFault_Handler) for HardFault_Handler
    startup_stm32f407xx.o(RESET) refers to stm32f4xx_it.o(i.MemManage_Handler) for MemManage_Handler
    startup_stm32f407xx.o(RESET) refers to stm32f4xx_it.o(i.BusFault_Handler) for BusFault_Handler
    startup_stm32f407xx.o(RESET) refers to stm32f4xx_it.o(i.UsageFault_Handler) for UsageFault_Handler
    startup_stm32f407xx.o(RESET) refers to stm32f4xx_it.o(i.SVC_Handler) for SVC_Handler
    startup_stm32f407xx.o(RESET) refers to stm32f4xx_it.o(i.DebugMon_Handler) for DebugMon_Handler
    startup_stm32f407xx.o(RESET) refers to stm32f4xx_it.o(i.PendSV_Handler) for PendSV_Handler
    startup_stm32f407xx.o(RESET) refers to stm32f4xx_it.o(i.SysTick_Handler) for SysTick_Handler
    startup_stm32f407xx.o(RESET) refers to stm32f4xx_it.o(i.ADC_IRQHandler) for ADC_IRQHandler
    startup_stm32f407xx.o(RESET) refers to stm32f4xx_it.o(i.CAN1_RX1_IRQHandler) for CAN1_RX1_IRQHandler
    startup_stm32f407xx.o(RESET) refers to stm32f4xx_it.o(i.TIM1_UP_TIM10_IRQHandler) for TIM1_UP_TIM10_IRQHandler
    startup_stm32f407xx.o(RESET) refers to stm32f4xx_it.o(i.TIM3_IRQHandler) for TIM3_IRQHandler
    startup_stm32f407xx.o(RESET) refers to stm32f4xx_it.o(i.TIM4_IRQHandler) for TIM4_IRQHandler
    startup_stm32f407xx.o(RESET) refers to stm32f4xx_it.o(i.TIM6_DAC_IRQHandler) for TIM6_DAC_IRQHandler
    startup_stm32f407xx.o(RESET) refers to stm32f4xx_it.o(i.TIM7_IRQHandler) for TIM7_IRQHandler
    startup_stm32f407xx.o(.text) refers (Special) to heapauxi.o(.text) for __use_two_region_memory
    startup_stm32f407xx.o(.text) refers to system_stm32f4xx.o(i.SystemInit) for SystemInit
    startup_stm32f407xx.o(.text) refers to __main.o(!!!main) for __main
    startup_stm32f407xx.o(.text) refers to startup_stm32f407xx.o(HEAP) for Heap_Mem
    startup_stm32f407xx.o(.text) refers to startup_stm32f407xx.o(STACK) for Stack_Mem
    main.o(i.SystemClock_Config) refers to rt_memclr_w.o(.text) for __aeabi_memclr4
    main.o(i.SystemClock_Config) refers to stm32f4xx_hal_rcc.o(i.HAL_RCC_OscConfig) for HAL_RCC_OscConfig
    main.o(i.SystemClock_Config) refers to main.o(i.Error_Handler) for Error_Handler
    main.o(i.SystemClock_Config) refers to stm32f4xx_hal_rcc.o(i.HAL_RCC_ClockConfig) for HAL_RCC_ClockConfig
    main.o(i.SystemClock_Config) refers to stm32f4xx_hal_rcc.o(i.HAL_RCC_GetHCLKFreq) for HAL_RCC_GetHCLKFreq
    main.o(i.SystemClock_Config) refers to stm32f4xx_hal_cortex.o(i.HAL_SYSTICK_Config) for HAL_SYSTICK_Config
    main.o(i.SystemClock_Config) refers to stm32f4xx_hal_cortex.o(i.HAL_SYSTICK_CLKSourceConfig) for HAL_SYSTICK_CLKSourceConfig
    main.o(i.SystemClock_Config) refers to main.o(.data) for usTicks
    main.o(i.delay_1ms) refers to stm32f4xx_it.o(.data) for system_times
    main.o(i.main) refers to stm32f4xx_hal.o(i.HAL_Init) for HAL_Init
    main.o(i.main) refers to main.o(i.SystemClock_Config) for SystemClock_Config
    main.o(i.main) refers to task.o(i.main_config) for main_config
    main.o(i.main) refers to task.o(i.task_1ms) for task_1ms
    main.o(i.main) refers to task.o(i.task_2ms) for task_2ms
    main.o(i.main) refers to task.o(i.task_5ms) for task_5ms
    main.o(i.main) refers to task.o(i.task_10ms) for task_10ms
    main.o(i.main) refers to task.o(i.task_100ms) for task_100ms
    main.o(i.sys_timer_get_micros) refers to main.o(.data) for time_temp
    main.o(i.system_driver_delay_us) refers to main.o(i.sys_timer_get_micros) for sys_timer_get_micros
    stm32f4xx_it.o(i.ADC_IRQHandler) refers to stm32f4xx_hal_adc.o(i.HAL_ADC_IRQHandler) for HAL_ADC_IRQHandler
    stm32f4xx_it.o(i.ADC_IRQHandler) refers to adc.o(.bss) for hadc1
    stm32f4xx_it.o(i.CAN1_RX1_IRQHandler) refers to stm32f4xx_hal_can.o(i.HAL_CAN_IRQHandler) for HAL_CAN_IRQHandler
    stm32f4xx_it.o(i.CAN1_RX1_IRQHandler) refers to can.o(.bss) for hcan1
    stm32f4xx_it.o(i.SysTick_Handler) refers to stm32f4xx_hal.o(i.HAL_IncTick) for HAL_IncTick
    stm32f4xx_it.o(i.SysTick_Handler) refers to main.o(.data) for time_temp
    stm32f4xx_it.o(i.SysTick_Handler) refers to stm32f4xx_it.o(.data) for system_times
    stm32f4xx_it.o(i.SysTick_Handler) refers to stm32f4xx_it.o(.bss) for task_time
[...]
    pid_init                                 0x0800ee8d   Thumb Code    22  pid.o(i.pid_init)
    pmsm_break_io                            0x0800ef1d   Thumb Code    64  pmsm_driver.o(i.pmsm_break_io)
    pmsm_start                               0x0800ef61   Thumb Code   110  pmsm_driver.o(i.pmsm_start)
    pmsm_stop                                0x0800efd9   Thumb Code    82  pmsm_driver.o(i.pmsm_stop)
    protocol_init                            0x0800f035   Thumb Code    62  weak_handle.o(i.protocol_init)
    protocol_received                        0x0800f085   Thumb Code    86  protocol.o(i.protocol_received)
    protocol_respond                         0x0800f0dd   Thumb Code   610  protocol_api.o(i.protocol_respond)
    protocol_subscribe_loop                  0x0800f349   Thumb Code   356  protocol_api.o(i.protocol_subscribe_loop)
    queue_empty_full                         0x0800f4b5   Thumb Code    52  utils_queue.o(i.queue_empty_full)
    queue_init                               0x0800f4e9   Thumb Code    42  utils_queue.o(i.queue_init)
    queue_pop                                0x0800f513   Thumb Code    52  utils_queue.o(i.queue_pop)
    register_map                             0x0800f549   Thumb Code    80  protocol_register_management.o(i.register_map)
    register_read                            0x0800f5a1   Thumb Code    48  protocol_register_management.o(i.register_read)
    register_write                           0x0800f5d5   Thumb Code    48  protocol_register_management.o(i.register_write)
    rt_free                                  0x0800f609   Thumb Code    82  rt_malloc.o(i.rt_free)
    rt_malloc                                0x0800f66d   Thumb Code   300  rt_malloc.o(i.rt_malloc)
    rt_mem_init                              0x0800f7b1   Thumb Code    14  alloc.o(i.rt_mem_init)
    rt_realloc                               0x0800f7c5   Thumb Code   252  rt_malloc.o(i.rt_realloc)
    rt_system_heap_init                      0x0800f8d5   Thumb Code   130  rt_malloc.o(i.rt_system_heap_init)
    running_programme                        0x0800f969   Thumb Code  1244  curveprogramme.o(i.running_programme)
    scurve_config                            0x0800fe4d   Thumb Code    48  scurve.o(i.scurve_config)
    send_message_data                        0x0800fe85   Thumb Code    36  protocol.o(i.send_message_data)
    serial0_send                             0x0800fea9   Thumb Code    20  usart.o(i.serial0_send)
    serial3_send                             0x0800fec1   Thumb Code    16  usart.o(i.serial3_send)
    serial3_update                           0x0800fed9   Thumb Code   168  usart.o(i.serial3_update)
    serial_loop                              0x0800ff8d   Thumb Code   240  serial_debug.o(i.serial_loop)
    serial_receive                           0x0801009d   Thumb Code    24  usart.o(i.serial_receive)
    serial_rx_queue_empty                    0x080100b9   Thumb Code    24  usart.o(i.serial_rx_queue_empty)
    sync_curve_handle                        0x080100d5   Thumb Code   306  scurve.o(i.sync_curve_handle)
    sys_timer_get_micros                     0x08010219   Thumb Code    58  main.o(i.sys_timer_get_micros)
    system_driver_delay_us                   0x0801025d   Thumb Code    24  main.o(i.system_driver_delay_us)
    task_100ms                               0x08010275   Thumb Code    70  task.o(i.task_100ms)
    task_10ms                                0x080102c5   Thumb Code    58  task.o(i.task_10ms)
    task_1ms                                 0x0801030d   Thumb Code    36  task.o(i.task_1ms)
    task_2ms                                 0x08010335   Thumb Code    22  task.o(i.task_2ms)
    task_5ms                                 0x08010351   Thumb Code    22  task.o(i.task_5ms)
    test_BRUSH                               0x0801036d   Thumb Code   206  brush_control.o(i.test_BRUSH)
    uart_WaveformData                        0x0801044d   Thumb Code    68  serial_debug.o(i.uart_WaveformData)
    __aeabi_dneg                             0x080105b9   Thumb Code     0  basic.o(x$fpl$basic)
    _dneg                                    0x080105b9   Thumb Code     6  basic.o(x$fpl$basic)
    __aeabi_fneg                             0x080105bf   Thumb Code     0  basic.o(x$fpl$basic)
    _fneg                                    0x080105bf   Thumb Code     6  basic.o(x$fpl$basic)
    _dabs                                    0x080105c5   Thumb Code     6  basic.o(x$fpl$basic)
    _fabs                                    0x080105cb   Thumb Code     6  basic.o(x$fpl$basic)
    __aeabi_d2f                              0x080105d1   Thumb Code     0  d2f_clz.o(x$fpl$d2f)
    _d2f                                     0x080105d1   Thumb Code   700  d2f_clz.o(x$fpl$d2f)
    __aeabi_dadd                             0x08010895   Thumb Code     0  daddsub_clz.o(x$fpl$dadd)
    _dadd                                    0x08010895   Thumb Code   580  daddsub_clz.o(x$fpl$dadd)
    __fpl_dcmp_Inf                           0x08010ae1   Thumb Code    24  dcmpi.o(x$fpl$dcmpinf)
    __aeabi_ddiv                             0x08010af9   Thumb Code     0  ddiv_clz.o(x$fpl$ddiv)
    _ddiv                                    0x08010af9   Thumb Code   748  ddiv_clz.o(x$fpl$ddiv)
    __aeabi_i2d                              0x08010e75   Thumb Code     0  dflt_clz.o(x$fpl$dflt)
    _dflt                                    0x08010e75   Thumb Code    46  dflt_clz.o(x$fpl$dflt)
    __dflt_normalise                         0x08010ea3   Thumb Code    26  dflt_clz.o(x$fpl$dfltn)
    __aeabi_ui2d                             0x08010ebd   Thumb Code     0  dflt_clz.o(x$fpl$dfltu)
    _dfltu                                   0x08010ebd   Thumb Code    38  dflt_clz.o(x$fpl$dfltu)
    __aeabi_cdcmple                          0x08010ee5   Thumb Code     0  dleqf.o(x$fpl$dleqf)
    _dcmple                                  0x08010ee5   Thumb Code   120  dleqf.o(x$fpl$dleqf)
    __fpl_dcmple_InfNaN                      0x08010f3d   Thumb Code     0  dleqf.o(x$fpl$dleqf)
    __aeabi_dmul                             0x08010f5d   Thumb Code     0  dmul_clz.o(x$fpl$dmul)
    _dmul                                    0x08010f5d   Thumb Code   440  dmul_clz.o(x$fpl$dmul)
    __fpl_dnaninf                            0x0801111d   Thumb Code   258  dnaninf.o(x$fpl$dnaninf)
    __fpl_drenorm2                           0x0801121f   Thumb Code   106  drenorm_clz.o(x$fpl$drenorm)
    __fpl_drenorm1                           0x08011289   Thumb Code     6  drenorm_clz.o(x$fpl$drenorm)
    __fpl_dretinf                            0x0801128f   Thumb Code    12  dretinf.o(x$fpl$dretinf)
    __aeabi_cdrcmple                         0x0801129b   Thumb Code     0  drleqf.o(x$fpl$drleqf)
    _drcmple                                 0x0801129b   Thumb Code    98  drleqf.o(x$fpl$drleqf)
    __aeabi_drsub                            0x080112fd   Thumb Code     0  daddsub_clz.o(x$fpl$drsb)
    _drsb                                    0x080112fd   Thumb Code    74  daddsub_clz.o(x$fpl$drsb)
    _dsqrt                                   0x0801134d   Thumb Code   520  dsqrt_umaalclz.o(x$fpl$dsqrt)
    __aeabi_dsub                             0x08011555   Thumb Code     0  daddsub_clz.o(x$fpl$dsub)
    _dsub                                    0x08011555   Thumb Code   664  daddsub_clz.o(x$fpl$dsub)
    __dunder                                 0x080117f1   Thumb Code   314  dunder_clz.o(x$fpl$dunder)
    __dunder_d                               0x0801192b   Thumb Code    64  dunder_clz.o(x$fpl$dunder)
    __fpl_exception                          0x0801196d   Thumb Code   454  except.o(x$fpl$exception)
    __aeabi_f2d                              0x08011b59   Thumb Code     0  f2d.o(x$fpl$f2d)
    _f2d                                     0x08011b59   Thumb Code   122  f2d.o(x$fpl$f2d)
    __fpl_fnaninf                            0x08011bd3   Thumb Code   242  fnaninf.o(x$fpl$fnaninf)
    _fp_init                                 0x08011cc5   Thumb Code    10  fpinit.o(x$fpl$fpinit)
    __fplib_config_fpu_vfp                   0x08011ccd   Thumb Code     0  fpinit.o(x$fpl$fpinit)
    __fplib_config_pureend_doubles           0x08011ccd   Thumb Code     0  fpinit.o(x$fpl$fpinit)
    __fpl_fretinf                            0x08011ccf   Thumb Code    10  fretinf.o(x$fpl$fretinf)
    __funder                                 0x08011cd9   Thumb Code   254  funder_clz.o(x$fpl$funder)
    __funder_d                               0x08011dd7   Thumb Code    62  funder_clz.o(x$fpl$funder)
    __fpl_return_NaN                         0x08011e15   Thumb Code   178  retnan.o(x$fpl$retnan)
    _fp_trapveneer                           0x08011ec7   Thumb Code    36  trapv.o(x$fpl$trapveneer)
    __fpl_cmpreturn                          0x08011eeb   Thumb Code    90  trapv.o(x$fpl$trapveneer)
    __I$use$fp                               0x08011f44   Number         0  usenofp.o(x$fpl$usenofp)
    AHBPrescTable                            0x08011f4c   Data          16  system_stm32f4xx.o(.constdata)
    APBPrescTable                            0x08011f5c   Data           8  system_stm32f4xx.o(.constdata)
    sinTable_f32                             0x08011f64   Data        2052  arm_common_tables.o(.constdata)
    __mathlib_zero                           0x08012800   Data           8  qnan.o(.constdata)
    Region$$Table$$Base                      0x08012808   Number         0  anon$$obj.o(Region$$Table)
    Region$$Table$$Limit                     0x08012828   Number         0  anon$$obj.o(Region$$Table)
    time_temp                                0x20000000   Data           4  main.o(.data)
    system_times                             0x20000008   Data           4  stm32f4xx_it.o(.data)
    system_timers                            0x2000000c   Data           4  stm32f4xx_it.o(.data)
    uwTick                                   0x20000010   Data           4  stm32f4xx_hal.o(.data)
    uwTickPrio                               0x20000014   Data           4  stm32f4xx_hal.o(.data)
    uwTickFreq                               0x20000018   Data           1  stm32f4xx_hal.o(.data)
    SystemCoreClock                          0x2000001c   Data           4  system_stm32f4xx.o(.data)
    adc0_handle                              0x20000020   Data           4  adc.o(.data)
    adc2_handle                              0x20000024   Data           4  adc.o(.data)
    tx_len1                                  0x20000028   Data           2  can.o(.data)
    TxMsg                                    0x2000002a   Data           8  can.o(.data)
    mpu_angle                                0x20000034   Data           8  can.o(.data)
    mpu_filter                               0x2000003c   Data           8  can.o(.data)
    app_ultrasonic                           0x20000044   Data           8  usart.o(.data)
    serial_dma_count                         0x20000054   Data           8  usart.o(.data)
    Tx3_Control                              0x2000005c   Data           5  usart.o(.data)
    DYPA05                                   0x20000061   Data           5  usart.o(.data)
    fcnode_head                              0x20000288   Data           8  protocol_api.o(.data)
    write_Data_flag                          0x20000290   Data           1  protocol_api.o(.data)
    reg_init                                 0x20000298   Data           1  protocol_register_management.o(.data)
    offset_a                                 0x200002c8   Data           4  adc_callback.o(.data)
    offset_u                                 0x200002cc   Data           4  adc_callback.o(.data)
    get_decode_data                          0x200002d0   Data          66  serial_debug.o(.data)
    values                                   0x20000312   Data           1  serial_debug.o(.data)
    BZ_MS                                    0x20000314   Data           4  status_check.o(.data)
    imu_mpu                                  0x20000318   Data           8  status_check.o(.data)
    break_a                                  0x20000320   Data           1  status_check.o(.data)
    break_u                                  0x20000321   Data           1  status_check.o(.data)
    ZERO_MS                                  0x20000324   Data           4  status_check.o(.data)
    top_value                                0x20000328   Data           1  status_check.o(.data)
    bottom_value                             0x20000329   Data           1  status_check.o(.data)
    origin_value                             0x2000032a   Data           1  status_check.o(.data)
    flage_firast                             0x2000032b   Data           1  status_check.o(.data)
    online_count                             0x2000032c   Data           2  status_check.o(.data)
    pitch_temp                               0x20000330   Data           4  status_check.o(.data)
    roll_temp                                0x20000334   Data           4  status_check.o(.data)
    local_pitch                              0x20000338   Data           4  status_check.o(.data)
    buffer_test                              0x2000033e   Data           8  task.o(.data)
    send_flage                               0x20000348   Data           1  weak_handle.o(.data)
    message_online_flage                     0x20000349   Data           1  weak_handle.o(.data)
    xpitch_temp                              0x20000354   Data           2  weak_handle.o(.data)
    xroll_temp                               0x20000356   Data           2  weak_handle.o(.data)
    RetryDraw                                0x20000358   Data           1  scurve.o(.data)
    TIMER_ACC_T                              0x2000035c   Data           4  scurve.o(.data)
    TIMER_SUB_T                              0x20000360   Data           4  scurve.o(.data)
    flage_back                               0x20000364   Data           1  scurve.o(.data)
    synccount                                0x20000365   Data           1  scurve.o(.data)
    sync_flag                                0x20000366   Data           1  scurve.o(.data)
    fast_flag                                0x20000367   Data           1  scurve.o(.data)
    T_MIN                                    0x20000368   Data           4  scurve.o(.data)
    test_scurve                              0x20000370   Data           4  scurve.o(.data)
    ratio_Acc                                0x20000374   Data           4  scurve.o(.data)
    runstate                                 0x20000378   Data           1  curveprogramme.o(.data)
    SpeedMax                                 0x2000037a   Data          12  curveprogramme.o(.data)
    wheel_gear                               0x20000388   Data          24  curveprogramme.o(.data)
    return_gear                              0x200003a0   Data          24  curveprogramme.o(.data)
    quicky_gear                              0x200003b8   Data          24  curveprogramme.o(.data)
    test_key                                 0x200003d0   Data           4  curveprogramme.o(.data)
    test_speed                               0x200003d4   Data           4  curveprogramme.o(.data)
    bxx                                      0x200003d8   Data           4  curveprogramme.o(.data)
    kxx                                      0x200003dc   Data           4  curveprogramme.o(.data)
    temp_region                              0x200003e0   Data           2  curveprogramme.o(.data)
    stAccData                                0x200003ec   Data           6  icm42688.o(.data)
    stGyroData                               0x200003f2   Data           6  icm42688.o(.data)
    temp_t                                   0x20000410   Data           4  pll.o(.data)
    PMSM_Write_FlAGE                         0x2000041c   Data           2  pmsm_calib.o(.data)
    RUN_COUNT                                0x20000420   Data           2  pmsm_control.o(.data)
    current_datio                            0x20000424   Data           4  pmsm_control.o(.data)
    count_test                               0x20000428   Data           4  pmsm_control.o(.data)
    ids                                      0x2000042c   Data           4  pmsm_control.o(.data)
    count_flage                              0x20000430   Data           2  pmsm_control.o(.data)
    adc_current0                             0x20000432   Data           6  pmsm_control.o(.data)
    adc_current2                             0x2000043a   Data           6  pmsm_control.o(.data)
    angle_Count                              0x20000442   Data           1  pmsm_control.o(.data)
    test_falsge                              0x20000443   Data           1  pmsm_control.o(.data)
    mag_data_x                               0x20000444   Data           3  pmsm_control.o(.data)
    mag_data_y                               0x20000447   Data           3  pmsm_control.o(.data)
    axis_x_temp                              0x2000044a   Data           1  pmsm_control.o(.data)
    axis_y_temp                              0x2000044b   Data           1  pmsm_control.o(.data)
    PMSMCurrentFaultNumber                   0x2000044c   Data           4  pmsm_control.o(.data)
    count_stop                               0x20000450   Data           2  pmsm_control.o(.data)
    test_count                               0x20000452   Data           2  pmsm_control.o(.data)
    flage_test                               0x20000454   Data           1  pmsm_control.o(.data)
    flage_brush                              0x20000458   Data           1  brush_control.o(.data)
    test_count_B                             0x2000045a   Data           2  brush_control.o(.data)
    flage_test_B                             0x2000045c   Data           1  brush_control.o(.data)
    CurrentFaultNumber                       0x2000045e   Data           6  brush_control.o(.data)
    ms_counts                                0x20000468   Data           4  brush_control.o(.data)
    task_time                                0x2000046c   Data          20  stm32f4xx_it.o(.bss)
    pFlash                                   0x20000480   Data          32  stm32f4xx_hal_flash.o(.bss)
    TMP_CURRENT                              0x200004a0   Data          12  adc.o(.bss)
    adcDMAvalue_adc0                         0x200004ac   Data          40  adc.o(.bss)
    adcDMAvalue_adc2                         0x200004d4   Data          80  adc.o(.bss)
    hadc1                                    0x20000524   Data          72  adc.o(.bss)
    hadc3                                    0x2000056c   Data          72  adc.o(.bss)
    hdma_adc1                                0x200005b4   Data          96  adc.o(.bss)
    hdma_adc3                                0x20000614   Data          96  adc.o(.bss)
    Car_buff                                 0x20000674   Data         128  can.o(.bss)
    CANRx_Buffer                             0x200006f4   Data          12  can.o(.bss)
    CAN_Rx_buffer                            0x20000700   Data         128  can.o(.bss)
    CANTx_Buffer                             0x20000780   Data          12  can.o(.bss)
    CAN_Tx_buffer                            0x2000078c   Data         128  can.o(.bss)
    hcan1                                    0x2000080c   Data          40  can.o(.bss)
    BrushSpeed                               0x20000834   Data          72  tim.o(.bss)
    htim1                                    0x2000087c   Data          72  tim.o(.bss)
    htim2                                    0x200008c4   Data          72  tim.o(.bss)
    htim3                                    0x2000090c   Data          72  tim.o(.bss)
    htim4                                    0x20000954   Data          72  tim.o(.bss)
    htim6                                    0x2000099c   Data          72  tim.o(.bss)
    htim7                                    0x200009e4   Data          72  tim.o(.bss)
    htim8                                    0x20000a2c   Data          72  tim.o(.bss)
    htim9                                    0x20000a74   Data          72  tim.o(.bss)
    temp_usart                               0x20000abc   Data         128  usart.o(.bss)
    usart0_buffer_tx                         0x20000b3c   Data         128  usart.o(.bss)
    usart0_buffer_rx                         0x20000bbc   Data         128  usart.o(.bss)
    usart2_buffer_tx                         0x20000c3c   Data         128  usart.o(.bss)
    usart2_buffer_rx                         0x20000cbc   Data         128  usart.o(.bss)
    usart3_buffer_tx                         0x20000d3c   Data         128  usart.o(.bss)
    usart3_buffer_rx                         0x20000dbc   Data         128  usart.o(.bss)
    serial_usart                             0x20000e3c   Data         144  usart.o(.bss)
    huart1                                   0x20000ecc   Data          68  usart.o(.bss)
    huart3                                   0x20000f10   Data          68  usart.o(.bss)
    hdma_usart1_rx                           0x20000f54   Data          96  usart.o(.bss)
    hdma_usart3_rx                           0x20000fb4   Data          96  usart.o(.bss)
    hdma_usart3_tx                           0x20001014   Data          96  usart.o(.bss)
    Spacing                                  0x20001074   Data          80  key_filter.o(.bss)
    Register                                 0x20001548   Data        1020  protocol_register_management.o(.bss)
    ADC_Data                                 0x20001a60   Data          48  adc_callback.o(.bss)
    DebugData                                0x20001ab0   Data          64  serial_debug.o(.bss)
    API_Config                               0x20001af0   Data          28  weak_handle.o(.bss)
    API_Message                              0x20001b0c   Data          16  weak_handle.o(.bss)
    msg_buff                                 0x20001b1c   Data         128  weak_handle.o(.bss)
    scurve                                   0x20001b9c   Data         120  scurve.o(.bss)
    RunningCurve                             0x20001c14   Data          80  curveprogramme.o(.bss)
    ultrasonic                               0x20001c64   Data          74  ultrasonic.o(.bss)
    tQmi                                     0x20001cb0   Data          12  icm42688.o(.bss)
    FOC_Motor                                0x20001cbc   Data          88  foc.o(.bss)
    hall_test                                0x20001d14   Data          77  hall_encoder.o(.bss)
    hall_encoder                             0x20001d61   Data         154  hall_encoder.o(.bss)
    PllSpeed                                 0x20001dfc   Data          64  pll.o(.bss)
    PMSM_data                                0x20001e3c   Data          36  pmsm_calib.o(.bss)
    PMSM_Calib                               0x20001e60   Data         360  pmsm_calib.o(.bss)
    APP_PMSM_Pre                             0x20001fc8   Data          28  pmsm_control.o(.bss)
    testx                                    0x20001fe4   Data         412  pmsm_driver.o(.bss)
    PMSM                                     0x20002180   Data         824  pmsm_driver.o(.bss)
    APP_PMSM                                 0x200024b8   Data          28  pmsm_driver.o(.bss)
    Brush_data                               0x200024d4   Data          16  brush_calib.o(.bss)
    Brush2                                   0x200024e4   Data         648  brush_driver.o(.bss)
    Brush                                    0x2000276c   Data         648  brush_driver.o(.bss)
    __libspace_start                         0x200029f4   Data          96  libspace.o(.bss)
    __temporary_stack_top$libspace           0x20002a54   Data           0  libspace.o(.bss)



==============================================================================

Memory Map of the image

  Image Entry point : 0x08000189

  Load Region LR_IROM1 (Base: 0x08000000, Size: 0x00012c94, Max: 0x00080000, ABSOLUTE, COMPRESSED[0x00012ac0])

    Execution Region ER_IROM1 (Exec base: 0x08000000, Load base: 0x08000000, Size: 0x00012828, Max: 0x00080000, ABSOLUTE)

    Exec Addr    Load Addr    Size         Type   Attr      Idx    E Section Name        Object

    0x08000000   0x08000000   0x00000188   Data   RO            3    RESET               startup_stm32f407xx.o
    0x08000188   0x08000188   0x00000008   Code   RO         6145  * !!!main             c_w.l(__main.o)
    0x08000190   0x08000190   0x00000034   Code   RO         6692    !!!scatter          c_w.l(__scatter.o)
    0x080001c4   0x080001c4   0x0000005a   Code   RO         6690    !!dczerorl2         c_w.l(__dczerorl2.o)
    0x0800021e   0x0800021e   0x00000002   PAD
    0x08000220   0x08000220   0x0000001c   Code   RO         6694    !!handler_zi        c_w.l(__scatter_zi.o)
    0x0800023c   0x0800023c   0x00000002   Code   RO         6490    .ARM.Collect$$libinit$$00000000  c_w.l(libinit.o)
    0x0800023e   0x0800023e   0x00000004   Code   RO         6491    .ARM.Collect$$libinit$$00000001  c_w.l(libinit2.o)
    0x08000242   0x08000242   0x00000000   Code   RO         6494    .ARM.Collect$$libinit$$00000004  c_w.l(libinit2.o)
    0x08000242   0x08000242   0x00000000   Code   RO         6497    .ARM.Collect$$libinit$$0000000A  c_w.l(libinit2.o)
    0x08000242   0x08000242   0x00000000   Code   RO         6499    .ARM.Collect$$libinit$$0000000C  c_w.l(libinit2.o)
    0x08000242   0x08000242   0x00000000   Code   RO         6501    .ARM.Collect$$libinit$$0000000E  c_w.l(libinit2.o)
    0x08000242   0x08000242   0x00000000   Code   RO         6504    .ARM.Collect$$libinit$$00000011  c_w.l(libinit2.o)
    0x08000242   0x08000242   0x00000000   Code   RO         6506    .ARM.Collect$$libinit$$00000013  c_w.l(libinit2.o)
    0x08000242   0x08000242   0x00000000   Code   RO         6508    .ARM.Collect$$libinit$$00000015  c_w.l(libinit2.o)
    0x08000242   0x08000242   0x00000000   Code   RO         6510    .ARM.Collect$$libinit$$00000017  c_w.l(libinit2.o)
    0x08000242   0x08000242   0x00000000   Code   RO         6512    .ARM.Collect$$libinit$$00000019  c_w.l(libinit2.o)
    0x08000242   0x08000242   0x00000000   Code   RO         6514    .ARM.Collect$$libinit$$0000001B  c_w.l(libinit2.o)
    0x08000242   0x08000242   0x00000000   Code   RO         6516    .ARM.Collect$$libinit$$0000001D  c_w.l(libinit2.o)
    0x08000242   0x08000242   0x00000000   Code   RO         6518    .ARM.Collect$$libinit$$0000001F  c_w.l(libinit2.o)
    0x08000242   0x08000242   0x00000000   Code   RO         6520    .ARM.Collect$$libinit$$00000021  c_w.l(libinit2.o)
    0x08000242   0x08000242   0x00000000   Code   RO         6522    .ARM.Collect$$libinit$$00000023  c_w.l(libinit2.o)
    0x08000242   0x08000242   0x00000000   Code   RO         6524    .ARM.Collect$$libinit$$00000025  c_w.l(libinit2.o)
    0x08000242   0x08000242   0x00000000   Code   RO         6528    .ARM.Collect$$libinit$$0000002C  c_w.l(libinit2.o)
    0x08000242   0x08000242   0x00000000   Code   RO         6530    .ARM.Collect$$libinit$$0000002E  c_w.l(libinit2.o)
    0x08000242   0x08000242   0x00000000   Code   RO         6532    .ARM.Collect$$libinit$$00000030  c_w.l(libinit2.o)
    0x08000242   0x08000242   0x00000000   Code   RO         6534    .ARM.Collect$$libinit$$00000032  c_w.l(libinit2.o)
    0x08000242   0x08000242   0x00000002   Code   RO         6535    .ARM.Collect$$libinit$$00000033  c_w.l(libinit2.o)
    0x08000244   0x08000244   0x00000002   Code   RO         6671    .ARM.Collect$$libshutdown$$00000000  c_w.l(libshutdown.o)
    0x08000246   0x08000246   0x00000000   Code   RO         6538    .ARM.Collect$$libshutdown$$00000003  c_w.l(libshutdown2.o)
    0x08000246   0x08000246   0x00000000   Code   RO         6541    .ARM.Collect$$libshutdown$$00000006  c_w.l(libshutdown2.o)
    0x08000246   0x08000246   0x00000000   Code   RO         6544    .ARM.Collect$$libshutdown$$00000009  c_w.l(libshutdown2.o)
    0x08000246   0x08000246   0x00000000   Code   RO         6546    .ARM.Collect$$libshutdown$$0000000B  c_w.l(libshutdown2.o)
    0x08000246   0x08000246   0x00000000   Code   RO         6549    .ARM.Collect$$libshutdown$$0000000E  c_w.l(libshutdown2.o)
    0x08000246   0x08000246   0x00000002   Code   RO         6550    .ARM.Collect$$libshutdown$$0000000F  c_w.l(libshutdown2.o)
    0x08000248   0x08000248   0x00000000   Code   RO         6255    .ARM.Collect$$rtentry$$00000000  c_w.l(__rtentry.o)
    0x08000248   0x08000248   0x00000000   Code   RO         6347    .ARM.Collect$$rtentry$$00000002  c_w.l(__rtentry2.o)
    0x08000248   0x08000248   0x00000006   Code   RO         6359    .ARM.Collect$$rtentry$$00000004  c_w.l(__rtentry4.o)
    0x0800024e   0x0800024e   0x00000000   Code   RO         6349    .ARM.Collect$$rtentry$$00000009  c_w.l(__rtentry2.o)
    0x0800024e   0x0800024e   0x00000004   Code   RO         6350    .ARM.Collect$$rtentry$$0000000A  c_w.l(__rtentry2.o)
    0x08000252   0x08000252   0x00000000   Code   RO         6352    .ARM.Collect$$rtentry$$0000000C  c_w.l(__rtentry2.o)
    0x08000252   0x08000252   0x00000008   Code   RO         6353    .ARM.Collect$$rtentry$$0000000D  c_w.l(__rtentry2.o)
    0x0800025a   0x0800025a   0x00000002   Code   RO         6556    .ARM.Collect$$rtexit$$00000000  c_w.l(rtexit.o)
    0x0800025c   0x0800025c   0x00000000   Code   RO         6614    .ARM.Collect$$rtexit$$00000002  c_w.l(rtexit2.o)
    0x0800025c   0x0800025c   0x00000004   Code   RO         6615    .ARM.Collect$$rtexit$$00000003  c_w.l(rtexit2.o)
    0x08000260   0x08000260   0x00000006   Code   RO         6616    .ARM.Collect$$rtexit$$00000004  c_w.l(rtexit2.o)
    0x08000266   0x08000266   0x00000002   PAD
    0x08000268   0x08000268   0x00000040   Code   RO            4    .text               startup_stm32f407xx.o
    0x080002a8   0x080002a8   0x00000078   Code   RO         5940    .text               arm_cortexM4lf_math.lib(arm_cos_f32.o)
    0x08000320   0x08000320   0x00000084   Code   RO         5996    .text               arm_cortexM4lf_math.lib(arm_sin_f32.o)
    0x080003a4   0x080003a4   0x000000ee   Code   RO         6101    .text               c_w.l(lludivv7m.o)
    0x08000492   0x08000492   0x00000058   Code   RO         6133    .text               c_w.l(memcmp.o)
    0x080004ea   0x080004ea   0x0000008a   Code   RO         6135    .text               c_w.l(rt_memcpy_v6.o)
    0x08000574   0x08000574   0x00000064   Code   RO         6137    .text               c_w.l(rt_memcpy_w.o)
    0x080005d8   0x080005d8   0x00000044   Code   RO         6139    .text               c_w.l(rt_memclr.o)
    0x0800061c   0x0800061c   0x0000004e   Code   RO         6141    .text               c_w.l(rt_memclr_w.o)
    0x0800066a   0x0800066a   0x00000006   Code   RO         6143    .text               c_w.l(heapauxi.o)
    0x08000670   0x08000670   0x00000016   Code   RO         6260    .text               c_w.l(_rserrno.o)
    0x08000686   0x08000686   0x00000002   PAD
    0x08000688   0x08000688   0x00000008   Code   RO         6366    .text               c_w.l(rt_errno_addr_intlibspace.o)
    0x08000690   0x08000690   0x00000030   Code   RO         6368    .text               c_w.l(_fptrap.o)
    0x080006c0   0x080006c0   0x00000008   Code   RO         6397    .text               c_w.l(libspace.o)
    0x080006c8   0x080006c8   0x0000004a   Code   RO         6402    .text               c_w.l(sys_stackheap_outer.o)
    0x08000712   0x08000712   0x0000000c   Code   RO         6475    .text               c_w.l(exit.o)
    0x0800071e   0x0800071e   0x0000000e   Code   RO         6477    .text               c_w.l(defsig_fpe_outer.o)
    0x0800072c   0x0800072c   0x00000002   Code   RO         6553    .text               c_w.l(use_no_semi.o)
    0x0800072e   0x0800072e   0x00000000   Code   RO         6555    .text               c_w.l(indicate_semi.o)
    0x0800072e   0x0800072e   0x0000000a   Code   RO         6597    .text               c_w.l(defsig_exit.o)
    0x08000738   0x08000738   0x000000ac   Code   RO         6599    .text               c_w.l(defsig_fpe_inner.o)
    0x080007e4   0x080007e4   0x0000000c   Code   RO         6611    .text               c_w.l(sys_exit.o)
    0x080007f0   0x080007f0   0x00000032   Code   RO         6642    .text               c_w.l(defsig_general.o)
    0x08000822   0x08000822   0x0000000e   Code   RO         6657    .text               c_w.l(sys_wrch.o)
    0x08000830   0x08000830   0x000000e4   Code   RO         5792    i.ADC_CURRENT_HANDLE  brush_control.o
    0x08000914   0x08000914   0x0000007e   Code   RO          357    i.ADC_DMAConvCplt   stm32f4xx_hal_adc.o
    0x08000992   0x08000992   0x0000001a   Code   RO          358    i.ADC_DMAError      stm32f4xx_hal_adc.o
    0x080009ac   0x080009ac   0x0000000e   Code   RO          359    i.ADC_DMAHalfConvCplt  stm32f4xx_hal_adc.o
    0x080009ba   0x080009ba   0x00000002   PAD
    0x080009bc   0x080009bc   0x00000018   Code   RO          207    i.ADC_IRQHandler    stm32f4xx_it.o
    0x080009d4   0x080009d4   0x00000160   Code   RO          360    i.ADC_Init          stm32f4xx_hal_adc.o
    0x08000b34   0x08000b34   0x000000ec   Code   RO         5793    i.BRUSH_SPEED_ANGLE_A  brush_control.o
    0x08000c20   0x08000c20   0x000000f0   Code   RO         5794    i.BRUSH_SPEED_ANGLE_U  brush_control.o
    0x08000d10   0x08000d10   0x00000064   Code   RO         4660    i.Brush_ADC_OffsetSample  adc_callback.o
    0x08000d74   0x08000d74   0x00000208   Code   RO         5796    i.Brush_Angle_Handle  brush_control.o
    0x08000f7c   0x08000f7c   0x000000bc   Code   RO         5738    i.Brush_Control_Mode  brush_driver.o
    0x08001038   0x08001038   0x00000124   Code   RO         5797    i.Brush_Current_Handle  brush_control.o
    0x0800115c   0x0800115c   0x00000060   Code   RO         5696    i.Brush_Data_Check  brush_calib.o
    0x080011bc   0x080011bc   0x00000120   Code   RO         5798    i.Brush_Flod_Handle  brush_control.o
    0x080012dc   0x080012dc   0x000000e8   Code   RO         5799    i.Brush_Fold_Check  brush_control.o
    0x080013c4   0x080013c4   0x00000064   Code   RO         4661    i.Brush_GetCurrent  adc_callback.o
    0x08001428   0x08001428   0x0000018c   Code   RO         5800    i.Brush_MPU_ACC_handle  brush_control.o
    0x080015b4   0x080015b4   0x00000480   Code   RO         5801    i.Brush_MPU_Handle  brush_control.o
    0x08001a34   0x08001a34   0x00000024   Code   RO         5802    i.Brush_Mode_Loop   brush_control.o
    0x08001a58   0x08001a58   0x0000014c   Code   RO         5697    i.Brush_Read_Para   brush_calib.o
    0x08001ba4   0x08001ba4   0x0000006c   Code   RO         5803    i.Brush_Run_Task    brush_control.o
    0x08001c10   0x08001c10   0x00000250   Code   RO         5804    i.Brush_STATUS_LOOP  brush_control.o
    0x08001e60   0x08001e60   0x0000018c   Code   RO         5805    i.Brush_Speed_Acc_handle  brush_control.o
    0x08001fec   0x08001fec   0x00000120   Code   RO         5806    i.Brush_Speed_Handle  brush_control.o
    0x0800210c   0x0800210c   0x00000058   Code   RO         5739    i.Brush_Star        brush_driver.o
    0x08002164   0x08002164   0x000000e0   Code   RO         5740    i.Brush_Start_Filter  brush_driver.o
    0x08002244   0x08002244   0x00000044   Code   RO         5741    i.Brush_Stop        brush_driver.o
    0x08002288   0x08002288   0x0000017c   Code   RO         5807    i.Brush_Voltage_handle  brush_control.o
    0x08002404   0x08002404   0x0000034c   Code   RO         5808    i.Brush_Zero_Handle  brush_control.o
    0x08002750   0x08002750   0x0000021c   Code   RO         5742    i.Brush_para_init   brush_driver.o
    0x0800296c   0x0800296c   0x00000004   Code   RO          208    i.BusFault_Handler  stm32f4xx_it.o
    0x08002970   0x08002970   0x00000010   Code   RO          209    i.CAN1_RX1_IRQHandler  stm32f4xx_it.o
    0x08002980   0x08002980   0x00000034   Code   RO         3561    i.CAN_Para_Init     can.o
    0x080029b4   0x080029b4   0x00000234   Code   RO         5461    i.Calibration_ReadCalibrationElectricalData  pmsm_calib.o
    0x08002be8   0x08002be8   0x000001f8   Code   RO         5462    i.Calibration_SaveCalibrationElectricalData  pmsm_calib.o
    0x08002de0   0x08002de0   0x0000004c   Code   RO         5463    i.Calibration_Save_Write  pmsm_calib.o
    0x08002e2c   0x08002e2c   0x00000054   Code   RO         3562    i.CanSend           can.o
    0x08002e80   0x08002e80   0x00000048   Code   RO         5329    i.Clarke            foc.o
    0x08002ec8   0x08002ec8   0x000001d8   Code   RO         5516    i.Current_forward_handle  pmsm_control.o
    0x080030a0   0x080030a0   0x00000034   Code   RO         1139    i.DMA_CalcBaseAndBitshift  stm32f4xx_hal_dma.o
    0x080030d4   0x080030d4   0x000000aa   Code   RO         1140    i.DMA_CheckFifoParam  stm32f4xx_hal_dma.o
    0x0800317e   0x0800317e   0x0000002c   Code   RO         1141    i.DMA_SetConfig     stm32f4xx_hal_dma.o
    0x080031aa   0x080031aa   0x00000002   Code   RO          210    i.DebugMon_Handler  stm32f4xx_it.o
    0x080031ac   0x080031ac   0x00000028   Code   RO         3795    i.DypRd_Init        usart.o
    0x080031d4   0x080031d4   0x00000b68   Code   RO         5464    i.Electric_Angle_Calibration  pmsm_calib.o
    0x08003d3c   0x08003d3c   0x00000130   Code   RO         5465    i.Electric_Angle_Calibration_Check  pmsm_calib.o
    0x08003e6c   0x08003e6c   0x00000006   Code   RO           13    i.Error_Handler     main.o
    0x08003e72   0x08003e72   0x00000002   PAD
    0x08003e74   0x08003e74   0x0000005c   Code   RO          909    i.FLASH_Erase_Sector  stm32f4xx_hal_flash_ex.o
    0x08003ed0   0x08003ed0   0x00000024   Code   RO          791    i.FLASH_Program_Byte  stm32f4xx_hal_flash.o
    0x08003ef4   0x08003ef4   0x0000003c   Code   RO          792    i.FLASH_Program_DoubleWord  stm32f4xx_hal_flash.o
    0x08003f30   0x08003f30   0x00000028   Code   RO          793    i.FLASH_Program_HalfWord  stm32f4xx_hal_flash.o
    0x08003f58   0x08003f58   0x00000028   Code   RO          794    i.FLASH_Program_Word  stm32f4xx_hal_flash.o
    0x08003f80   0x08003f80   0x00000098   Code   RO          795    i.FLASH_SetErrorCode  stm32f4xx_hal_flash.o
    0x08004018   0x08004018   0x00000064   Code   RO          796    i.FLASH_WaitForLastOperation  stm32f4xx_hal_flash.o
    0x0800407c   0x0800407c   0x00000058   Code   RO         5330    i.FOC_Config        foc.o
    0x080040d4   0x080040d4   0x000000cc   Code   RO         5331    i.FOC_SVPWM         foc.o
    0x080041a0   0x080041a0   0x0000004c   Code   RO         5209    i.FirstOrderFilter_pitch  icm42688.o
    0x080041ec   0x080041ec   0x0000004c   Code   RO         5210    i.FirstOrderFilter_roll  icm42688.o
    0x08004238   0x08004238   0x0000013c   Code   RO         5332    i.Foc_Handle        foc.o
    0x08004374   0x08004374   0x000000f8   Code   RO         4662    i.GetVoltage_MOSTEMP  adc_callback.o
    0x0800446c   0x0800446c   0x000000d4   Code   RO         4663    i.Get_MOTOR_MOSTEMP  adc_callback.o
    0x08004540   0x08004540   0x00000040   Code   RO         5392    i.HALL_Encoder_init  hall_encoder.o
    0x08004580   0x08004580   0x00000228   Code   RO          530    i.HAL_ADCEx_InjectedConfigChannel  stm32f4xx_hal_adc_ex.o
    0x080047a8   0x080047a8   0x00000024   Code   RO         3439    i.HAL_ADCEx_InjectedConvCpltCallback  adc.o
    0x080047cc   0x080047cc   0x0000012c   Code   RO          535    i.HAL_ADCEx_InjectedStart_IT  stm32f4xx_hal_adc_ex.o
    0x080048f8   0x080048f8   0x0000018c   Code   RO          362    i.HAL_ADC_ConfigChannel  stm32f4xx_hal_adc.o
    0x08004a84   0x08004a84   0x00000002   Code   RO          363    i.HAL_ADC_ConvCpltCallback  stm32f4xx_hal_adc.o
    0x08004a86   0x08004a86   0x00000002   Code   RO          364    i.HAL_ADC_ConvHalfCpltCallback  stm32f4xx_hal_adc.o
    0x08004a88   0x08004a88   0x00000002   Code   RO          366    i.HAL_ADC_ErrorCallback  stm32f4xx_hal_adc.o
    0x08004a8a   0x08004a8a   0x00000162   Code   RO          370    i.HAL_ADC_IRQHandler  stm32f4xx_hal_adc.o
    0x08004bec   0x08004bec   0x00000068   Code   RO          371    i.HAL_ADC_Init      stm32f4xx_hal_adc.o
    0x08004c54   0x08004c54   0x00000002   Code   RO          372    i.HAL_ADC_LevelOutOfWindowCallback  stm32f4xx_hal_adc.o
    0x08004c56   0x08004c56   0x00000002   PAD
    0x08004c58   0x08004c58   0x00000230   Code   RO         3441    i.HAL_ADC_MspInit   adc.o
    0x08004e88   0x08004e88   0x000001b4   Code   RO          378    i.HAL_ADC_Start_DMA  stm32f4xx_hal_adc.o
    0x0800503c   0x0800503c   0x0000002a   Code   RO         1818    i.HAL_CAN_ActivateNotification  stm32f4xx_hal_can.o
    0x08005066   0x08005066   0x00000156   Code   RO         1819    i.HAL_CAN_AddTxMessage  stm32f4xx_hal_can.o
    0x080051bc   0x080051bc   0x00000124   Code   RO         1820    i.HAL_CAN_ConfigFilter  stm32f4xx_hal_can.o
    0x080052e0   0x080052e0   0x0000002e   Code   RO         1821    i.HAL_CAN_DeInit    stm32f4xx_hal_can.o
    0x0800530e   0x0800530e   0x00000002   Code   RO         1823    i.HAL_CAN_ErrorCallback  stm32f4xx_hal_can.o
    0x08005310   0x08005310   0x0000017a   Code   RO         1826    i.HAL_CAN_GetRxMessage  stm32f4xx_hal_can.o
    0x0800548a   0x0800548a   0x00000036   Code   RO         1828    i.HAL_CAN_GetTxMailboxesFreeLevel  stm32f4xx_hal_can.o
    0x080054c0   0x080054c0   0x0000024e   Code   RO         1830    i.HAL_CAN_IRQHandler  stm32f4xx_hal_can.o
    0x0800570e   0x0800570e   0x00000174   Code   RO         1831    i.HAL_CAN_Init      stm32f4xx_hal_can.o
    0x08005882   0x08005882   0x00000002   PAD
    0x08005884   0x08005884   0x00000038   Code   RO         3563    i.HAL_CAN_MspDeInit  can.o
    0x080058bc   0x080058bc   0x00000098   Code   RO         3564    i.HAL_CAN_MspInit   can.o
    0x08005954   0x08005954   0x00000002   Code   RO         1838    i.HAL_CAN_RxFifo0FullCallback  stm32f4xx_hal_can.o
    0x08005956   0x08005956   0x00000002   Code   RO         1839    i.HAL_CAN_RxFifo0MsgPendingCallback  stm32f4xx_hal_can.o
    0x08005958   0x08005958   0x00000002   Code   RO         1840    i.HAL_CAN_RxFifo1FullCallback  stm32f4xx_hal_can.o
    0x0800595a   0x0800595a   0x00000002   PAD
    0x0800595c   0x0800595c   0x000000a0   Code   RO         3565    i.HAL_CAN_RxFifo1MsgPendingCallback  can.o
    0x080059fc   0x080059fc   0x00000002   Code   RO         1842    i.HAL_CAN_SleepCallback  stm32f4xx_hal_can.o
    0x080059fe   0x080059fe   0x0000006a   Code   RO         1843    i.HAL_CAN_Start     stm32f4xx_hal_can.o
    0x08005a68   0x08005a68   0x0000006a   Code   RO         1844    i.HAL_CAN_Stop      stm32f4xx_hal_can.o
    0x08005ad2   0x08005ad2   0x00000002   Code   RO         1845    i.HAL_CAN_TxMailbox0AbortCallback  stm32f4xx_hal_can.o
    0x08005ad4   0x08005ad4   0x00000002   Code   RO         1846    i.HAL_CAN_TxMailbox0CompleteCallback  stm32f4xx_hal_can.o
    0x08005ad6   0x08005ad6   0x00000002   Code   RO         1847    i.HAL_CAN_TxMailbox1AbortCallback  stm32f4xx_hal_can.o
    0x08005ad8   0x08005ad8   0x00000002   Code   RO         1848    i.HAL_CAN_TxMailbox1CompleteCallback  stm32f4xx_hal_can.o
    0x08005ada   0x08005ada   0x00000002   Code   RO         1849    i.HAL_CAN_TxMailbox2AbortCallback  stm32f4xx_hal_can.o
    0x08005adc   0x08005adc   0x00000002   Code   RO         1850    i.HAL_CAN_TxMailbox2CompleteCallback  stm32f4xx_hal_can.o
    0x08005ade   0x08005ade   0x00000002   Code   RO         1852    i.HAL_CAN_WakeUpFromRxMsgCallback  stm32f4xx_hal_can.o
    0x08005ae0   0x08005ae0   0x000000ec   Code   RO         1148    i.HAL_DMA_Init      stm32f4xx_hal_dma.o
    0x08005bcc   0x08005bcc   0x00000092   Code   RO         1152    i.HAL_DMA_Start_IT  stm32f4xx_hal_dma.o
    0x08005c5e   0x08005c5e   0x00000002   PAD
    0x08005c60   0x08005c60   0x00000014   Code   RO          800    i.HAL_FLASH_Lock    stm32f4xx_hal_flash.o
    0x08005c74   0x08005c74   0x00000098   Code   RO          805    i.HAL_FLASH_Program  stm32f4xx_hal_flash.o
    0x08005d0c   0x08005d0c   0x00000034   Code   RO          807    i.HAL_FLASH_Unlock  stm32f4xx_hal_flash.o
    0x08005d40   0x08005d40   0x00000168   Code   RO         1032    i.HAL_GPIO_DeInit   stm32f4xx_hal_gpio.o
    0x08005ea8   0x08005ea8   0x000001f4   Code   RO         1035    i.HAL_GPIO_Init     stm32f4xx_hal_gpio.o
    0x0800609c   0x0800609c   0x00000010   Code   RO         1037    i.HAL_GPIO_ReadPin  stm32f4xx_hal_gpio.o
    0x080060ac   0x080060ac   0x0000000c   Code   RO         1039    i.HAL_GPIO_WritePin  stm32f4xx_hal_gpio.o
    0x080060b8   0x080060b8   0x0000000c   Code   RO         1572    i.HAL_GetTick       stm32f4xx_hal.o
    0x080060c4   0x080060c4   0x00000018   Code   RO         1578    i.HAL_IncTick       stm32f4xx_hal.o
    0x080060dc   0x080060dc   0x0000003c   Code   RO         1579    i.HAL_Init          stm32f4xx_hal.o
    0x08006118   0x08006118   0x0000004c   Code   RO         1580    i.HAL_InitTick      stm32f4xx_hal.o
    0x08006164   0x08006164   0x00000048   Code   RO          333    i.HAL_MspInit       stm32f4xx_hal_msp.o
    0x080061ac   0x080061ac   0x00000044   Code   RO         1423    i.HAL_NVIC_DisableIRQ  stm32f4xx_hal_cortex.o
    0x080061f0   0x080061f0   0x00000020   Code   RO         1424    i.HAL_NVIC_EnableIRQ  stm32f4xx_hal_cortex.o
    0x08006210   0x08006210   0x0000007c   Code   RO         1430    i.HAL_NVIC_SetPriority  stm32f4xx_hal_cortex.o
    0x0800628c   0x0800628c   0x00000028   Code   RO         1431    i.HAL_NVIC_SetPriorityGrouping  stm32f4xx_hal_cortex.o
    0x080062b4   0x080062b4   0x00000184   Code   RO          636    i.HAL_RCC_ClockConfig  stm32f4xx_hal_rcc.o
    0x08006438   0x08006438   0x0000000c   Code   RO          641    i.HAL_RCC_GetHCLKFreq  stm32f4xx_hal_rcc.o
    0x08006444   0x08006444   0x00000020   Code   RO          643    i.HAL_RCC_GetPCLK1Freq  stm32f4xx_hal_rcc.o
    0x08006464   0x08006464   0x00000020   Code   RO          644    i.HAL_RCC_GetPCLK2Freq  stm32f4xx_hal_rcc.o
    0x08006484   0x08006484   0x000000b0   Code   RO          645    i.HAL_RCC_GetSysClockFreq  stm32f4xx_hal_rcc.o
    0x08006534   0x08006534   0x0000049c   Code   RO          648    i.HAL_RCC_OscConfig  stm32f4xx_hal_rcc.o
    0x080069d0   0x080069d0   0x00000028   Code   RO         1433    i.HAL_SYSTICK_CLKSourceConfig  stm32f4xx_hal_cortex.o
    0x080069f8   0x080069f8   0x00000034   Code   RO         1435    i.HAL_SYSTICK_Config  stm32f4xx_hal_cortex.o
    0x08006a2c   0x08006a2c   0x00000002   Code   RO         2768    i.HAL_TIMEx_BreakCallback  stm32f4xx_hal_tim_ex.o
    0x08006a2e   0x08006a2e   0x00000002   Code   RO         2769    i.HAL_TIMEx_CommutCallback  stm32f4xx_hal_tim_ex.o
    0x08006a30   0x08006a30   0x00000074   Code   RO         2771    i.HAL_TIMEx_ConfigBreakDeadTime  stm32f4xx_hal_tim_ex.o
    0x08006aa4   0x08006aa4   0x000000b4   Code   RO         2787    i.HAL_TIMEx_MasterConfigSynchronization  stm32f4xx_hal_tim_ex.o
    0x08006b58   0x08006b58   0x000000f4   Code   RO         2798    i.HAL_TIMEx_PWMN_Start  stm32f4xx_hal_tim_ex.o
    0x08006c4c   0x08006c4c   0x00000066   Code   RO         2053    i.HAL_TIM_Base_Init  stm32f4xx_hal_tim.o
    0x08006cb2   0x08006cb2   0x00000002   PAD
    0x08006cb4   0x08006cb4   0x00000084   Code   RO         3670    i.HAL_TIM_Base_MspInit  tim.o
    0x08006d38   0x08006d38   0x000000a8   Code   RO         2058    i.HAL_TIM_Base_Start_IT  stm32f4xx_hal_tim.o
    0x08006de0   0x08006de0   0x000000c8   Code   RO         2074    i.HAL_TIM_Encoder_Init  stm32f4xx_hal_tim.o
    0x08006ea8   0x08006ea8   0x00000118   Code   RO         3672    i.HAL_TIM_Encoder_MspInit  tim.o
    0x08006fc0   0x08006fc0   0x000000cc   Code   RO         2077    i.HAL_TIM_Encoder_Start  stm32f4xx_hal_tim.o
    0x0800708c   0x0800708c   0x0000006c   Code   RO         3673    i.HAL_TIM_IC_CaptureCallback  tim.o
    0x080070f8   0x080070f8   0x00000190   Code   RO         2097    i.HAL_TIM_IC_Start_IT  stm32f4xx_hal_tim.o
    0x08007288   0x08007288   0x00000196   Code   RO         2101    i.HAL_TIM_IRQHandler  stm32f4xx_hal_tim.o
    0x0800741e   0x0800741e   0x00000002   PAD
    0x08007420   0x08007420   0x000001b8   Code   RO         3674    i.HAL_TIM_MspPostInit  tim.o
    0x080075d8   0x080075d8   0x00000002   Code   RO         2104    i.HAL_TIM_OC_DelayElapsedCallback  stm32f4xx_hal_tim.o
    0x080075da   0x080075da   0x00000104   Code   RO         2125    i.HAL_TIM_PWM_ConfigChannel  stm32f4xx_hal_tim.o
    0x080076de   0x080076de   0x00000066   Code   RO         2128    i.HAL_TIM_PWM_Init  stm32f4xx_hal_tim.o
    0x08007744   0x08007744   0x000000b8   Code   RO         3676    i.HAL_TIM_PWM_MspInit  tim.o
    0x080077fc   0x080077fc   0x00000002   Code   RO         2131    i.HAL_TIM_PWM_PulseFinishedCallback  stm32f4xx_hal_tim.o
    0x080077fe   0x080077fe   0x00000002   PAD
    0x08007800   0x08007800   0x0000010c   Code   RO         2133    i.HAL_TIM_PWM_Start  stm32f4xx_hal_tim.o
    0x0800790c   0x0800790c   0x000000d4   Code   RO         3677    i.HAL_TIM_PeriodElapsedCallback  tim.o
    0x080079e0   0x080079e0   0x00000002   Code   RO         2144    i.HAL_TIM_TriggerCallback  stm32f4xx_hal_tim.o
    0x080079e2   0x080079e2   0x00000002   Code   RO         3046    i.HAL_UARTEx_RxEventCallback  stm32f4xx_hal_uart.o
    0x080079e4   0x080079e4   0x00000002   Code   RO         3060    i.HAL_UART_ErrorCallback  stm32f4xx_hal_uart.o
    0x080079e6   0x080079e6   0x00000072   Code   RO         3064    i.HAL_UART_Init     stm32f4xx_hal_uart.o
    0x08007a58   0x08007a58   0x00000194   Code   RO         3797    i.HAL_UART_MspInit  usart.o
    0x08007bec   0x08007bec   0x00000042   Code   RO         3068    i.HAL_UART_Receive_DMA  stm32f4xx_hal_uart.o
    0x08007c2e   0x08007c2e   0x00000002   Code   RO         3070    i.HAL_UART_RxCpltCallback  stm32f4xx_hal_uart.o
    0x08007c30   0x08007c30   0x00000002   Code   RO         3071    i.HAL_UART_RxHalfCpltCallback  stm32f4xx_hal_uart.o
    0x08007c32   0x08007c32   0x000000d2   Code   RO         3072    i.HAL_UART_Transmit  stm32f4xx_hal_uart.o
    0x08007d04   0x08007d04   0x00000004   Code   RO          211    i.HardFault_Handler  stm32f4xx_it.o
    0x08007d08   0x08007d08   0x00000012   Code   RO         3997    i.I2C_Bus_Init      bsp_i2c.o
    0x08007d1a   0x08007d1a   0x0000001c   Code   RO         5212    i.ICM42688_Read_Len  icm42688.o
    0x08007d36   0x08007d36   0x0000001c   Code   RO         5213    i.ICM42688_Write_Len  icm42688.o
    0x08007d52   0x08007d52   0x00000002   PAD
    0x08007d54   0x08007d54   0x00000128   Code   RO         5214    i.Icm42688Init      icm42688.o
    0x08007e7c   0x08007e7c   0x00000314   Code   RO         5216    i.IcmGetRawData     icm42688.o
    0x08008190   0x08008190   0x0000004c   Code   RO         4150    i.Key_Array_Init    key_filter.o
    0x080081dc   0x080081dc   0x000004f8   Code   RO         5118    i.LRspeed_delimit   curveprogramme.o
    0x080086d4   0x080086d4   0x000000ec   Code   RO         4864    i.MPU_ZERO_CHECK_HANDLE  status_check.o
    0x080087c0   0x080087c0   0x0000013c   Code   RO         3442    i.MX_ADC1_Init      adc.o
    0x080088fc   0x080088fc   0x00000194   Code   RO         3443    i.MX_ADC3_Init      adc.o
    0x08008a90   0x08008a90   0x0000007c   Code   RO         3566    i.MX_CAN1_Init      can.o
    0x08008b0c   0x08008b0c   0x00000048   Code   RO         3507    i.MX_DMA_Init       dma.o
    0x08008b54   0x08008b54   0x00000204   Code   RO         3534    i.MX_GPIO_Init      gpio.o
    0x08008d58   0x08008d58   0x00000128   Code   RO         3678    i.MX_TIM1_Init      tim.o
    0x08008e80   0x08008e80   0x000000a0   Code   RO         3679    i.MX_TIM2_Init      tim.o
    0x08008f20   0x08008f20   0x00000094   Code   RO         3680    i.MX_TIM3_Init      tim.o
    0x08008fb4   0x08008fb4   0x00000094   Code   RO         3681    i.MX_TIM4_Init      tim.o
    0x08009048   0x08009048   0x00000050   Code   RO         3682    i.MX_TIM6_Init      tim.o
    0x08009098   0x08009098   0x00000050   Code   RO         3683    i.MX_TIM7_Init      tim.o
    0x080090e8   0x080090e8   0x00000128   Code   RO         3684    i.MX_TIM8_Init      tim.o
    0x08009210   0x08009210   0x00000088   Code   RO         3685    i.MX_TIM9_Init      tim.o
    0x08009298   0x08009298   0x00000078   Code   RO         3798    i.MX_USART1_UART_Init  usart.o
    0x08009310   0x08009310   0x00000028   Code   RO         3799    i.MX_USART3_START   usart.o
    0x08009338   0x08009338   0x00000058   Code   RO         3800    i.MX_USART3_UART_Init  usart.o
    0x08009390   0x08009390   0x00000004   Code   RO          212    i.MemManage_Handler  stm32f4xx_it.o
    0x08009394   0x08009394   0x00000004   Code   RO          213    i.NMI_Handler       stm32f4xx_it.o
    0x08009398   0x08009398   0x0000001c   Code   RO         4392    i.PDU_to_combine_read  protocol_api.o
    0x080093b4   0x080093b4   0x0000004e   Code   RO         4393    i.PDU_to_combine_write  protocol_api.o
    0x08009402   0x08009402   0x00000012   Code   RO         4394    i.PDU_to_msg_data   protocol_api.o
    0x08009414   0x08009414   0x000000c6   Code   RO         4174    i.PID_run_FloatspdVolt  pid.o
    0x080094da   0x080094da   0x00000002   PAD
    0x080094dc   0x080094dc   0x00000024   Code   RO         5436    i.PLL_init          pll.o
    0x08009500   0x08009500   0x00000168   Code   RO         5517    i.PMSM_APP_LOOP     pmsm_control.o
    0x08009668   0x08009668   0x0000021c   Code   RO         5518    i.PMSM_Control_Mode_handle  pmsm_control.o
    0x08009884   0x08009884   0x000000f8   Code   RO         5630    i.PMSM_PWM_RUN      pmsm_driver.o
    0x0800997c   0x0800997c   0x000000a8   Code   RO         5631    i.PMSM_Start_Filter  pmsm_driver.o
    0x08009a24   0x08009a24   0x000001dc   Code   RO         5519    i.PMSM_Status_Loop  pmsm_control.o
    0x08009c00   0x08009c00   0x0000006c   Code   RO         5632    i.PMSM_para_clear   pmsm_driver.o
    0x08009c6c   0x08009c6c   0x0000023c   Code   RO         5633    i.PMSM_para_init    pmsm_driver.o
    0x08009ea8   0x08009ea8   0x0000002a   Code   RO         5333    i.Park              foc.o
    0x08009ed2   0x08009ed2   0x00000002   Code   RO          214    i.PendSV_Handler    stm32f4xx_it.o
    0x08009ed4   0x08009ed4   0x000001f0   Code   RO         5437    i.PllGetSpeed       pll.o
    0x0800a0c4   0x0800a0c4   0x000000bc   Code   RO         5809    i.RESET_BRUSH_PARA  brush_control.o
    0x0800a180   0x0800a180   0x0000003a   Code   RO         5334    i.Rev_Park          foc.o
    0x0800a1ba   0x0800a1ba   0x00000002   Code   RO          215    i.SVC_Handler       stm32f4xx_it.o
    0x0800a1bc   0x0800a1bc   0x0000000c   Code   RO         4000    i.Set_I2C_Retry     bsp_i2c.o
    0x0800a1c8   0x0800a1c8   0x0000002c   Code   RO         5335    i.SinCosF           foc.o
    0x0800a1f4   0x0800a1f4   0x00000008   Code   RO         4002    i.Soft_I2C_Configuration  bsp_i2c.o
    0x0800a1fc   0x0800a1fc   0x0000009c   Code   RO         4004    i.Soft_I2C_Read     bsp_i2c.o
    0x0800a298   0x0800a298   0x00000074   Code   RO         4005    i.Soft_I2C_ReceiveByte  bsp_i2c.o
    0x0800a30c   0x0800a30c   0x00000118   Code   RO         4007    i.Soft_I2C_Reset    bsp_i2c.o
    0x0800a424   0x0800a424   0x00000068   Code   RO         4008    i.Soft_I2C_START    bsp_i2c.o
    0x0800a48c   0x0800a48c   0x00000038   Code   RO         4009    i.Soft_I2C_STOP     bsp_i2c.o
    0x0800a4c4   0x0800a4c4   0x00000048   Code   RO         4010    i.Soft_I2C_SendACK  bsp_i2c.o
    0x0800a50c   0x0800a50c   0x0000008c   Code   RO         4011    i.Soft_I2C_SendByte  bsp_i2c.o
    0x0800a598   0x0800a598   0x00000038   Code   RO         4012    i.Soft_I2C_SendNACK  bsp_i2c.o
    0x0800a5d0   0x0800a5d0   0x00000070   Code   RO         4013    i.Soft_I2C_Wait_Ack  bsp_i2c.o
    0x0800a640   0x0800a640   0x000000a4   Code   RO         4014    i.Soft_I2C_Write    bsp_i2c.o
    0x0800a6e4   0x0800a6e4   0x00000158   Code   RO         5525    i.Speed_handle      pmsm_control.o
    0x0800a83c   0x0800a83c   0x00000330   Code   RO         4865    i.Status_Check_Loop  status_check.o
    0x0800ab6c   0x0800ab6c   0x00000050   Code   RO         3567    i.StdCanSetID       can.o
    0x0800abbc   0x0800abbc   0x00000054   Code   RO          216    i.SysTick_Handler   stm32f4xx_it.o
    0x0800ac10   0x0800ac10   0x000000e0   Code   RO           14    i.SystemClock_Config  main.o
    0x0800acf0   0x0800acf0   0x00000014   Code   RO         3403    i.SystemInit        system_stm32f4xx.o
    0x0800ad04   0x0800ad04   0x00000010   Code   RO          217    i.TIM1_UP_TIM10_IRQHandler  stm32f4xx_it.o
    0x0800ad14   0x0800ad14   0x00000010   Code   RO          218    i.TIM3_IRQHandler   stm32f4xx_it.o
    0x0800ad24   0x0800ad24   0x00000010   Code   RO          219    i.TIM4_IRQHandler   stm32f4xx_it.o
    0x0800ad34   0x0800ad34   0x00000010   Code   RO          220    i.TIM6_DAC_IRQHandler  stm32f4xx_it.o
    0x0800ad44   0x0800ad44   0x00000010   Code   RO          221    i.TIM7_IRQHandler   stm32f4xx_it.o
    0x0800ad54   0x0800ad54   0x000000d8   Code   RO         2146    i.TIM_Base_SetConfig  stm32f4xx_hal_tim.o
    0x0800ae2c   0x0800ae2c   0x00000022   Code   RO         2147    i.TIM_CCxChannelCmd  stm32f4xx_hal_tim.o
    0x0800ae4e   0x0800ae4e   0x00000022   Code   RO         2807    i.TIM_CCxNChannelCmd  stm32f4xx_hal_tim_ex.o
    0x0800ae70   0x0800ae70   0x00000070   Code   RO         2159    i.TIM_OC1_SetConfig  stm32f4xx_hal_tim.o
    0x0800aee0   0x0800aee0   0x0000007c   Code   RO         2160    i.TIM_OC2_SetConfig  stm32f4xx_hal_tim.o
    0x0800af5c   0x0800af5c   0x00000078   Code   RO         2161    i.TIM_OC3_SetConfig  stm32f4xx_hal_tim.o
    0x0800afd4   0x0800afd4   0x00000054   Code   RO         2162    i.TIM_OC4_SetConfig  stm32f4xx_hal_tim.o
    0x0800b028   0x0800b028   0x0000048c   Code   RO         5393    i.Theta_Read        hall_encoder.o
    0x0800b4b4   0x0800b4b4   0x00000050   Code   RO         3078    i.UART_DMAError     stm32f4xx_hal_uart.o
    0x0800b504   0x0800b504   0x000000b0   Code   RO         3079    i.UART_DMAReceiveCplt  stm32f4xx_hal_uart.o
    0x0800b5b4   0x0800b5b4   0x00000020   Code   RO         3081    i.UART_DMARxHalfCplt  stm32f4xx_hal_uart.o
    0x0800b5d4   0x0800b5d4   0x0000006c   Code   RO         3087    i.UART_EndRxTransfer  stm32f4xx_hal_uart.o
    0x0800b640   0x0800b640   0x00000026   Code   RO         3089    i.UART_EndTxTransfer  stm32f4xx_hal_uart.o
    0x0800b666   0x0800b666   0x00000002   PAD
    0x0800b668   0x0800b668   0x0000022c   Code   RO         3091    i.UART_SetConfig    stm32f4xx_hal_uart.o
    0x0800b894   0x0800b894   0x000000d0   Code   RO         3092    i.UART_Start_Receive_DMA  stm32f4xx_hal_uart.o
    0x0800b964   0x0800b964   0x00000092   Code   RO         3095    i.UART_WaitOnFlagUntilTimeout  stm32f4xx_hal_uart.o
    0x0800b9f6   0x0800b9f6   0x00000004   Code   RO          222    i.UsageFault_Handler  stm32f4xx_it.o
    0x0800b9fa   0x0800b9fa   0x00000030   Code   RO         6388    i.__ARM_fpclassify  m_wm.l(fpclassify.o)
    0x0800ba2a   0x0800ba2a   0x00000026   Code   RO         6326    i.__ARM_fpclassifyf  m_wm.l(fpclassifyf.o)
    0x0800ba50   0x0800ba50   0x00000010   Code   RO         1437    i.__NVIC_GetPriorityGrouping  stm32f4xx_hal_cortex.o
    0x0800ba60   0x0800ba60   0x00000028   Code   RO         1438    i.__NVIC_SetPriority  stm32f4xx_hal_cortex.o
    0x0800ba88   0x0800ba88   0x000002d8   Code   RO         6298    i.__hardfp_atan     m_wm.l(atan.o)
    0x0800bd60   0x0800bd60   0x000001f0   Code   RO         6177    i.__hardfp_atan2    m_wm.l(atan2.o)
    0x0800bf50   0x0800bf50   0x00000250   Code   RO         6189    i.__hardfp_atan2f   m_wm.l(atan2f.o)
    0x0800c1a0   0x0800c1a0   0x00000014   Code   RO         6213    i.__hardfp_fabs     m_wm.l(fabs.o)
    0x0800c1b4   0x0800c1b4   0x0000007a   Code   RO         6243    i.__hardfp_sqrt     m_wm.l(sqrt_full.o)
    0x0800c22e   0x0800c22e   0x000000f8   Code   RO         6390    i.__kernel_poly     m_wm.l(poly.o)
    0x0800c326   0x0800c326   0x00000014   Code   RO         6313    i.__mathlib_dbl_infnan  m_wm.l(dunder.o)
    0x0800c33a   0x0800c33a   0x00000014   Code   RO         6314    i.__mathlib_dbl_infnan2  m_wm.l(dunder.o)
    0x0800c34e   0x0800c34e   0x00000002   PAD
    0x0800c350   0x0800c350   0x00000020   Code   RO         6318    i.__mathlib_dbl_underflow  m_wm.l(dunder.o)
    0x0800c370   0x0800c370   0x00000006   Code   RO         6330    i.__mathlib_flt_infnan2  m_wm.l(funder.o)
    0x0800c376   0x0800c376   0x00000002   PAD
    0x0800c378   0x0800c378   0x00000010   Code   RO         6334    i.__mathlib_flt_underflow  m_wm.l(funder.o)
    0x0800c388   0x0800c388   0x0000021c   Code   RO         5526    i.adc0_callback_handle  pmsm_control.o
    0x0800c5a4   0x0800c5a4   0x00000034   Code   RO         3444    i.adc0_current_handle  adc.o
    0x0800c5d8   0x0800c5d8   0x00000224   Code   RO         5527    i.adc2_callback_handle  pmsm_control.o
    0x0800c7fc   0x0800c7fc   0x00000044   Code   RO         3445    i.adc2_current_handle  adc.o
    0x0800c840   0x0800c840   0x000000f0   Code   RO         4665    i.adc_ReadAvgRaw    adc_callback.o
    0x0800c930   0x0800c930   0x00000074   Code   RO         4666    i.adc_ReadAvgRaw_0  adc_callback.o
    0x0800c9a4   0x0800c9a4   0x00000074   Code   RO         4667    i.adc_ReadAvgRaw_2  adc_callback.o
    0x0800ca18   0x0800ca18   0x000003c0   Code   RO         4395    i.add_subscribe_combine_node  protocol_api.o
    0x0800cdd8   0x0800cdd8   0x00000014   Code   RO         4575    i.api_init          xsto_api_ii.o
    0x0800cdec   0x0800cdec   0x000000a4   Code   RO         4577    i.api_message_send  xsto_api_ii.o
    0x0800ce90   0x0800ce90   0x0000001c   Code   RO         4579    i.api_port_received  xsto_api_ii.o
    0x0800ceac   0x0800ceac   0x00000010   Code   RO         5001    i.api_port_send     weak_handle.o
    0x0800cebc   0x0800cebc   0x00000170   Code   RO         5528    i.app_angel_handle  pmsm_control.o
    0x0800d02c   0x0800d02c   0x00000010   Code   RO         6300    i.atan              m_wm.l(atan.o)
    0x0800d03c   0x0800d03c   0x00000168   Code   RO         5811    i.brush_Cmd_handle  brush_control.o
    0x0800d1a4   0x0800d1a4   0x0000005c   Code   RO         5217    i.bsp_Icm42688GetAres  icm42688.o
    0x0800d200   0x0800d200   0x000000a0   Code   RO         5218    i.bsp_Icm42688GetGres  icm42688.o
    0x0800d2a0   0x0800d2a0   0x00000028   Code   RO         5002    i.can_receive       weak_handle.o
    0x0800d2c8   0x0800d2c8   0x00000024   Code   RO         3568    i.can_serial_available  can.o
    0x0800d2ec   0x0800d2ec   0x0000003c   Code   RO         3569    i.can_serial_read   can.o
    0x0800d328   0x0800d328   0x0000001c   Code   RO         3571    i.can_serial_write  can.o
    0x0800d344   0x0800d344   0x00000110   Code   RO         3572    i.can_transmit      can.o
    0x0800d454   0x0800d454   0x0000002c   Code   RO         3573    i.can_tx_available  can.o
    0x0800d480   0x0800d480   0x0000002c   Code   RO         3574    i.can_tx_buf        can.o
    0x0800d4ac   0x0800d4ac   0x00000028   Code   RO         4175    i.clear_pid         pid.o
    0x0800d4d4   0x0800d4d4   0x00000038   Code   RO         4128    i.crc_ccitt         crc.o
    0x0800d50c   0x0800d50c   0x00000068   Code   RO         5119    i.curve_config      curveprogramme.o
    0x0800d574   0x0800d574   0x000000c0   Code   RO         4399    i.del_subscribe_combine_node  protocol_api.o
    0x0800d634   0x0800d634   0x00000018   Code   RO           15    i.delay_1ms         main.o
    0x0800d64c   0x0800d64c   0x000005ec   Code   RO         5056    i.draw_scurve       scurve.o
    0x0800dc38   0x0800dc38   0x00000018   Code   RO         6215    i.fabs              m_wm.l(fabs.o)
    0x0800dc50   0x0800dc50   0x00000024   Code   RO         3954    i.fmc_erase_pages   bsp_flash.o
    0x0800dc74   0x0800dc74   0x00000048   Code   RO         3955    i.fmc_program       bsp_flash.o
    0x0800dcbc   0x0800dcbc   0x00000014   Code   RO         3956    i.fmc_read_data     bsp_flash.o
    0x0800dcd0   0x0800dcd0   0x00000060   Code   RO         5529    i.foc_speed_ctrl    pmsm_control.o
    0x0800dd30   0x0800dd30   0x000000a0   Code   RO         4400    i.get_subscribe_combine_node  protocol_api.o
    0x0800ddd0   0x0800ddd0   0x000002d4   Code   RO         5057    i.get_time_for_scurve  scurve.o
    0x0800e0a4   0x0800e0a4   0x000001e8   Code   RO         5530    i.handle_foc        pmsm_control.o
    0x0800e28c   0x0800e28c   0x0000005a   Code   RO         4151    i.hold_filter       key_filter.o
    0x0800e2e6   0x0800e2e6   0x0000001a   Code   RO         5221    i.icm42688_read_reg  icm42688.o
    0x0800e300   0x0800e300   0x00000016   Code   RO         5222    i.icm42688_read_regs  icm42688.o
    0x0800e316   0x0800e316   0x00000012   Code   RO         5223    i.icm42688_write_reg  icm42688.o
    0x0800e328   0x0800e328   0x00000074   Code   RO         3889    i.led_get_hw        led_driver.o
    0x0800e39c   0x0800e39c   0x00000032   Code   RO         4737    i.led_get_interval  led.o
    0x0800e3ce   0x0800e3ce   0x00000002   PAD
    0x0800e3d0   0x0800e3d0   0x00000098   Code   RO         3890    i.led_hw_init       led_driver.o
    0x0800e468   0x0800e468   0x0000006c   Code   RO         4738    i.led_init          led.o
    0x0800e4d4   0x0800e4d4   0x000000dc   Code   RO         4739    i.led_interval      led.o
    0x0800e5b0   0x0800e5b0   0x0000002c   Code   RO         4740    i.led_loop          led.o
    0x0800e5dc   0x0800e5dc   0x0000003a   Code   RO         3891    i.led_off           led_driver.o
    0x0800e616   0x0800e616   0x0000003a   Code   RO         3892    i.led_on            led_driver.o
    0x0800e650   0x0800e650   0x00000030   Code   RO         4741    i.led_set           led.o
    0x0800e680   0x0800e680   0x00000024   Code   RO         4401    i.list_add_tail     protocol_api.o
    0x0800e6a4   0x0800e6a4   0x0000001e   Code   RO         4402    i.list_del          protocol_api.o
    0x0800e6c2   0x0800e6c2   0x00000024   Code   RO           16    i.main              main.o
    0x0800e6e6   0x0800e6e6   0x00000002   PAD
    0x0800e6e8   0x0800e6e8   0x00000088   Code   RO         4934    i.main_config       task.o
    0x0800e770   0x0800e770   0x000002b8   Code   RO         5003    i.map_init          weak_handle.o
    0x0800ea28   0x0800ea28   0x0000000e   Code   RO         4344    i.message_init      protocol.o
    0x0800ea36   0x0800ea36   0x00000002   PAD
    0x0800ea38   0x0800ea38   0x00000030   Code   RO         5170    i.modbus_recve      ultrasonic.o
    0x0800ea68   0x0800ea68   0x00000120   Code   RO         4584    i.module_parse_frame  xsto_api_ii.o
    0x0800eb88   0x0800eb88   0x000000b8   Code   RO         4586    i.module_response   xsto_api_ii.o
    0x0800ec40   0x0800ec40   0x00000022   Code   RO         4403    i.msg_data_to_PDU   protocol_api.o
    0x0800ec62   0x0800ec62   0x0000008a   Code   RO         4668    i.myln              adc_callback.o
    0x0800ecec   0x0800ecec   0x000001a0   Code   RO         4867    i.online_loop       status_check.o
    0x0800ee8c   0x0800ee8c   0x00000016   Code   RO         4176    i.pid_init          pid.o
    0x0800eea2   0x0800eea2   0x00000002   PAD
    0x0800eea4   0x0800eea4   0x00000078   Code   RO         4526    i.plug_holes        rt_malloc.o
    0x0800ef1c   0x0800ef1c   0x00000044   Code   RO         5634    i.pmsm_break_io     pmsm_driver.o
    0x0800ef60   0x0800ef60   0x00000078   Code   RO         5635    i.pmsm_start        pmsm_driver.o
    0x0800efd8   0x0800efd8   0x0000005c   Code   RO         5636    i.pmsm_stop         pmsm_driver.o
    0x0800f034   0x0800f034   0x00000050   Code   RO         5004    i.protocol_init     weak_handle.o
    0x0800f084   0x0800f084   0x00000056   Code   RO         4345    i.protocol_received  protocol.o
    0x0800f0da   0x0800f0da   0x00000002   PAD
    0x0800f0dc   0x0800f0dc   0x0000026c   Code   RO         4405    i.protocol_respond  protocol_api.o
    0x0800f348   0x0800f348   0x0000016c   Code   RO         4406    i.protocol_subscribe_loop  protocol_api.o
    0x0800f4b4   0x0800f4b4   0x00000034   Code   RO         4202    i.queue_empty_full  utils_queue.o
    0x0800f4e8   0x0800f4e8   0x0000002a   Code   RO         4203    i.queue_init        utils_queue.o
    0x0800f512   0x0800f512   0x00000034   Code   RO         4204    i.queue_pop         utils_queue.o
    0x0800f546   0x0800f546   0x00000002   PAD
    0x0800f548   0x0800f548   0x00000058   Code   RO         4498    i.register_map      protocol_register_management.o
    0x0800f5a0   0x0800f5a0   0x00000034   Code   RO         4499    i.register_read     protocol_register_management.o
    0x0800f5d4   0x0800f5d4   0x00000034   Code   RO         4500    i.register_write    protocol_register_management.o
    0x0800f608   0x0800f608   0x00000064   Code   RO         4528    i.rt_free           rt_malloc.o
    0x0800f66c   0x0800f66c   0x00000144   Code   RO         4529    i.rt_malloc         rt_malloc.o
    0x0800f7b0   0x0800f7b0   0x00000014   Code   RO         4312    i.rt_mem_init       alloc.o
    0x0800f7c4   0x0800f7c4   0x00000110   Code   RO         4531    i.rt_realloc        rt_malloc.o
    0x0800f8d4   0x0800f8d4   0x00000094   Code   RO         4532    i.rt_system_heap_init  rt_malloc.o
    0x0800f968   0x0800f968   0x000004e4   Code   RO         5120    i.running_programme  curveprogramme.o
    0x0800fe4c   0x0800fe4c   0x00000038   Code   RO         5058    i.scurve_config     scurve.o
    0x0800fe84   0x0800fe84   0x00000024   Code   RO         4346    i.send_message_data  protocol.o
    0x0800fea8   0x0800fea8   0x00000018   Code   RO         3801    i.serial0_send      usart.o
    0x0800fec0   0x0800fec0   0x00000018   Code   RO         3802    i.serial3_send      usart.o
    0x0800fed8   0x0800fed8   0x000000b4   Code   RO         3803    i.serial3_update    usart.o
    0x0800ff8c   0x0800ff8c   0x00000110   Code   RO         4779    i.serial_loop       serial_debug.o
    0x0801009c   0x0801009c   0x0000001c   Code   RO         3804    i.serial_receive    usart.o
    0x080100b8   0x080100b8   0x0000001c   Code   RO         3805    i.serial_rx_queue_empty  usart.o
    0x080100d4   0x080100d4   0x00000144   Code   RO         5059    i.sync_curve_handle  scurve.o
    0x08010218   0x08010218   0x00000044   Code   RO           17    i.sys_timer_get_micros  main.o
    0x0801025c   0x0801025c   0x00000018   Code   RO           18    i.system_driver_delay_us  main.o
    0x08010274   0x08010274   0x00000050   Code   RO         4935    i.task_100ms        task.o
    0x080102c4   0x080102c4   0x00000048   Code   RO         4936    i.task_10ms         task.o
    0x0801030c   0x0801030c   0x00000028   Code   RO         4937    i.task_1ms          task.o
    0x08010334   0x08010334   0x0000001c   Code   RO         4938    i.task_2ms          task.o
    0x08010350   0x08010350   0x0000001c   Code   RO         4939    i.task_5ms          task.o
    0x0801036c   0x0801036c   0x000000e0   Code   RO         5812    i.test_BRUSH        brush_control.o
    0x0801044c   0x0801044c   0x0000004c   Code   RO         4780    i.uart_WaveformData  serial_debug.o
    0x08010498   0x08010498   0x00000120   Code   RO         5171    i.ultrasonic_parse  ultrasonic.o
    0x080105b8   0x080105b8   0x00000018   Code   RO         6273    x$fpl$basic         g_wm.l(basic.o)
    0x080105d0   0x080105d0   0x000002c4   Code   RO         6147    x$fpl$d2f           g_wm.l(d2f_clz.o)
    0x08010894   0x08010894   0x0000024c   Code   RO         6149    x$fpl$dadd          g_wm.l(daddsub_clz.o)
    0x08010ae0   0x08010ae0   0x00000018   Code   RO         6275    x$fpl$dcmpinf       g_wm.l(dcmpi.o)
    0x08010af8   0x08010af8   0x0000037c   Code   RO         6156    x$fpl$ddiv          g_wm.l(ddiv_clz.o)
    0x08010e74   0x08010e74   0x0000002e   Code   RO         6164    x$fpl$dflt          g_wm.l(dflt_clz.o)
    0x08010ea2   0x08010ea2   0x0000001a   Code   RO         6165    x$fpl$dfltn         g_wm.l(dflt_clz.o)
    0x08010ebc   0x08010ebc   0x00000026   Code   RO         6163    x$fpl$dfltu         g_wm.l(dflt_clz.o)
    0x08010ee2   0x08010ee2   0x00000002   PAD
    0x08010ee4   0x08010ee4   0x00000078   Code   RO         6169    x$fpl$dleqf         g_wm.l(dleqf.o)
    0x08010f5c   0x08010f5c   0x000001c0   Code   RO         6171    x$fpl$dmul          g_wm.l(dmul_clz.o)
    0x0801111c   0x0801111c   0x00000102   Code   RO         6277    x$fpl$dnaninf       g_wm.l(dnaninf.o)
    0x0801121e   0x0801121e   0x00000070   Code   RO         6279    x$fpl$drenorm       g_wm.l(drenorm_clz.o)
    0x0801128e   0x0801128e   0x0000000c   Code   RO         6281    x$fpl$dretinf       g_wm.l(dretinf.o)
    0x0801129a   0x0801129a   0x00000062   Code   RO         6173    x$fpl$drleqf        g_wm.l(drleqf.o)
    0x080112fc   0x080112fc   0x00000050   Code   RO         6150    x$fpl$drsb          g_wm.l(daddsub_clz.o)
    0x0801134c   0x0801134c   0x00000208   Code   RO         6283    x$fpl$dsqrt         g_wm.l(dsqrt_umaalclz.o)
    0x08011554   0x08011554   0x0000029c   Code   RO         6151    x$fpl$dsub          g_wm.l(daddsub_clz.o)
    0x080117f0   0x080117f0   0x0000017a   Code   RO         6285    x$fpl$dunder        g_wm.l(dunder_clz.o)
    0x0801196a   0x0801196a   0x00000002   PAD
    0x0801196c   0x0801196c   0x000001ec   Code   RO         6287    x$fpl$exception     g_wm.l(except.o)
    0x08011b58   0x08011b58   0x0000007a   Code   RO         6175    x$fpl$f2d           g_wm.l(f2d.o)
    0x08011bd2   0x08011bd2   0x000000f2   Code   RO         6289    x$fpl$fnaninf       g_wm.l(fnaninf.o)
    0x08011cc4   0x08011cc4   0x0000000a   Code   RO         6609    x$fpl$fpinit        g_wm.l(fpinit.o)
    0x08011cce   0x08011cce   0x0000000a   Code   RO         6291    x$fpl$fretinf       g_wm.l(fretinf.o)
    0x08011cd8   0x08011cd8   0x0000013c   Code   RO         6293    x$fpl$funder        g_wm.l(funder_clz.o)
    0x08011e14   0x08011e14   0x000000b2   Code   RO         6386    x$fpl$retnan        g_wm.l(retnan.o)
    0x08011ec6   0x08011ec6   0x0000007e   Code   RO         6295    x$fpl$trapveneer    g_wm.l(trapv.o)
    0x08011f44   0x08011f44   0x00000000   Code   RO         6297    x$fpl$usenofp       g_wm.l(usenofp.o)
    0x08011f44   0x08011f44   0x00000008   Data   RO         1154    .constdata          stm32f4xx_hal_dma.o
    0x08011f4c   0x08011f4c   0x00000018   Data   RO         3404    .constdata          system_stm32f4xx.o
    0x08011f64   0x08011f64   0x00000804   Data   RO         6076    .constdata          arm_cortexM4lf_math.lib(arm_common_tables.o)
    0x08012768   0x08012768   0x00000098   Data   RO         6301    .constdata          m_wm.l(atan.o)
    0x08012800   0x08012800   0x00000008   Data   RO         6342    .constdata          m_wm.l(qnan.o)
    0x08012808   0x08012808   0x00000020   Data   RO         6688    Region$$Table       anon$$obj.o


    Execution Region RW_IRAM1 (Exec base: 0x20000000, Load base: 0x08012828, Size: 0x00003058, Max: 0x0001c000, ABSOLUTE, COMPRESSED[0x00000298])

    Exec Addr    Load Addr    Size         Type   Attr      Idx    E Section Name        Object

    0x20000000   COMPRESSED   0x00000008   Data   RW           19    .data               main.o
    0x20000008   COMPRESSED   0x00000008   Data   RW          224    .data               stm32f4xx_it.o
    0x20000010   COMPRESSED   0x00000009   Data   RW         1586    .data               stm32f4xx_hal.o
    0x20000019   COMPRESSED   0x00000003   PAD
    0x2000001c   COMPRESSED   0x00000004   Data   RW         3405    .data               system_stm32f4xx.o
    0x20000020   COMPRESSED   0x00000008   Data   RW         3447    .data               adc.o
    0x20000028   COMPRESSED   0x0000001c   Data   RW         3576    .data               can.o
    0x20000044   COMPRESSED   0x00000022   Data   RW         3807    .data               usart.o
    0x20000066   COMPRESSED   0x00000002   PAD
    0x20000068   COMPRESSED   0x00000008   Data   RW         3894    .data               led_driver.o
    0x20000070   COMPRESSED   0x00000016   Data   RW         4015    .data               bsp_i2c.o
    0x20000086   COMPRESSED   0x00000200   Data   RW         4129    .data               crc.o
    0x20000286   COMPRESSED   0x00000002   PAD
    0x20000288   COMPRESSED   0x00000010   Data   RW         4408    .data               protocol_api.o
    0x20000298   COMPRESSED   0x00000001   Data   RW         4502    .data               protocol_register_management.o
    0x20000299   COMPRESSED   0x00000003   PAD
    0x2000029c   COMPRESSED   0x00000018   Data   RW         4533    .data               rt_malloc.o
    0x200002b4   COMPRESSED   0x00000012   Data   RW         4589    .data               xsto_api_ii.o
    0x200002c6   COMPRESSED   0x00000002   PAD
    0x200002c8   COMPRESSED   0x00000008   Data   RW         4670    .data               adc_callback.o
    0x200002d0   COMPRESSED   0x00000043   Data   RW         4782    .data               serial_debug.o
    0x20000313   COMPRESSED   0x00000001   PAD
    0x20000314   COMPRESSED   0x0000002a   Data   RW         4868    .data               status_check.o
    0x2000033e   COMPRESSED   0x00000009   Data   RW         4940    .data               task.o
    0x20000347   COMPRESSED   0x00000001   PAD
    0x20000348   COMPRESSED   0x00000010   Data   RW         5007    .data               weak_handle.o
    0x20000358   COMPRESSED   0x00000020   Data   RW         5061    .data               scurve.o
    0x20000378   COMPRESSED   0x0000006a   Data   RW         5123    .data               curveprogramme.o
    0x200003e2   COMPRESSED   0x00000002   PAD
    0x200003e4   COMPRESSED   0x0000002c   Data   RW         5225    .data               icm42688.o
    0x20000410   COMPRESSED   0x0000000c   Data   RW         5439    .data               pll.o
    0x2000041c   COMPRESSED   0x00000002   Data   RW         5467    .data               pmsm_calib.o
    0x2000041e   COMPRESSED   0x00000002   PAD
    0x20000420   COMPRESSED   0x00000035   Data   RW         5533    .data               pmsm_control.o
    0x20000455   COMPRESSED   0x00000003   PAD
    0x20000458   COMPRESSED   0x00000014   Data   RW         5813    .data               brush_control.o
    0x2000046c        -       0x00000014   Zero   RW          223    .bss                stm32f4xx_it.o
    0x20000480        -       0x00000020   Zero   RW          808    .bss                stm32f4xx_hal_flash.o
    0x200004a0        -       0x000001d4   Zero   RW         3446    .bss                adc.o
    0x20000674        -       0x000001c0   Zero   RW         3575    .bss                can.o
    0x20000834        -       0x00000288   Zero   RW         3686    .bss                tim.o
    0x20000abc        -       0x000005b8   Zero   RW         3806    .bss                usart.o
    0x20001074        -       0x00000050   Zero   RW         4152    .bss                key_filter.o
    0x200010c4        -       0x00000400   Zero   RW         4313    .bss                alloc.o
    0x200014c4        -       0x00000084   Zero   RW         4407    .bss                protocol_api.o
    0x20001548        -       0x000003fc   Zero   RW         4501    .bss                protocol_register_management.o
    0x20001944        -       0x0000011c   Zero   RW         4588    .bss                xsto_api_ii.o
    0x20001a60        -       0x00000030   Zero   RW         4669    .bss                adc_callback.o
    0x20001a90        -       0x00000020   Zero   RW         4742    .bss                led.o
    0x20001ab0        -       0x00000040   Zero   RW         4781    .bss                serial_debug.o
    0x20001af0        -       0x000000ac   Zero   RW         5006    .bss                weak_handle.o
    0x20001b9c        -       0x00000078   Zero   RW         5060    .bss                scurve.o
    0x20001c14        -       0x00000050   Zero   RW         5122    .bss                curveprogramme.o
    0x20001c64        -       0x0000004a   Zero   RW         5172    .bss                ultrasonic.o
    0x20001cae   COMPRESSED   0x00000002   PAD
    0x20001cb0        -       0x0000000c   Zero   RW         5224    .bss                icm42688.o
    0x20001cbc        -       0x00000058   Zero   RW         5336    .bss                foc.o
    0x20001d14        -       0x000000e7   Zero   RW         5394    .bss                hall_encoder.o
    0x20001dfb   COMPRESSED   0x00000001   PAD
    0x20001dfc        -       0x00000040   Zero   RW         5438    .bss                pll.o
    0x20001e3c        -       0x0000018c   Zero   RW         5466    .bss                pmsm_calib.o
    0x20001fc8        -       0x0000001c   Zero   RW         5532    .bss                pmsm_control.o
    0x20001fe4        -       0x000004f0   Zero   RW         5637    .bss                pmsm_driver.o
    0x200024d4        -       0x00000010   Zero   RW         5699    .bss                brush_calib.o
    0x200024e4        -       0x00000510   Zero   RW         5743    .bss                brush_driver.o
    0x200029f4        -       0x00000060   Zero   RW         6398    .bss                c_w.l(libspace.o)
    0x20002a54   COMPRESSED   0x00000004   PAD
    0x20002a58        -       0x00000200   Zero   RW            2    HEAP                startup_stm32f407xx.o
    0x20002c58        -       0x00000400   Zero   RW            1    STACK               startup_stm32f407xx.o


    Execution Region RW_IRAM2 (Exec base: 0x2001c000, Load base: 0x08012ac0, Size: 0x00000000, Max: 0x00004000, ABSOLUTE)

    **** No section assigned to this execution region ****


==============================================================================

Image component sizes


      Code (inc. data)   RO Data    RW Data    ZI Data      Debug   Object Name

      1436        118          0          8        468       5141   adc.o
      1270        110          0          8         48       6267   adc_callback.o
        20          6          0          0       1024       2055   alloc.o
       428         28          0          0         16       1862   brush_calib.o
      7000        288          0         20          0      11985   brush_control.o
      1108        114          0          0       1296       5405   brush_driver.o
       128         12          0          0          0       2072   bsp_flash.o
      1294         76          0         22          0       9314   bsp_i2c.o
      1192        110          0         28        448       8972   can.o
        56          6          0        512          0       1336   crc.o
      2628        136          0        106         80       5358   curveprogramme.o
        72          6          0          0          0        750   dma.o
       824         26          0          0         88       4831   foc.o
       516         28          0          0          0       1215   gpio.o
      1228         60          0          0        231       3438   hall_encoder.o
      1610        134          0         44         12      16327   icm42688.o
       166          4          0          0         80       2233   key_filter.o
       470         38          0          0         32       3832   led.o
       384         18          0          8          0       2870   led_driver.o
       382         32          0          8          0     731866   main.o
       260          6          0          0          0       2630   pid.o
       532         34          0         12         64       2063   pll.o
      4368        160          0          2        396       5633   pmsm_calib.o
      4232        236          0         53         28       7687   pmsm_control.o
      1376        106          0          0       1264       6709   pmsm_driver.o
       136          0          0          0          0       4263   protocol.o
      2520         38          0         16        132      18343   protocol_api.o
       192         16          0          1       1020       2920   protocol_register_management.o
       964         92          0         24          0       4761   rt_malloc.o
      2620        104          0         32        120       5569   scurve.o
       348         40          0         67         64       6212   serial_debug.o
        64         26        392          0       1536        832   startup_stm32f407xx.o
      1468        136          0         42          0       2977   status_check.o
       172         32          0          9          0       8665   stm32f4xx_hal.o
      1816         66          0          0          0       8729   stm32f4xx_hal_adc.o
       852         30          0          0          0       2339   stm32f4xx_hal_adc_ex.o
      2352          6          0          0          0      16049   stm32f4xx_hal_can.o
       412         28          0          0          0      35639   stm32f4xx_hal_cortex.o
       648         10          8          0          0       4274   stm32f4xx_hal_dma.o
       652         64          0          0         32       5826   stm32f4xx_hal_flash.o
        92          6          0          0          0        709   stm32f4xx_hal_flash_ex.o
       888         86          0          0          0       3565   stm32f4xx_hal_gpio.o
        72          4          0          0          0        834   stm32f4xx_hal_msp.o
      1820         84          0          0          0       5508   stm32f4xx_hal_rcc.o
      2806        170          0          0          0      14266   stm32f4xx_hal_tim.o
       578         60          0          0          0       4720   stm32f4xx_hal_tim_ex.o
      1742         22          0          0          0      11098   stm32f4xx_hal_uart.o
       230         58          0          8         20      12162   stm32f4xx_it.o
        20          6         24          4          0       1091   system_stm32f4xx.o
       384         48          0          9          0       3838   task.o
      2700        196          0          0        648       9999   tim.o
       336         16          0          0         74       1980   ultrasonic.o
       976        138          0         34       1464       7824   usart.o
       146          0          0          0          0       2100   utils_queue.o
       832         84          0         16        172       3294   weak_handle.o
       684         40          0         18        284       4829   xsto_api_ii.o

    ----------------------------------------------------------------------
     62538       3598        456       1132      11144    1067066   Object Totals
         0          0         32          0          0          0   (incl. Generated)
        36          0          0         21          3          0   (incl. Padding)

    ----------------------------------------------------------------------

      Code (inc. data)   RO Data    RW Data    ZI Data      Debug   Library Member Name

         0          0       2052          0          0       4636   arm_common_tables.o
       120         12          0          0          0      17018   arm_cos_f32.o
       132         14          0          0          0        750   arm_sin_f32.o
        90          0          0          0          0          0   __dczerorl2.o
         8          0          0          0          0         68   __main.o
         0          0          0          0          0          0   __rtentry.o
        12          0          0          0          0          0   __rtentry2.o
         6          0          0          0          0          0   __rtentry4.o
        52          8          0          0          0          0   __scatter.o
        28          0          0          0          0          0   __scatter_zi.o
        48          4          0          0          0         84   _fptrap.o
        22          0          0          0          0        100   _rserrno.o
        10          0          0          0          0         68   defsig_exit.o
       172        110          0          0          0         76   defsig_fpe_inner.o
        14          0          0          0          0         80   defsig_fpe_outer.o
        50          0          0          0          0         88   defsig_general.o
        12          0          0          0          0         72   exit.o
         6          0          0          0          0        152   heapauxi.o
         0          0          0          0          0          0   indicate_semi.o
         2          0          0          0          0          0   libinit.o
         6          0          0          0          0          0   libinit2.o
         2          0          0          0          0          0   libshutdown.o
         2          0          0          0          0          0   libshutdown2.o
         8          4          0          0         96         68   libspace.o
       238          0          0          0          0        100   lludivv7m.o
        88          0          0          0          0         76   memcmp.o
         8          4          0          0          0         68   rt_errno_addr_intlibspace.o
        68          0          0          0          0         68   rt_memclr.o
        78          0          0          0          0         80   rt_memclr_w.o
       138          0          0          0          0         68   rt_memcpy_v6.o
       100          0          0          0          0         80   rt_memcpy_w.o
         2          0          0          0          0          0   rtexit.o
        10          0          0          0          0          0   rtexit2.o
        12          4          0          0          0         68   sys_exit.o
        74          0          0          0          0         80   sys_stackheap_outer.o
        14          0          0          0          0         76   sys_wrch.o
         2          0          0          0          0         68   use_no_semi.o
        24          0          0          0          0        164   basic.o
       708         16          0          0          0        140   d2f_clz.o
      1336         32          0          0          0        532   daddsub_clz.o
        24          0          0          0          0        116   dcmpi.o
       892        152          0          0          0        292   ddiv_clz.o
       110          0          0          0          0        348   dflt_clz.o
       120          8          0          0          0        140   dleqf.o
       448         16          0          0          0        164   dmul_clz.o
       258          4          0          0          0        156   dnaninf.o
       112          0          0          0          0        160   drenorm_clz.o
        12          0          0          0          0        116   dretinf.o
        98          0          0          0          0        128   drleqf.o
       520         56          0          0          0        180   dsqrt_umaalclz.o
       378          0          0          0          0        168   dunder_clz.o
       492         36          0          0          0        148   except.o
       122          8          0          0          0        132   f2d.o
       242          4          0          0          0        144   fnaninf.o
        10          0          0          0          0        116   fpinit.o
        10          0          0          0          0        116   fretinf.o
       316          0          0          0          0        132   funder_clz.o
       178          0          0          0          0        116   retnan.o
       126          0          0          0          0        148   trapv.o
         0          0          0          0          0          0   usenofp.o
       744        106        152          0          0        352   atan.o
       496         64          0          0          0        192   atan2.o
       592         90          0          0          0        184   atan2f.o
        72          8          0          0          0        372   dunder.o
        44          0          0          0          0        248   fabs.o
        48          0          0          0          0        124   fpclassify.o
        38          0          0          0          0        116   fpclassifyf.o
        22          6          0          0          0        232   funder.o
       248          0          0          0          0        152   poly.o
         0          0          8          0          0          0   qnan.o
       122          0          0          0          0        148   sqrt_full.o

    ----------------------------------------------------------------------
     10610        766       2212          0        100      30068   Library Totals
        14          0          0          0          4          0   (incl. Padding)

    ----------------------------------------------------------------------

      Code (inc. data)   RO Data    RW Data    ZI Data      Debug   Library Name

       252         26       2052          0          0      22404   arm_cortexM4lf_math.lib
      1382        134          0          0         96       1688   c_w.l
      6536        332          0          0          0       3856   g_wm.l
      2426        274        160          0          0       2120   m_wm.l

    ----------------------------------------------------------------------
     10610        766       2212          0        100      30068   Library Totals

    ----------------------------------------------------------------------

==============================================================================


      Code (inc. data)   RO Data    RW Data    ZI Data      Debug   

     73148       4364       2668       1132      11244    1059450   Grand Totals
     73148       4364       2668        664      11244    1059450   ELF Image Totals (compressed)
     73148       4364       2668        664          0          0   ROM Totals

==============================================================================

    Total RO  Size (Code + RO Data)                75816 (  74.04kB)
    Total RW  Size (RW Data + ZI Data)             12376 (  12.09kB)
    Total ROM Size (Code + RO Data + RW Data)      76480 (  74.69kB)

==============================================================================

