Component: ARM Compiler 5.05 update 1 (build 106) Tool: armlink [4d0efa]

==============================================================================

Section Cross References

    startup_stm32f407xx.o(STACK) refers (Special) to heapauxi.o(.text) for __use_two_region_memory
    startup_stm32f407xx.o(HEAP) refers (Special) to heapauxi.o(.text) for __use_two_region_memory
    startup_stm32f407xx.o(RESET) refers (Special) to heapauxi.o(.text) for __use_two_region_memory
    startup_stm32f407xx.o(RESET) refers to startup_stm32f407xx.o(STACK) for __initial_sp
    startup_stm32f407xx.o(RESET) refers to startup_stm32f407xx.o(.text) for Reset_Handler
    startup_stm32f407xx.o(RESET) refers to stm32f4xx_it.o(i.NMI_Handler) for NMI_Handler
    startup_stm32f407xx.o(RESET) refers to stm32f4xx_it.o(i.HardFault_Handler) for HardFault_Handler
    startup_stm32f407xx.o(RESET) refers to stm32f4xx_it.o(i.MemManage_Handler) for MemManage_Handler
    startup_stm32f407xx.o(RESET) refers to stm32f4xx_it.o(i.BusFault_Handler) for BusFault_Handler
    startup_stm32f407xx.o(RESET) refers to stm32f4xx_it.o(i.UsageFault_Handler) for UsageFault_Handler
    startup_stm32f407xx.o(RESET) refers to stm32f4xx_it.o(i.SVC_Handler) for SVC_Handler
    startup_stm32f407xx.o(RESET) refers to stm32f4xx_it.o(i.DebugMon_Handler) for DebugMon_Handler
    startup_stm32f407xx.o(RESET) refers to stm32f4xx_it.o(i.PendSV_Handler) for PendSV_Handler
    startup_stm32f407xx.o(RESET) refers to stm32f4xx_it.o(i.SysTick_Handler) for SysTick_Handler
    startup_stm32f407xx.o(RESET) refers to stm32f4xx_it.o(i.ADC_IRQHandler) for ADC_IRQHandler
    startup_stm32f407xx.o(RESET) refers to stm32f4xx_it.o(i.CAN1_RX1_IRQHandler) for CAN1_RX1_IRQHandler
    startup_stm32f407xx.o(RESET) refers to stm32f4xx_it.o(i.TIM1_UP_TIM10_IRQHandler) for TIM1_UP_TIM10_IRQHandler
    startup_stm32f407xx.o(RESET) refers to stm32f4xx_it.o(i.TIM3_IRQHandler) for TIM3_IRQHandler
    startup_stm32f407xx.o(RESET) refers to stm32f4xx_it.o(i.TIM4_IRQHandler) for TIM4_IRQHandler
    startup_stm32f407xx.o(RESET) refers to stm32f4xx_it.o(i.TIM6_DAC_IRQHandler) for TIM6_DAC_IRQHandler
    startup_stm32f407xx.o(RESET) refers to stm32f4xx_it.o(i.TIM7_IRQHandler) for TIM7_IRQHandler
    startup_stm32f407xx.o(.text) refers (Special) to heapauxi.o(.text) for __use_two_region_memory
    startup_stm32f407xx.o(.text) refers to system_stm32f4xx.o(i.SystemInit) for SystemInit
    startup_stm32f407xx.o(.text) refers to __main.o(!!!main) for __main
    startup_stm32f407xx.o(.text) refers to startup_stm32f407xx.o(HEAP) for Heap_Mem
    startup_stm32f407xx.o(.text) refers to startup_stm32f407xx.o(STACK) for Stack_Mem
    main.o(i.SystemClock_Config) refers to rt_memclr_w.o(.text) for __aeabi_memclr4
    main.o(i.SystemClock_Config) refers to stm32f4xx_hal_rcc.o(i.HAL_RCC_OscConfig) for HAL_RCC_OscConfig
    main.o(i.SystemClock_Config) refers to main.o(i.Error_Handler) for Error_Handler
    main.o(i.SystemClock_Config) refers to stm32f4xx_hal_rcc.o(i.HAL_RCC_ClockConfig) for HAL_RCC_ClockConfig
    main.o(i.main) refers to stm32f4xx_hal.o(i.HAL_Init) for HAL_Init
    main.o(i.main) refers to main.o(i.SystemClock_Config) for SystemClock_Config
    main.o(i.main) refers to task.o(i.main_config) for main_config
    main.o(i.main) refers to task.o(i.task_1ms) for task_1ms
    main.o(i.main) refers to task.o(i.task_2ms) for task_2ms
    main.o(i.main) refers to task.o(i.task_5ms) for task_5ms
    main.o(i.main) refers to task.o(i.task_10ms) for task_10ms
    main.o(i.main) refers to task.o(i.task_100ms) for task_100ms
    stm32f4xx_it.o(i.ADC_IRQHandler) refers to stm32f4xx_hal_adc.o(i.HAL_ADC_IRQHandler) for HAL_ADC_IRQHandler
    stm32f4xx_it.o(i.ADC_IRQHandler) refers to adc.o(.bss) for hadc1
    stm32f4xx_it.o(i.CAN1_RX1_IRQHandler) refers to stm32f4xx_hal_can.o(i.HAL_CAN_IRQHandler) for HAL_CAN_IRQHandler
    stm32f4xx_it.o(i.CAN1_RX1_IRQHandler) refers to can.o(.bss) for hcan1
    stm32f4xx_it.o(i.SysTick_Handler) refers to stm32f4xx_hal.o(i.HAL_IncTick) for HAL_IncTick
    stm32f4xx_it.o(i.SysTick_Handler) refers to stm32f4xx_it.o(.data) for test_counts
    stm32f4xx_it.o(i.SysTick_Handler) refers to stm32f4xx_it.o(.bss) for task_time
    stm32f4xx_it.o(i.TIM1_UP_TIM10_IRQHandler) refers to stm32f4xx_hal_tim.o(i.HAL_TIM_IRQHandler) for HAL_TIM_IRQHandler
    stm32f4xx_it.o(i.TIM1_UP_TIM10_IRQHandler) refers to tim.o(.bss) for htim1
    stm32f4xx_it.o(i.TIM3_IRQHandler) refers to stm32f4xx_hal_tim.o(i.HAL_TIM_IRQHandler) for HAL_TIM_IRQHandler
    stm32f4xx_it.o(i.TIM3_IRQHandler) refers to tim.o(.bss) for htim3
    stm32f4xx_it.o(i.TIM4_IRQHandler) refers to stm32f4xx_hal_tim.o(i.HAL_TIM_IRQHandler) for HAL_TIM_IRQHandler
    stm32f4xx_it.o(i.TIM4_IRQHandler) refers to tim.o(.bss) for htim4
    stm32f4xx_it.o(i.TIM6_DAC_IRQHandler) refers to stm32f4xx_hal_tim.o(i.HAL_TIM_IRQHandler) for HAL_TIM_IRQHandler
    stm32f4xx_it.o(i.TIM6_DAC_IRQHandler) refers to tim.o(.bss) for htim6
[...]
    protocol_subscribe_loop                  0x0800f169   Thumb Code   356  protocol_api.o(i.protocol_subscribe_loop)
    queue_empty_full                         0x0800f2d5   Thumb Code    52  utils_queue.o(i.queue_empty_full)
    queue_init                               0x0800f309   Thumb Code    42  utils_queue.o(i.queue_init)
    queue_pop                                0x0800f333   Thumb Code    52  utils_queue.o(i.queue_pop)
    register_map                             0x0800f369   Thumb Code    80  protocol_register_management.o(i.register_map)
    register_read                            0x0800f3c1   Thumb Code    48  protocol_register_management.o(i.register_read)
    register_write                           0x0800f3f5   Thumb Code    48  protocol_register_management.o(i.register_write)
    rt_free                                  0x0800f429   Thumb Code    82  rt_malloc.o(i.rt_free)
    rt_malloc                                0x0800f48d   Thumb Code   300  rt_malloc.o(i.rt_malloc)
    rt_mem_init                              0x0800f5d1   Thumb Code    14  alloc.o(i.rt_mem_init)
    rt_realloc                               0x0800f5e5   Thumb Code   252  rt_malloc.o(i.rt_realloc)
    rt_system_heap_init                      0x0800f6f5   Thumb Code   130  rt_malloc.o(i.rt_system_heap_init)
    running_programme                        0x0800f789   Thumb Code   878  curveprogramme.o(i.running_programme)
    scurve_config                            0x0800fb19   Thumb Code    56  scurve.o(i.scurve_config)
    send_message_data                        0x0800fb59   Thumb Code    36  protocol.o(i.send_message_data)
    serial0_send                             0x0800fb7d   Thumb Code    20  usart.o(i.serial0_send)
    serial3_send                             0x0800fb95   Thumb Code    16  usart.o(i.serial3_send)
    serial3_update                           0x0800fbad   Thumb Code   168  usart.o(i.serial3_update)
    serial_loop                              0x0800fc61   Thumb Code   250  serial_debug.o(i.serial_loop)
    serial_receive                           0x0800fd71   Thumb Code    24  usart.o(i.serial_receive)
    serial_rx_queue_empty                    0x0800fd8d   Thumb Code    24  usart.o(i.serial_rx_queue_empty)
    speed_forward_handle                     0x0800fda9   Thumb Code   328  pmsm_control.o(i.speed_forward_handle)
    sync_curve_handle                        0x0800ff15   Thumb Code   194  scurve.o(i.sync_curve_handle)
    task_100ms                               0x0800ffe5   Thumb Code    86  task.o(i.task_100ms)
    task_10ms                                0x08010045   Thumb Code    50  task.o(i.task_10ms)
    task_1ms                                 0x0801007d   Thumb Code    40  task.o(i.task_1ms)
    task_2ms                                 0x080100a9   Thumb Code    22  task.o(i.task_2ms)
    task_5ms                                 0x080100c5   Thumb Code    22  task.o(i.task_5ms)
    test_BRUSH                               0x080100e1   Thumb Code   192  brush_control.o(i.test_BRUSH)
    uart_WaveformData                        0x080101b1   Thumb Code    68  serial_debug.o(i.uart_WaveformData)
    __aeabi_dneg                             0x0801031d   Thumb Code     0  basic.o(x$fpl$basic)
    _dneg                                    0x0801031d   Thumb Code     6  basic.o(x$fpl$basic)
    __aeabi_fneg                             0x08010323   Thumb Code     0  basic.o(x$fpl$basic)
    _fneg                                    0x08010323   Thumb Code     6  basic.o(x$fpl$basic)
    _dabs                                    0x08010329   Thumb Code     6  basic.o(x$fpl$basic)
    _fabs                                    0x0801032f   Thumb Code     6  basic.o(x$fpl$basic)
    __aeabi_d2f                              0x08010335   Thumb Code     0  d2f_clz.o(x$fpl$d2f)
    _d2f                                     0x08010335   Thumb Code   700  d2f_clz.o(x$fpl$d2f)
    __aeabi_dadd                             0x080105f9   Thumb Code     0  daddsub_clz.o(x$fpl$dadd)
    _dadd                                    0x080105f9   Thumb Code   580  daddsub_clz.o(x$fpl$dadd)
    __fpl_dcmp_Inf                           0x08010845   Thumb Code    24  dcmpi.o(x$fpl$dcmpinf)
    __aeabi_ddiv                             0x0801085d   Thumb Code     0  ddiv_clz.o(x$fpl$ddiv)
    _ddiv                                    0x0801085d   Thumb Code   748  ddiv_clz.o(x$fpl$ddiv)
    __aeabi_i2d                              0x08010bd9   Thumb Code     0  dflt_clz.o(x$fpl$dflt)
    _dflt                                    0x08010bd9   Thumb Code    46  dflt_clz.o(x$fpl$dflt)
    __dflt_normalise                         0x08010c07   Thumb Code    26  dflt_clz.o(x$fpl$dfltn)
    __aeabi_ui2d                             0x08010c21   Thumb Code     0  dflt_clz.o(x$fpl$dfltu)
    _dfltu                                   0x08010c21   Thumb Code    38  dflt_clz.o(x$fpl$dfltu)
    __aeabi_cdcmple                          0x08010c49   Thumb Code     0  dleqf.o(x$fpl$dleqf)
    _dcmple                                  0x08010c49   Thumb Code   120  dleqf.o(x$fpl$dleqf)
    __fpl_dcmple_InfNaN                      0x08010ca1   Thumb Code     0  dleqf.o(x$fpl$dleqf)
    __aeabi_dmul                             0x08010cc1   Thumb Code     0  dmul_clz.o(x$fpl$dmul)
    _dmul                                    0x08010cc1   Thumb Code   440  dmul_clz.o(x$fpl$dmul)
    __fpl_dnaninf                            0x08010e81   Thumb Code   258  dnaninf.o(x$fpl$dnaninf)
    __fpl_drenorm2                           0x08010f83   Thumb Code   106  drenorm_clz.o(x$fpl$drenorm)
    __fpl_drenorm1                           0x08010fed   Thumb Code     6  drenorm_clz.o(x$fpl$drenorm)
    __fpl_dretinf                            0x08010ff3   Thumb Code    12  dretinf.o(x$fpl$dretinf)
    __aeabi_cdrcmple                         0x08010fff   Thumb Code     0  drleqf.o(x$fpl$drleqf)
    _drcmple                                 0x08010fff   Thumb Code    98  drleqf.o(x$fpl$drleqf)
    __aeabi_drsub                            0x08011061   Thumb Code     0  daddsub_clz.o(x$fpl$drsb)
    _drsb                                    0x08011061   Thumb Code    74  daddsub_clz.o(x$fpl$drsb)
    _dsqrt                                   0x080110b1   Thumb Code   520  dsqrt_umaalclz.o(x$fpl$dsqrt)
    __aeabi_dsub                             0x080112b9   Thumb Code     0  daddsub_clz.o(x$fpl$dsub)
    _dsub                                    0x080112b9   Thumb Code   664  daddsub_clz.o(x$fpl$dsub)
    __dunder                                 0x08011555   Thumb Code   314  dunder_clz.o(x$fpl$dunder)
    __dunder_d                               0x0801168f   Thumb Code    64  dunder_clz.o(x$fpl$dunder)
    __fpl_exception                          0x080116d1   Thumb Code   454  except.o(x$fpl$exception)
    __aeabi_f2d                              0x080118bd   Thumb Code     0  f2d.o(x$fpl$f2d)
    _f2d                                     0x080118bd   Thumb Code   122  f2d.o(x$fpl$f2d)
    __fpl_fnaninf                            0x08011937   Thumb Code   242  fnaninf.o(x$fpl$fnaninf)
    _fp_init                                 0x08011a29   Thumb Code    10  fpinit.o(x$fpl$fpinit)
    __fplib_config_fpu_vfp                   0x08011a31   Thumb Code     0  fpinit.o(x$fpl$fpinit)
    __fplib_config_pureend_doubles           0x08011a31   Thumb Code     0  fpinit.o(x$fpl$fpinit)
    __fpl_fretinf                            0x08011a33   Thumb Code    10  fretinf.o(x$fpl$fretinf)
    __funder                                 0x08011a3d   Thumb Code   254  funder_clz.o(x$fpl$funder)
    __funder_d                               0x08011b3b   Thumb Code    62  funder_clz.o(x$fpl$funder)
    __fpl_return_NaN                         0x08011b79   Thumb Code   178  retnan.o(x$fpl$retnan)
    _fp_trapveneer                           0x08011c2b   Thumb Code    36  trapv.o(x$fpl$trapveneer)
    __fpl_cmpreturn                          0x08011c4f   Thumb Code    90  trapv.o(x$fpl$trapveneer)
    __I$use$fp                               0x08011ca8   Number         0  usenofp.o(x$fpl$usenofp)
    AHBPrescTable                            0x08011cb0   Data          16  system_stm32f4xx.o(.constdata)
    APBPrescTable                            0x08011cc0   Data           8  system_stm32f4xx.o(.constdata)
    sinTable_f32                             0x08011cc8   Data        2052  arm_common_tables.o(.constdata)
    __mathlib_zero                           0x08012568   Data           8  qnan.o(.constdata)
    Region$$Table$$Base                      0x08012590   Number         0  anon$$obj.o(Region$$Table)
    Region$$Table$$Limit                     0x080125b0   Number         0  anon$$obj.o(Region$$Table)
    system_times                             0x20000000   Data           4  stm32f4xx_it.o(.data)
    system_timers                            0x20000004   Data           4  stm32f4xx_it.o(.data)
    test_counts                              0x20000008   Data           4  stm32f4xx_it.o(.data)
    uwTick                                   0x2000000c   Data           4  stm32f4xx_hal.o(.data)
    uwTickPrio                               0x20000010   Data           4  stm32f4xx_hal.o(.data)
    uwTickFreq                               0x20000014   Data           1  stm32f4xx_hal.o(.data)
    SystemCoreClock                          0x20000018   Data           4  system_stm32f4xx.o(.data)
    adc0_handle                              0x2000001c   Data           4  adc.o(.data)
    adc2_handle                              0x20000020   Data           4  adc.o(.data)
    tx_len1                                  0x20000024   Data           2  can.o(.data)
    TxMsg                                    0x20000026   Data           8  can.o(.data)
    mpu_angle                                0x20000030   Data           8  can.o(.data)
    mpu_filter                               0x20000038   Data           8  can.o(.data)
    app_ultrasonic                           0x20000040   Data           8  usart.o(.data)
    serial_dma_count                         0x20000050   Data           8  usart.o(.data)
    Tx3_Control                              0x20000058   Data           5  usart.o(.data)
    DYPA05                                   0x2000005d   Data           5  usart.o(.data)
    Gyro_X                                   0x2000006c   Data           4  qmi8658c.o(.data)
    Gyro_Y                                   0x20000070   Data           4  qmi8658c.o(.data)
    Accel_X                                  0x20000074   Data           4  qmi8658c.o(.data)
    Accel_Y                                  0x20000078   Data           4  qmi8658c.o(.data)
    Roll                                     0x2000007c   Data           2  qmi8658c.o(.data)
    Pitch                                    0x2000007e   Data           2  qmi8658c.o(.data)
    Accel                                    0x20000080   Data           6  qmi8658c.o(.data)
    ACCEL_LPF_CUTOFF_FREQ                    0x200002a4   Data           4  filter.o(.data)
    fcnode_head                              0x200002a8   Data           8  protocol_api.o(.data)
    write_Data_flag                          0x200002b0   Data           1  protocol_api.o(.data)
    reg_init                                 0x200002b8   Data           1  protocol_register_management.o(.data)
    offset_a                                 0x200002e8   Data           4  adc_callback.o(.data)
    offset_u                                 0x200002ec   Data           4  adc_callback.o(.data)
    get_decode_data                          0x200002f0   Data          66  serial_debug.o(.data)
    values                                   0x20000332   Data           1  serial_debug.o(.data)
    BZ_MS                                    0x20000334   Data           4  status_check.o(.data)
    imu_mpu                                  0x20000338   Data           4  status_check.o(.data)
    ZERO_MS                                  0x2000033c   Data           4  status_check.o(.data)
    top_value                                0x20000340   Data           1  status_check.o(.data)
    bottom_value                             0x20000341   Data           1  status_check.o(.data)
    origin_value                             0x20000342   Data           1  status_check.o(.data)
    flage_firast                             0x20000343   Data           1  status_check.o(.data)
    online_count                             0x20000344   Data           2  status_check.o(.data)
    buffer_test                              0x20000347   Data           8  task.o(.data)
    send_flage                               0x20000350   Data           1  weak_handle.o(.data)
    message_online_flage                     0x20000351   Data           1  weak_handle.o(.data)
    runstate                                 0x2000035c   Data           1  curveprogramme.o(.data)
    SpeedMax                                 0x2000035e   Data          12  curveprogramme.o(.data)
    wheel_gear                               0x2000036c   Data          24  curveprogramme.o(.data)
    return_gear                              0x20000384   Data          24  curveprogramme.o(.data)
    quicky_gear                              0x2000039c   Data          24  curveprogramme.o(.data)
    test_key                                 0x200003b4   Data           4  curveprogramme.o(.data)
    test_speed                               0x200003b8   Data           4  curveprogramme.o(.data)
    bxx                                      0x200003bc   Data           4  curveprogramme.o(.data)
    kxx                                      0x200003c0   Data           4  curveprogramme.o(.data)
    RetryDraw                                0x200003c4   Data           1  scurve.o(.data)
    acc_gear                                 0x200003c8   Data          24  scurve.o(.data)
    acc_normal                               0x200003e0   Data          24  scurve.o(.data)
    sub_normal                               0x200003f8   Data          24  scurve.o(.data)
    synccount                                0x20000410   Data           1  scurve.o(.data)
    sync_flag                                0x20000411   Data           1  scurve.o(.data)
    fast_flag                                0x20000412   Data           1  scurve.o(.data)
    test_scurve                              0x20000414   Data           4  scurve.o(.data)
    temp_t                                   0x2000041c   Data           4  pll.o(.data)
    PMSM_Write_FlAGE                         0x20000428   Data           2  pmsm_calib.o(.data)
    acc_count                                0x2000042c   Data           4  pmsm_control.o(.data)
    RUN_COUNT                                0x20000430   Data           2  pmsm_control.o(.data)
    current_datio                            0x20000434   Data           4  pmsm_control.o(.data)
    count_test                               0x20000438   Data           4  pmsm_control.o(.data)
    ids                                      0x2000043c   Data           4  pmsm_control.o(.data)
    count_flage                              0x20000440   Data           2  pmsm_control.o(.data)
    adc_current0                             0x20000442   Data           6  pmsm_control.o(.data)
    adc_current2                             0x2000044a   Data           6  pmsm_control.o(.data)
    walking_speed                            0x20000452   Data          10  pmsm_control.o(.data)
    M_RAT                                    0x2000045c   Data           4  pmsm_control.o(.data)
    PMSMCurrentFaultNumber                   0x20000460   Data           4  pmsm_control.o(.data)
    angle_speed                              0x20000464   Data           4  pmsm_control.o(.data)
    count_stop                               0x20000468   Data           2  pmsm_control.o(.data)
    test_count                               0x2000046a   Data           2  pmsm_control.o(.data)
    flage_test                               0x2000046c   Data           1  pmsm_control.o(.data)
    flage_brush                              0x20000470   Data           1  brush_control.o(.data)
    test_count_B                             0x20000472   Data           2  brush_control.o(.data)
    flage_test_B                             0x20000474   Data           1  brush_control.o(.data)
    CurrentFaultNumber                       0x20000476   Data           6  brush_control.o(.data)
    ms_counts                                0x20000480   Data           4  brush_control.o(.data)
    task_time                                0x20000484   Data          20  stm32f4xx_it.o(.bss)
    pFlash                                   0x20000498   Data          32  stm32f4xx_hal_flash.o(.bss)
    TMP_CURRENT                              0x200004b8   Data          12  adc.o(.bss)
    adcDMAvalue_adc0                         0x200004c4   Data          40  adc.o(.bss)
    adcDMAvalue_adc2                         0x200004ec   Data          60  adc.o(.bss)
    hadc1                                    0x20000528   Data          72  adc.o(.bss)
    hadc3                                    0x20000570   Data          72  adc.o(.bss)
    hdma_adc1                                0x200005b8   Data          96  adc.o(.bss)
    hdma_adc3                                0x20000618   Data          96  adc.o(.bss)
    Car_buff                                 0x20000678   Data         128  can.o(.bss)
    CANRx_Buffer                             0x200006f8   Data          12  can.o(.bss)
    CAN_Rx_buffer                            0x20000704   Data         128  can.o(.bss)
    CANTx_Buffer                             0x20000784   Data          12  can.o(.bss)
    CAN_Tx_buffer                            0x20000790   Data         128  can.o(.bss)
    hcan1                                    0x20000810   Data          40  can.o(.bss)
    BrushSpeed                               0x20000838   Data          72  tim.o(.bss)
    htim1                                    0x20000880   Data          72  tim.o(.bss)
    htim2                                    0x200008c8   Data          72  tim.o(.bss)
    htim3                                    0x20000910   Data          72  tim.o(.bss)
    htim4                                    0x20000958   Data          72  tim.o(.bss)
    htim6                                    0x200009a0   Data          72  tim.o(.bss)
    htim7                                    0x200009e8   Data          72  tim.o(.bss)
    htim8                                    0x20000a30   Data          72  tim.o(.bss)
    htim9                                    0x20000a78   Data          72  tim.o(.bss)
    temp_usart                               0x20000ac0   Data         128  usart.o(.bss)
    usart0_buffer_tx                         0x20000b40   Data         128  usart.o(.bss)
    usart0_buffer_rx                         0x20000bc0   Data         128  usart.o(.bss)
    usart2_buffer_tx                         0x20000c40   Data         128  usart.o(.bss)
    usart2_buffer_rx                         0x20000cc0   Data         128  usart.o(.bss)
    usart3_buffer_tx                         0x20000d40   Data         128  usart.o(.bss)
    usart3_buffer_rx                         0x20000dc0   Data         128  usart.o(.bss)
    serial_usart                             0x20000e40   Data         144  usart.o(.bss)
    huart1                                   0x20000ed0   Data          68  usart.o(.bss)
    huart3                                   0x20000f14   Data          68  usart.o(.bss)
    hdma_usart1_rx                           0x20000f58   Data          96  usart.o(.bss)
    hdma_usart3_rx                           0x20000fb8   Data          96  usart.o(.bss)
    hdma_usart3_tx                           0x20001018   Data          96  usart.o(.bss)
    tQmi                                     0x20001078   Data          12  qmi8658c.o(.bss)
    Spacing                                  0x20001084   Data          80  key_filter.o(.bss)
    accFilterLPF                             0x200010d4   Data         160  filter.o(.bss)
    Ce                                       0x20001174   Data          40  filter.o(.bss)
    Butter_80HZ_Parameter_Acce               0x2000119c   Data          24  filter.o(.bss)
    Butter_60HZ_Parameter_Acce               0x200011b4   Data          24  filter.o(.bss)
    Butter_51HZ_Parameter_Acce               0x200011cc   Data          24  filter.o(.bss)
    Butter_30HZ_Parameter_Acce               0x200011e4   Data          24  filter.o(.bss)
    Butter_20HZ_Parameter_Acce               0x200011fc   Data          24  filter.o(.bss)
    Butter_15HZ_Parameter_Acce               0x20001214   Data          24  filter.o(.bss)
    Butter_10HZ_Parameter_Acce               0x2000122c   Data          24  filter.o(.bss)
    Butter_5HZ_Parameter_Acce                0x20001244   Data          24  filter.o(.bss)
    Butter_2HZ_Parameter_Acce                0x2000125c   Data          24  filter.o(.bss)
    Butter_Buffer                            0x20001274   Data          72  filter.o(.bss)
    Butter_Buffer_Feedback                   0x200012bc   Data          72  filter.o(.bss)
    Butter_Buffer_SINS                       0x20001304   Data          72  filter.o(.bss)
    Butter_10HZ_buffer                       0x2000134c   Data          24  filter.o(.bss)
    Butter_5HZ_buffer                        0x20001364   Data          24  filter.o(.bss)
    Butter_2HZ_buffer                        0x2000137c   Data          24  filter.o(.bss)
    Register                                 0x20001818   Data        1020  protocol_register_management.o(.bss)
    ADC_Data                                 0x20001d30   Data          48  adc_callback.o(.bss)
    DebugData                                0x20001d80   Data          64  serial_debug.o(.bss)
    API_Config                               0x20001dc0   Data          28  weak_handle.o(.bss)
    API_Message                              0x20001ddc   Data          16  weak_handle.o(.bss)
    msg_buff                                 0x20001dec   Data         128  weak_handle.o(.bss)
    RunningCurve                             0x20001e6c   Data         100  curveprogramme.o(.bss)
    scurve                                   0x20001ed0   Data         112  scurve.o(.bss)
    ultrasonic                               0x20001f40   Data          74  ultrasonic.o(.bss)
    FOC_Motor                                0x20001f8c   Data          88  foc.o(.bss)
    hall_test                                0x20001fe4   Data          76  hall_encoder.o(.bss)
    hall_encoder                             0x20002030   Data         152  hall_encoder.o(.bss)
    PllSpeed                                 0x200020c8   Data          64  pll.o(.bss)
    PMSM_data                                0x20002108   Data          36  pmsm_calib.o(.bss)
    PMSM_Calib                               0x2000212c   Data         360  pmsm_calib.o(.bss)
    testx                                    0x20002294   Data         420  pmsm_driver.o(.bss)
    PMSM                                     0x20002438   Data         840  pmsm_driver.o(.bss)
    APP_PMSM                                 0x20002780   Data         116  pmsm_driver.o(.bss)
    Brush_data                               0x200027f4   Data          16  brush_calib.o(.bss)
    Brush2                                   0x20002804   Data         632  brush_driver.o(.bss)
    Brush                                    0x20002a7c   Data         632  brush_driver.o(.bss)
    __libspace_start                         0x20002cf4   Data          96  libspace.o(.bss)
    __temporary_stack_top$libspace           0x20002d54   Data           0  libspace.o(.bss)



==============================================================================

Memory Map of the image

  Image Entry point : 0x08000189

  Load Region LR_IROM1 (Base: 0x08000000, Size: 0x00012a34, Max: 0x00080000, ABSOLUTE, COMPRESSED[0x00012868])

    Execution Region ER_IROM1 (Exec base: 0x08000000, Load base: 0x08000000, Size: 0x000125b0, Max: 0x00080000, ABSOLUTE)

    Exec Addr    Load Addr    Size         Type   Attr      Idx    E Section Name        Object

    0x08000000   0x08000000   0x00000188   Data   RO            3    RESET               startup_stm32f407xx.o
    0x08000188   0x08000188   0x00000008   Code   RO         6065  * !!!main             c_w.l(__main.o)
    0x08000190   0x08000190   0x00000034   Code   RO         6652    !!!scatter          c_w.l(__scatter.o)
    0x080001c4   0x080001c4   0x0000005a   Code   RO         6650    !!dczerorl2         c_w.l(__dczerorl2.o)
    0x0800021e   0x0800021e   0x00000002   PAD
    0x08000220   0x08000220   0x0000001c   Code   RO         6654    !!handler_zi        c_w.l(__scatter_zi.o)
    0x0800023c   0x0800023c   0x00000002   Code   RO         6450    .ARM.Collect$$libinit$$00000000  c_w.l(libinit.o)
    0x0800023e   0x0800023e   0x00000004   Code   RO         6451    .ARM.Collect$$libinit$$00000001  c_w.l(libinit2.o)
    0x08000242   0x08000242   0x00000000   Code   RO         6454    .ARM.Collect$$libinit$$00000004  c_w.l(libinit2.o)
    0x08000242   0x08000242   0x00000000   Code   RO         6457    .ARM.Collect$$libinit$$0000000A  c_w.l(libinit2.o)
    0x08000242   0x08000242   0x00000000   Code   RO         6459    .ARM.Collect$$libinit$$0000000C  c_w.l(libinit2.o)
    0x08000242   0x08000242   0x00000000   Code   RO         6461    .ARM.Collect$$libinit$$0000000E  c_w.l(libinit2.o)
    0x08000242   0x08000242   0x00000000   Code   RO         6464    .ARM.Collect$$libinit$$00000011  c_w.l(libinit2.o)
    0x08000242   0x08000242   0x00000000   Code   RO         6466    .ARM.Collect$$libinit$$00000013  c_w.l(libinit2.o)
    0x08000242   0x08000242   0x00000000   Code   RO         6468    .ARM.Collect$$libinit$$00000015  c_w.l(libinit2.o)
    0x08000242   0x08000242   0x00000000   Code   RO         6470    .ARM.Collect$$libinit$$00000017  c_w.l(libinit2.o)
    0x08000242   0x08000242   0x00000000   Code   RO         6472    .ARM.Collect$$libinit$$00000019  c_w.l(libinit2.o)
    0x08000242   0x08000242   0x00000000   Code   RO         6474    .ARM.Collect$$libinit$$0000001B  c_w.l(libinit2.o)
    0x08000242   0x08000242   0x00000000   Code   RO         6476    .ARM.Collect$$libinit$$0000001D  c_w.l(libinit2.o)
    0x08000242   0x08000242   0x00000000   Code   RO         6478    .ARM.Collect$$libinit$$0000001F  c_w.l(libinit2.o)
    0x08000242   0x08000242   0x00000000   Code   RO         6480    .ARM.Collect$$libinit$$00000021  c_w.l(libinit2.o)
    0x08000242   0x08000242   0x00000000   Code   RO         6482    .ARM.Collect$$libinit$$00000023  c_w.l(libinit2.o)
    0x08000242   0x08000242   0x00000000   Code   RO         6484    .ARM.Collect$$libinit$$00000025  c_w.l(libinit2.o)
    0x08000242   0x08000242   0x00000000   Code   RO         6488    .ARM.Collect$$libinit$$0000002C  c_w.l(libinit2.o)
    0x08000242   0x08000242   0x00000000   Code   RO         6490    .ARM.Collect$$libinit$$0000002E  c_w.l(libinit2.o)
    0x08000242   0x08000242   0x00000000   Code   RO         6492    .ARM.Collect$$libinit$$00000030  c_w.l(libinit2.o)
    0x08000242   0x08000242   0x00000000   Code   RO         6494    .ARM.Collect$$libinit$$00000032  c_w.l(libinit2.o)
    0x08000242   0x08000242   0x00000002   Code   RO         6495    .ARM.Collect$$libinit$$00000033  c_w.l(libinit2.o)
    0x08000244   0x08000244   0x00000002   Code   RO         6631    .ARM.Collect$$libshutdown$$00000000  c_w.l(libshutdown.o)
    0x08000246   0x08000246   0x00000000   Code   RO         6498    .ARM.Collect$$libshutdown$$00000003  c_w.l(libshutdown2.o)
    0x08000246   0x08000246   0x00000000   Code   RO         6501    .ARM.Collect$$libshutdown$$00000006  c_w.l(libshutdown2.o)
    0x08000246   0x08000246   0x00000000   Code   RO         6504    .ARM.Collect$$libshutdown$$00000009  c_w.l(libshutdown2.o)
    0x08000246   0x08000246   0x00000000   Code   RO         6506    .ARM.Collect$$libshutdown$$0000000B  c_w.l(libshutdown2.o)
    0x08000246   0x08000246   0x00000000   Code   RO         6509    .ARM.Collect$$libshutdown$$0000000E  c_w.l(libshutdown2.o)
    0x08000246   0x08000246   0x00000002   Code   RO         6510    .ARM.Collect$$libshutdown$$0000000F  c_w.l(libshutdown2.o)
    0x08000248   0x08000248   0x00000000   Code   RO         6207    .ARM.Collect$$rtentry$$00000000  c_w.l(__rtentry.o)
    0x08000248   0x08000248   0x00000000   Code   RO         6309    .ARM.Collect$$rtentry$$00000002  c_w.l(__rtentry2.o)
    0x08000248   0x08000248   0x00000006   Code   RO         6321    .ARM.Collect$$rtentry$$00000004  c_w.l(__rtentry4.o)
    0x0800024e   0x0800024e   0x00000000   Code   RO         6311    .ARM.Collect$$rtentry$$00000009  c_w.l(__rtentry2.o)
    0x0800024e   0x0800024e   0x00000004   Code   RO         6312    .ARM.Collect$$rtentry$$0000000A  c_w.l(__rtentry2.o)
    0x08000252   0x08000252   0x00000000   Code   RO         6314    .ARM.Collect$$rtentry$$0000000C  c_w.l(__rtentry2.o)
    0x08000252   0x08000252   0x00000008   Code   RO         6315    .ARM.Collect$$rtentry$$0000000D  c_w.l(__rtentry2.o)
    0x0800025a   0x0800025a   0x00000002   Code   RO         6516    .ARM.Collect$$rtexit$$00000000  c_w.l(rtexit.o)
    0x0800025c   0x0800025c   0x00000000   Code   RO         6574    .ARM.Collect$$rtexit$$00000002  c_w.l(rtexit2.o)
    0x0800025c   0x0800025c   0x00000004   Code   RO         6575    .ARM.Collect$$rtexit$$00000003  c_w.l(rtexit2.o)
    0x08000260   0x08000260   0x00000006   Code   RO         6576    .ARM.Collect$$rtexit$$00000004  c_w.l(rtexit2.o)
    0x08000266   0x08000266   0x00000002   PAD
    0x08000268   0x08000268   0x00000040   Code   RO            4    .text               startup_stm32f407xx.o
    0x080002a8   0x080002a8   0x00000078   Code   RO         5862    .text               arm_cortexM4lf_math.lib(arm_cos_f32.o)
    0x08000320   0x08000320   0x00000084   Code   RO         5918    .text               arm_cortexM4lf_math.lib(arm_sin_f32.o)
    0x080003a4   0x080003a4   0x000000ee   Code   RO         6023    .text               c_w.l(lludivv7m.o)
    0x08000492   0x08000492   0x00000058   Code   RO         6055    .text               c_w.l(memcmp.o)
    0x080004ea   0x080004ea   0x0000008a   Code   RO         6057    .text               c_w.l(rt_memcpy_v6.o)
    0x08000574   0x08000574   0x00000044   Code   RO         6059    .text               c_w.l(rt_memclr.o)
    0x080005b8   0x080005b8   0x0000004e   Code   RO         6061    .text               c_w.l(rt_memclr_w.o)
    0x08000606   0x08000606   0x00000006   Code   RO         6063    .text               c_w.l(heapauxi.o)
    0x0800060c   0x0800060c   0x00000016   Code   RO         6212    .text               c_w.l(_rserrno.o)
    0x08000622   0x08000622   0x00000064   Code   RO         6225    .text               c_w.l(rt_memcpy_w.o)
    0x08000686   0x08000686   0x00000002   PAD
    0x08000688   0x08000688   0x00000008   Code   RO         6328    .text               c_w.l(rt_errno_addr_intlibspace.o)
    0x08000690   0x08000690   0x00000030   Code   RO         6330    .text               c_w.l(_fptrap.o)
    0x080006c0   0x080006c0   0x00000008   Code   RO         6357    .text               c_w.l(libspace.o)
    0x080006c8   0x080006c8   0x0000004a   Code   RO         6362    .text               c_w.l(sys_stackheap_outer.o)
    0x08000712   0x08000712   0x0000000c   Code   RO         6435    .text               c_w.l(exit.o)
    0x0800071e   0x0800071e   0x0000000e   Code   RO         6437    .text               c_w.l(defsig_fpe_outer.o)
    0x0800072c   0x0800072c   0x00000002   Code   RO         6513    .text               c_w.l(use_no_semi.o)
    0x0800072e   0x0800072e   0x00000000   Code   RO         6515    .text               c_w.l(indicate_semi.o)
    0x0800072e   0x0800072e   0x0000000a   Code   RO         6557    .text               c_w.l(defsig_exit.o)
    0x08000738   0x08000738   0x000000ac   Code   RO         6559    .text               c_w.l(defsig_fpe_inner.o)
    0x080007e4   0x080007e4   0x0000000c   Code   RO         6571    .text               c_w.l(sys_exit.o)
    0x080007f0   0x080007f0   0x00000032   Code   RO         6602    .text               c_w.l(defsig_general.o)
    0x08000822   0x08000822   0x0000000e   Code   RO         6617    .text               c_w.l(sys_wrch.o)
    0x08000830   0x08000830   0x000000e4   Code   RO         5667    i.ADC_CURRENT_HANDLE  brush_control.o
    0x08000914   0x08000914   0x0000007e   Code   RO          335    i.ADC_DMAConvCplt   stm32f4xx_hal_adc.o
    0x08000992   0x08000992   0x0000001a   Code   RO          336    i.ADC_DMAError      stm32f4xx_hal_adc.o
    0x080009ac   0x080009ac   0x0000000e   Code   RO          337    i.ADC_DMAHalfConvCplt  stm32f4xx_hal_adc.o
    0x080009ba   0x080009ba   0x00000002   PAD
    0x080009bc   0x080009bc   0x00000018   Code   RO          186    i.ADC_IRQHandler    stm32f4xx_it.o
    0x080009d4   0x080009d4   0x00000160   Code   RO          338    i.ADC_Init          stm32f4xx_hal_adc.o
    0x08000b34   0x08000b34   0x000000ec   Code   RO         5668    i.BRUSH_SPEED_ANGLE_A  brush_control.o
    0x08000c20   0x08000c20   0x000000f0   Code   RO         5669    i.BRUSH_SPEED_ANGLE_U  brush_control.o
    0x08000d10   0x08000d10   0x00000064   Code   RO         4655    i.Brush_ADC_OffsetSample  adc_callback.o
    0x08000d74   0x08000d74   0x00000208   Code   RO         5671    i.Brush_Angle_Handle  brush_control.o
    0x08000f7c   0x08000f7c   0x000000bc   Code   RO         5808    i.Brush_Control_Mode  brush_driver.o
    0x08001038   0x08001038   0x00000124   Code   RO         5672    i.Brush_Current_Handle  brush_control.o
    0x0800115c   0x0800115c   0x00000060   Code   RO         5625    i.Brush_Data_Check  brush_calib.o
    0x080011bc   0x080011bc   0x00000120   Code   RO         5673    i.Brush_Flod_Handle  brush_control.o
    0x080012dc   0x080012dc   0x000000e8   Code   RO         4847    i.Brush_Fold_Check  status_check.o
    0x080013c4   0x080013c4   0x00000064   Code   RO         4656    i.Brush_GetCurrent  adc_callback.o
    0x08001428   0x08001428   0x0000018c   Code   RO         5674    i.Brush_MPU_ACC_handle  brush_control.o
    0x080015b4   0x080015b4   0x00000480   Code   RO         5675    i.Brush_MPU_Handle  brush_control.o
    0x08001a34   0x08001a34   0x00000024   Code   RO         5676    i.Brush_Mode_Loop   brush_control.o
    0x08001a58   0x08001a58   0x000001dc   Code   RO         5677    i.Brush_Over_Current  brush_control.o
    0x08001c34   0x08001c34   0x0000014c   Code   RO         5626    i.Brush_Read_Para   brush_calib.o
    0x08001d80   0x08001d80   0x0000006c   Code   RO         5678    i.Brush_Run_Task    brush_control.o
    0x08001dec   0x08001dec   0x0000018c   Code   RO         5679    i.Brush_Speed_Acc_handle  brush_control.o
    0x08001f78   0x08001f78   0x00000120   Code   RO         5680    i.Brush_Speed_Handle  brush_control.o
    0x08002098   0x08002098   0x00000058   Code   RO         5809    i.Brush_Star        brush_driver.o
    0x080020f0   0x080020f0   0x000000e0   Code   RO         5810    i.Brush_Start_Filter  brush_driver.o
    0x080021d0   0x080021d0   0x00000044   Code   RO         5811    i.Brush_Stop        brush_driver.o
    0x08002214   0x08002214   0x0000017c   Code   RO         5681    i.Brush_Voltage_handle  brush_control.o
    0x08002390   0x08002390   0x00000208   Code   RO         5812    i.Brush_para_init   brush_driver.o
    0x08002598   0x08002598   0x00000004   Code   RO          187    i.BusFault_Handler  stm32f4xx_it.o
    0x0800259c   0x0800259c   0x00000010   Code   RO          188    i.CAN1_RX1_IRQHandler  stm32f4xx_it.o
    0x080025ac   0x080025ac   0x00000034   Code   RO         3539    i.CAN_Para_Init     can.o
    0x080025e0   0x080025e0   0x0000025c   Code   RO         5323    i.Calibration_ReadCalibrationElectricalData  pmsm_calib.o
    0x0800283c   0x0800283c   0x0000025c   Code   RO         5324    i.Calibration_SaveCalibrationElectricalData  pmsm_calib.o
    0x08002a98   0x08002a98   0x0000004c   Code   RO         5325    i.Calibration_Save_Write  pmsm_calib.o
    0x08002ae4   0x08002ae4   0x00000054   Code   RO         3540    i.CanSend           can.o
    0x08002b38   0x08002b38   0x00000048   Code   RO         5191    i.Clarke            foc.o
    0x08002b80   0x08002b80   0x00000214   Code   RO         5379    i.Current_forward_handle  pmsm_control.o
    0x08002d94   0x08002d94   0x00000034   Code   RO         1117    i.DMA_CalcBaseAndBitshift  stm32f4xx_hal_dma.o
    0x08002dc8   0x08002dc8   0x000000aa   Code   RO         1118    i.DMA_CheckFifoParam  stm32f4xx_hal_dma.o
    0x08002e72   0x08002e72   0x0000002c   Code   RO         1119    i.DMA_SetConfig     stm32f4xx_hal_dma.o
    0x08002e9e   0x08002e9e   0x00000002   Code   RO          189    i.DebugMon_Handler  stm32f4xx_it.o
    0x08002ea0   0x08002ea0   0x00000028   Code   RO         3773    i.DypRd_Init        usart.o
    0x08002ec8   0x08002ec8   0x00000c08   Code   RO         5326    i.Electric_Angle_Calibration  pmsm_calib.o
    0x08003ad0   0x08003ad0   0x00000174   Code   RO         5327    i.Electric_Angle_Calibration_Check  pmsm_calib.o
    0x08003c44   0x08003c44   0x00000006   Code   RO           13    i.Error_Handler     main.o
    0x08003c4a   0x08003c4a   0x00000002   PAD
    0x08003c4c   0x08003c4c   0x0000005c   Code   RO          887    i.FLASH_Erase_Sector  stm32f4xx_hal_flash_ex.o
    0x08003ca8   0x08003ca8   0x00000024   Code   RO          769    i.FLASH_Program_Byte  stm32f4xx_hal_flash.o
    0x08003ccc   0x08003ccc   0x0000003c   Code   RO          770    i.FLASH_Program_DoubleWord  stm32f4xx_hal_flash.o
    0x08003d08   0x08003d08   0x00000028   Code   RO          771    i.FLASH_Program_HalfWord  stm32f4xx_hal_flash.o
    0x08003d30   0x08003d30   0x00000028   Code   RO          772    i.FLASH_Program_Word  stm32f4xx_hal_flash.o
    0x08003d58   0x08003d58   0x00000098   Code   RO          773    i.FLASH_SetErrorCode  stm32f4xx_hal_flash.o
    0x08003df0   0x08003df0   0x00000064   Code   RO          774    i.FLASH_WaitForLastOperation  stm32f4xx_hal_flash.o
    0x08003e54   0x08003e54   0x00000058   Code   RO         5192    i.FOC_Config        foc.o
    0x08003eac   0x08003eac   0x000000cc   Code   RO         5193    i.FOC_SVPWM         foc.o
    0x08003f78   0x08003f78   0x0000005c   Code   RO         4233    i.FilterInit        filter.o
    0x08003fd4   0x08003fd4   0x0000013c   Code   RO         5194    i.Foc_Handle        foc.o
    0x08004110   0x08004110   0x000000f8   Code   RO         4657    i.GetVoltage_MOSTEMP  adc_callback.o
    0x08004208   0x08004208   0x00000040   Code   RO         5254    i.HALL_Encoder_init  hall_encoder.o
    0x08004248   0x08004248   0x00000228   Code   RO          508    i.HAL_ADCEx_InjectedConfigChannel  stm32f4xx_hal_adc_ex.o
    0x08004470   0x08004470   0x00000024   Code   RO         3417    i.HAL_ADCEx_InjectedConvCpltCallback  adc.o
    0x08004494   0x08004494   0x0000012c   Code   RO          513    i.HAL_ADCEx_InjectedStart_IT  stm32f4xx_hal_adc_ex.o
    0x080045c0   0x080045c0   0x0000018c   Code   RO          340    i.HAL_ADC_ConfigChannel  stm32f4xx_hal_adc.o
    0x0800474c   0x0800474c   0x00000002   Code   RO          341    i.HAL_ADC_ConvCpltCallback  stm32f4xx_hal_adc.o
    0x0800474e   0x0800474e   0x00000002   Code   RO          342    i.HAL_ADC_ConvHalfCpltCallback  stm32f4xx_hal_adc.o
    0x08004750   0x08004750   0x00000002   Code   RO          344    i.HAL_ADC_ErrorCallback  stm32f4xx_hal_adc.o
    0x08004752   0x08004752   0x00000162   Code   RO          348    i.HAL_ADC_IRQHandler  stm32f4xx_hal_adc.o
    0x080048b4   0x080048b4   0x00000068   Code   RO          349    i.HAL_ADC_Init      stm32f4xx_hal_adc.o
    0x0800491c   0x0800491c   0x00000002   Code   RO          350    i.HAL_ADC_LevelOutOfWindowCallback  stm32f4xx_hal_adc.o
    0x0800491e   0x0800491e   0x00000002   PAD
    0x08004920   0x08004920   0x00000230   Code   RO         3419    i.HAL_ADC_MspInit   adc.o
    0x08004b50   0x08004b50   0x000001b4   Code   RO          356    i.HAL_ADC_Start_DMA  stm32f4xx_hal_adc.o
    0x08004d04   0x08004d04   0x0000002a   Code   RO         1796    i.HAL_CAN_ActivateNotification  stm32f4xx_hal_can.o
    0x08004d2e   0x08004d2e   0x00000156   Code   RO         1797    i.HAL_CAN_AddTxMessage  stm32f4xx_hal_can.o
    0x08004e84   0x08004e84   0x00000124   Code   RO         1798    i.HAL_CAN_ConfigFilter  stm32f4xx_hal_can.o
    0x08004fa8   0x08004fa8   0x0000002e   Code   RO         1799    i.HAL_CAN_DeInit    stm32f4xx_hal_can.o
    0x08004fd6   0x08004fd6   0x00000002   Code   RO         1801    i.HAL_CAN_ErrorCallback  stm32f4xx_hal_can.o
    0x08004fd8   0x08004fd8   0x0000017a   Code   RO         1804    i.HAL_CAN_GetRxMessage  stm32f4xx_hal_can.o
    0x08005152   0x08005152   0x00000036   Code   RO         1806    i.HAL_CAN_GetTxMailboxesFreeLevel  stm32f4xx_hal_can.o
    0x08005188   0x08005188   0x0000024e   Code   RO         1808    i.HAL_CAN_IRQHandler  stm32f4xx_hal_can.o
    0x080053d6   0x080053d6   0x00000174   Code   RO         1809    i.HAL_CAN_Init      stm32f4xx_hal_can.o
    0x0800554a   0x0800554a   0x00000002   PAD
    0x0800554c   0x0800554c   0x00000038   Code   RO         3541    i.HAL_CAN_MspDeInit  can.o
    0x08005584   0x08005584   0x00000098   Code   RO         3542    i.HAL_CAN_MspInit   can.o
    0x0800561c   0x0800561c   0x00000002   Code   RO         1816    i.HAL_CAN_RxFifo0FullCallback  stm32f4xx_hal_can.o
    0x0800561e   0x0800561e   0x00000002   Code   RO         1817    i.HAL_CAN_RxFifo0MsgPendingCallback  stm32f4xx_hal_can.o
    0x08005620   0x08005620   0x00000002   Code   RO         1818    i.HAL_CAN_RxFifo1FullCallback  stm32f4xx_hal_can.o
    0x08005622   0x08005622   0x00000002   PAD
    0x08005624   0x08005624   0x000000d4   Code   RO         3543    i.HAL_CAN_RxFifo1MsgPendingCallback  can.o
    0x080056f8   0x080056f8   0x00000002   Code   RO         1820    i.HAL_CAN_SleepCallback  stm32f4xx_hal_can.o
    0x080056fa   0x080056fa   0x0000006a   Code   RO         1821    i.HAL_CAN_Start     stm32f4xx_hal_can.o
    0x08005764   0x08005764   0x0000006a   Code   RO         1822    i.HAL_CAN_Stop      stm32f4xx_hal_can.o
    0x080057ce   0x080057ce   0x00000002   Code   RO         1823    i.HAL_CAN_TxMailbox0AbortCallback  stm32f4xx_hal_can.o
    0x080057d0   0x080057d0   0x00000002   Code   RO         1824    i.HAL_CAN_TxMailbox0CompleteCallback  stm32f4xx_hal_can.o
    0x080057d2   0x080057d2   0x00000002   Code   RO         1825    i.HAL_CAN_TxMailbox1AbortCallback  stm32f4xx_hal_can.o
    0x080057d4   0x080057d4   0x00000002   Code   RO         1826    i.HAL_CAN_TxMailbox1CompleteCallback  stm32f4xx_hal_can.o
    0x080057d6   0x080057d6   0x00000002   Code   RO         1827    i.HAL_CAN_TxMailbox2AbortCallback  stm32f4xx_hal_can.o
    0x080057d8   0x080057d8   0x00000002   Code   RO         1828    i.HAL_CAN_TxMailbox2CompleteCallback  stm32f4xx_hal_can.o
    0x080057da   0x080057da   0x00000002   Code   RO         1830    i.HAL_CAN_WakeUpFromRxMsgCallback  stm32f4xx_hal_can.o
    0x080057dc   0x080057dc   0x000000ec   Code   RO         1126    i.HAL_DMA_Init      stm32f4xx_hal_dma.o
    0x080058c8   0x080058c8   0x00000092   Code   RO         1130    i.HAL_DMA_Start_IT  stm32f4xx_hal_dma.o
    0x0800595a   0x0800595a   0x00000002   PAD
    0x0800595c   0x0800595c   0x00000014   Code   RO          778    i.HAL_FLASH_Lock    stm32f4xx_hal_flash.o
    0x08005970   0x08005970   0x00000098   Code   RO          783    i.HAL_FLASH_Program  stm32f4xx_hal_flash.o
    0x08005a08   0x08005a08   0x00000034   Code   RO          785    i.HAL_FLASH_Unlock  stm32f4xx_hal_flash.o
    0x08005a3c   0x08005a3c   0x00000168   Code   RO         1010    i.HAL_GPIO_DeInit   stm32f4xx_hal_gpio.o
    0x08005ba4   0x08005ba4   0x000001f4   Code   RO         1013    i.HAL_GPIO_Init     stm32f4xx_hal_gpio.o
    0x08005d98   0x08005d98   0x00000010   Code   RO         1015    i.HAL_GPIO_ReadPin  stm32f4xx_hal_gpio.o
    0x08005da8   0x08005da8   0x0000000c   Code   RO         1017    i.HAL_GPIO_WritePin  stm32f4xx_hal_gpio.o
    0x08005db4   0x08005db4   0x0000000c   Code   RO         1550    i.HAL_GetTick       stm32f4xx_hal.o
    0x08005dc0   0x08005dc0   0x00000018   Code   RO         1556    i.HAL_IncTick       stm32f4xx_hal.o
    0x08005dd8   0x08005dd8   0x0000003c   Code   RO         1557    i.HAL_Init          stm32f4xx_hal.o
    0x08005e14   0x08005e14   0x0000004c   Code   RO         1558    i.HAL_InitTick      stm32f4xx_hal.o
    0x08005e60   0x08005e60   0x00000048   Code   RO          311    i.HAL_MspInit       stm32f4xx_hal_msp.o
    0x08005ea8   0x08005ea8   0x00000044   Code   RO         1401    i.HAL_NVIC_DisableIRQ  stm32f4xx_hal_cortex.o
    0x08005eec   0x08005eec   0x00000020   Code   RO         1402    i.HAL_NVIC_EnableIRQ  stm32f4xx_hal_cortex.o
    0x08005f0c   0x08005f0c   0x0000007c   Code   RO         1408    i.HAL_NVIC_SetPriority  stm32f4xx_hal_cortex.o
    0x08005f88   0x08005f88   0x00000028   Code   RO         1409    i.HAL_NVIC_SetPriorityGrouping  stm32f4xx_hal_cortex.o
    0x08005fb0   0x08005fb0   0x00000184   Code   RO          614    i.HAL_RCC_ClockConfig  stm32f4xx_hal_rcc.o
    0x08006134   0x08006134   0x0000000c   Code   RO          619    i.HAL_RCC_GetHCLKFreq  stm32f4xx_hal_rcc.o
    0x08006140   0x08006140   0x00000020   Code   RO          621    i.HAL_RCC_GetPCLK1Freq  stm32f4xx_hal_rcc.o
    0x08006160   0x08006160   0x00000020   Code   RO          622    i.HAL_RCC_GetPCLK2Freq  stm32f4xx_hal_rcc.o
    0x08006180   0x08006180   0x000000b0   Code   RO          623    i.HAL_RCC_GetSysClockFreq  stm32f4xx_hal_rcc.o
    0x08006230   0x08006230   0x0000049c   Code   RO          626    i.HAL_RCC_OscConfig  stm32f4xx_hal_rcc.o
    0x080066cc   0x080066cc   0x00000034   Code   RO         1413    i.HAL_SYSTICK_Config  stm32f4xx_hal_cortex.o
    0x08006700   0x08006700   0x00000002   Code   RO         2746    i.HAL_TIMEx_BreakCallback  stm32f4xx_hal_tim_ex.o
    0x08006702   0x08006702   0x00000002   Code   RO         2747    i.HAL_TIMEx_CommutCallback  stm32f4xx_hal_tim_ex.o
    0x08006704   0x08006704   0x00000074   Code   RO         2749    i.HAL_TIMEx_ConfigBreakDeadTime  stm32f4xx_hal_tim_ex.o
    0x08006778   0x08006778   0x000000b4   Code   RO         2765    i.HAL_TIMEx_MasterConfigSynchronization  stm32f4xx_hal_tim_ex.o
    0x0800682c   0x0800682c   0x000000f4   Code   RO         2776    i.HAL_TIMEx_PWMN_Start  stm32f4xx_hal_tim_ex.o
    0x08006920   0x08006920   0x00000066   Code   RO         2031    i.HAL_TIM_Base_Init  stm32f4xx_hal_tim.o
    0x08006986   0x08006986   0x00000002   PAD
    0x08006988   0x08006988   0x00000084   Code   RO         3648    i.HAL_TIM_Base_MspInit  tim.o
    0x08006a0c   0x08006a0c   0x000000a8   Code   RO         2036    i.HAL_TIM_Base_Start_IT  stm32f4xx_hal_tim.o
    0x08006ab4   0x08006ab4   0x000000c8   Code   RO         2052    i.HAL_TIM_Encoder_Init  stm32f4xx_hal_tim.o
    0x08006b7c   0x08006b7c   0x00000118   Code   RO         3650    i.HAL_TIM_Encoder_MspInit  tim.o
    0x08006c94   0x08006c94   0x000000cc   Code   RO         2055    i.HAL_TIM_Encoder_Start  stm32f4xx_hal_tim.o
    0x08006d60   0x08006d60   0x0000006c   Code   RO         3651    i.HAL_TIM_IC_CaptureCallback  tim.o
    0x08006dcc   0x08006dcc   0x00000190   Code   RO         2075    i.HAL_TIM_IC_Start_IT  stm32f4xx_hal_tim.o
    0x08006f5c   0x08006f5c   0x00000196   Code   RO         2079    i.HAL_TIM_IRQHandler  stm32f4xx_hal_tim.o
    0x080070f2   0x080070f2   0x00000002   PAD
    0x080070f4   0x080070f4   0x000001b8   Code   RO         3652    i.HAL_TIM_MspPostInit  tim.o
    0x080072ac   0x080072ac   0x00000002   Code   RO         2082    i.HAL_TIM_OC_DelayElapsedCallback  stm32f4xx_hal_tim.o
    0x080072ae   0x080072ae   0x00000104   Code   RO         2103    i.HAL_TIM_PWM_ConfigChannel  stm32f4xx_hal_tim.o
    0x080073b2   0x080073b2   0x00000066   Code   RO         2106    i.HAL_TIM_PWM_Init  stm32f4xx_hal_tim.o
    0x08007418   0x08007418   0x000000b8   Code   RO         3654    i.HAL_TIM_PWM_MspInit  tim.o
    0x080074d0   0x080074d0   0x00000002   Code   RO         2109    i.HAL_TIM_PWM_PulseFinishedCallback  stm32f4xx_hal_tim.o
    0x080074d2   0x080074d2   0x00000002   PAD
    0x080074d4   0x080074d4   0x0000010c   Code   RO         2111    i.HAL_TIM_PWM_Start  stm32f4xx_hal_tim.o
    0x080075e0   0x080075e0   0x000000d0   Code   RO         3655    i.HAL_TIM_PeriodElapsedCallback  tim.o
    0x080076b0   0x080076b0   0x00000002   Code   RO         2122    i.HAL_TIM_TriggerCallback  stm32f4xx_hal_tim.o
    0x080076b2   0x080076b2   0x00000002   Code   RO         3024    i.HAL_UARTEx_RxEventCallback  stm32f4xx_hal_uart.o
    0x080076b4   0x080076b4   0x00000002   Code   RO         3038    i.HAL_UART_ErrorCallback  stm32f4xx_hal_uart.o
    0x080076b6   0x080076b6   0x00000072   Code   RO         3042    i.HAL_UART_Init     stm32f4xx_hal_uart.o
    0x08007728   0x08007728   0x00000194   Code   RO         3775    i.HAL_UART_MspInit  usart.o
    0x080078bc   0x080078bc   0x00000042   Code   RO         3046    i.HAL_UART_Receive_DMA  stm32f4xx_hal_uart.o
    0x080078fe   0x080078fe   0x00000002   Code   RO         3048    i.HAL_UART_RxCpltCallback  stm32f4xx_hal_uart.o
    0x08007900   0x08007900   0x00000002   Code   RO         3049    i.HAL_UART_RxHalfCpltCallback  stm32f4xx_hal_uart.o
    0x08007902   0x08007902   0x000000d2   Code   RO         3050    i.HAL_UART_Transmit  stm32f4xx_hal_uart.o
    0x080079d4   0x080079d4   0x00000004   Code   RO          190    i.HardFault_Handler  stm32f4xx_it.o
    0x080079d8   0x080079d8   0x00000060   Code   RO         3933    i.I2C_ReadBit       qmi8658c.o
    0x08007a38   0x08007a38   0x0000007c   Code   RO         3935    i.I2C_ReadData      qmi8658c.o
    0x08007ab4   0x08007ab4   0x00000050   Code   RO         3936    i.I2C_SendAck       qmi8658c.o
    0x08007b04   0x08007b04   0x00000040   Code   RO         3937    i.I2C_SendnAck      qmi8658c.o
    0x08007b44   0x08007b44   0x00000040   Code   RO         3938    i.I2C_Start         qmi8658c.o
    0x08007b84   0x08007b84   0x00000040   Code   RO         3939    i.I2C_Stop          qmi8658c.o
    0x08007bc4   0x08007bc4   0x00000058   Code   RO         3940    i.I2C_WaitAck       qmi8658c.o
    0x08007c1c   0x08007c1c   0x00000064   Code   RO         3941    i.I2C_WriteBit      qmi8658c.o
    0x08007c80   0x08007c80   0x0000004a   Code   RO         3942    i.I2C_WriteByte     qmi8658c.o
    0x08007cca   0x08007cca   0x00000002   PAD
    0x08007ccc   0x08007ccc   0x0000004c   Code   RO         4145    i.Key_Array_Init    key_filter.o
    0x08007d18   0x08007d18   0x000004a8   Code   RO         5045    i.LRspeed_delimit   curveprogramme.o
    0x080081c0   0x080081c0   0x00000198   Code   RO         4849    i.MPU_PROTECT_CHECK  status_check.o
    0x08008358   0x08008358   0x0000013c   Code   RO         3420    i.MX_ADC1_Init      adc.o
    0x08008494   0x08008494   0x00000168   Code   RO         3421    i.MX_ADC3_Init      adc.o
    0x080085fc   0x080085fc   0x0000007c   Code   RO         3544    i.MX_CAN1_Init      can.o
    0x08008678   0x08008678   0x00000048   Code   RO         3485    i.MX_DMA_Init       dma.o
    0x080086c0   0x080086c0   0x00000204   Code   RO         3512    i.MX_GPIO_Init      gpio.o
    0x080088c4   0x080088c4   0x00000128   Code   RO         3656    i.MX_TIM1_Init      tim.o
    0x080089ec   0x080089ec   0x000000a0   Code   RO         3657    i.MX_TIM2_Init      tim.o
    0x08008a8c   0x08008a8c   0x00000094   Code   RO         3658    i.MX_TIM3_Init      tim.o
    0x08008b20   0x08008b20   0x00000094   Code   RO         3659    i.MX_TIM4_Init      tim.o
    0x08008bb4   0x08008bb4   0x00000050   Code   RO         3660    i.MX_TIM6_Init      tim.o
    0x08008c04   0x08008c04   0x00000050   Code   RO         3661    i.MX_TIM7_Init      tim.o
    0x08008c54   0x08008c54   0x00000128   Code   RO         3662    i.MX_TIM8_Init      tim.o
    0x08008d7c   0x08008d7c   0x00000088   Code   RO         3663    i.MX_TIM9_Init      tim.o
    0x08008e04   0x08008e04   0x00000078   Code   RO         3776    i.MX_USART1_UART_Init  usart.o
    0x08008e7c   0x08008e7c   0x00000028   Code   RO         3777    i.MX_USART3_START   usart.o
    0x08008ea4   0x08008ea4   0x00000058   Code   RO         3778    i.MX_USART3_UART_Init  usart.o
    0x08008efc   0x08008efc   0x00000004   Code   RO          191    i.MemManage_Handler  stm32f4xx_it.o
    0x08008f00   0x08008f00   0x00000004   Code   RO          192    i.NMI_Handler       stm32f4xx_it.o
    0x08008f04   0x08008f04   0x0000001c   Code   RO         4387    i.PDU_to_combine_read  protocol_api.o
    0x08008f20   0x08008f20   0x0000004e   Code   RO         4388    i.PDU_to_combine_write  protocol_api.o
    0x08008f6e   0x08008f6e   0x00000012   Code   RO         4389    i.PDU_to_msg_data   protocol_api.o
    0x08008f80   0x08008f80   0x000000c6   Code   RO         4169    i.PID_run_FloatspdVolt  pid.o
    0x08009046   0x08009046   0x00000002   PAD
    0x08009048   0x08009048   0x00000024   Code   RO         5298    i.PLL_init          pll.o
    0x0800906c   0x0800906c   0x000001a0   Code   RO         5381    i.PMSM_APP_LOOP     pmsm_control.o
    0x0800920c   0x0800920c   0x0000029c   Code   RO         5382    i.PMSM_Control_Mode_handle  pmsm_control.o
    0x080094a8   0x080094a8   0x000000f8   Code   RO         5559    i.PMSM_PWM_RUN      pmsm_driver.o
    0x080095a0   0x080095a0   0x00000118   Code   RO         5384    i.PMSM_Status_Loop  pmsm_control.o
    0x080096b8   0x080096b8   0x0000008c   Code   RO         5561    i.PMSM_para_clear   pmsm_driver.o
    0x08009744   0x08009744   0x0000026c   Code   RO         5562    i.PMSM_para_init    pmsm_driver.o
    0x080099b0   0x080099b0   0x0000002a   Code   RO         5195    i.Park              foc.o
    0x080099da   0x080099da   0x00000002   Code   RO          193    i.PendSV_Handler    stm32f4xx_it.o
    0x080099dc   0x080099dc   0x000001f0   Code   RO         5299    i.PllGetSpeed       pll.o
    0x08009bcc   0x08009bcc   0x000000bc   Code   RO         3944    i.QMI8658_init      qmi8658c.o
    0x08009c88   0x08009c88   0x00000030   Code   RO         3945    i.QMI_ReadData      qmi8658c.o
    0x08009cb8   0x08009cb8   0x0000004c   Code   RO         3946    i.QMI_SDA_IN        qmi8658c.o
    0x08009d04   0x08009d04   0x00000050   Code   RO         3947    i.QMI_SDA_OUT       qmi8658c.o
    0x08009d54   0x08009d54   0x000000bc   Code   RO         5683    i.RESET_BRUSH_PARA  brush_control.o
    0x08009e10   0x08009e10   0x00000148   Code   RO         3948    i.Read_Accele       qmi8658c.o
    0x08009f58   0x08009f58   0x00000098   Code   RO         3949    i.Read_Gyro         qmi8658c.o
    0x08009ff0   0x08009ff0   0x0000003a   Code   RO         5196    i.Rev_Park          foc.o
    0x0800a02a   0x0800a02a   0x00000002   Code   RO          194    i.SVC_Handler       stm32f4xx_it.o
    0x0800a02c   0x0800a02c   0x0000002c   Code   RO         5197    i.SinCosF           foc.o
    0x0800a058   0x0800a058   0x000001b8   Code   RO         5394    i.Speed_handle      pmsm_control.o
    0x0800a210   0x0800a210   0x00000250   Code   RO         4850    i.Status_Check_Loop  status_check.o
    0x0800a460   0x0800a460   0x00000050   Code   RO         3545    i.StdCanSetID       can.o
    0x0800a4b0   0x0800a4b0   0x00000060   Code   RO          195    i.SysTick_Handler   stm32f4xx_it.o
    0x0800a510   0x0800a510   0x000000b4   Code   RO           14    i.SystemClock_Config  main.o
    0x0800a5c4   0x0800a5c4   0x00000014   Code   RO         3381    i.SystemInit        system_stm32f4xx.o
    0x0800a5d8   0x0800a5d8   0x00000010   Code   RO          196    i.TIM1_UP_TIM10_IRQHandler  stm32f4xx_it.o
    0x0800a5e8   0x0800a5e8   0x00000010   Code   RO          197    i.TIM3_IRQHandler   stm32f4xx_it.o
    0x0800a5f8   0x0800a5f8   0x00000010   Code   RO          198    i.TIM4_IRQHandler   stm32f4xx_it.o
    0x0800a608   0x0800a608   0x00000010   Code   RO          199    i.TIM6_DAC_IRQHandler  stm32f4xx_it.o
    0x0800a618   0x0800a618   0x00000010   Code   RO          200    i.TIM7_IRQHandler   stm32f4xx_it.o
    0x0800a628   0x0800a628   0x000000d8   Code   RO         2124    i.TIM_Base_SetConfig  stm32f4xx_hal_tim.o
    0x0800a700   0x0800a700   0x00000022   Code   RO         2125    i.TIM_CCxChannelCmd  stm32f4xx_hal_tim.o
    0x0800a722   0x0800a722   0x00000022   Code   RO         2785    i.TIM_CCxNChannelCmd  stm32f4xx_hal_tim_ex.o
    0x0800a744   0x0800a744   0x00000070   Code   RO         2137    i.TIM_OC1_SetConfig  stm32f4xx_hal_tim.o
    0x0800a7b4   0x0800a7b4   0x0000007c   Code   RO         2138    i.TIM_OC2_SetConfig  stm32f4xx_hal_tim.o
    0x0800a830   0x0800a830   0x00000078   Code   RO         2139    i.TIM_OC3_SetConfig  stm32f4xx_hal_tim.o
    0x0800a8a8   0x0800a8a8   0x00000054   Code   RO         2140    i.TIM_OC4_SetConfig  stm32f4xx_hal_tim.o
    0x0800a8fc   0x0800a8fc   0x00000630   Code   RO         5255    i.Theta_Read        hall_encoder.o
    0x0800af2c   0x0800af2c   0x00000050   Code   RO         3056    i.UART_DMAError     stm32f4xx_hal_uart.o
    0x0800af7c   0x0800af7c   0x000000b0   Code   RO         3057    i.UART_DMAReceiveCplt  stm32f4xx_hal_uart.o
    0x0800b02c   0x0800b02c   0x00000020   Code   RO         3059    i.UART_DMARxHalfCplt  stm32f4xx_hal_uart.o
    0x0800b04c   0x0800b04c   0x0000006c   Code   RO         3065    i.UART_EndRxTransfer  stm32f4xx_hal_uart.o
    0x0800b0b8   0x0800b0b8   0x00000026   Code   RO         3067    i.UART_EndTxTransfer  stm32f4xx_hal_uart.o
    0x0800b0de   0x0800b0de   0x00000002   PAD
    0x0800b0e0   0x0800b0e0   0x0000022c   Code   RO         3069    i.UART_SetConfig    stm32f4xx_hal_uart.o
    0x0800b30c   0x0800b30c   0x000000d0   Code   RO         3070    i.UART_Start_Receive_DMA  stm32f4xx_hal_uart.o
    0x0800b3dc   0x0800b3dc   0x00000092   Code   RO         3073    i.UART_WaitOnFlagUntilTimeout  stm32f4xx_hal_uart.o
    0x0800b46e   0x0800b46e   0x00000004   Code   RO          201    i.UsageFault_Handler  stm32f4xx_it.o
    0x0800b472   0x0800b472   0x00000002   PAD
    0x0800b474   0x0800b474   0x0000004c   Code   RO         3950    i.Yijielvbo         qmi8658c.o
    0x0800b4c0   0x0800b4c0   0x00000034   Code   RO         4851    i.ZERO_HANDLE_CHECK_LOOP  status_check.o
    0x0800b4f4   0x0800b4f4   0x00000030   Code   RO         6284    i.__ARM_fpclassify  m_wm.l(fpclassify.o)
    0x0800b524   0x0800b524   0x00000026   Code   RO         6286    i.__ARM_fpclassifyf  m_wm.l(fpclassifyf.o)
    0x0800b54a   0x0800b54a   0x00000002   PAD
    0x0800b54c   0x0800b54c   0x00000010   Code   RO         1415    i.__NVIC_GetPriorityGrouping  stm32f4xx_hal_cortex.o
    0x0800b55c   0x0800b55c   0x00000028   Code   RO         1416    i.__NVIC_SetPriority  stm32f4xx_hal_cortex.o
    0x0800b584   0x0800b584   0x00000004   PAD
    0x0800b588   0x0800b588   0x000002d8   Code   RO         6256    i.__hardfp_atan     m_wm.l(atan.o)
    0x0800b860   0x0800b860   0x000001f0   Code   RO         6101    i.__hardfp_atan2    m_wm.l(atan2.o)
    0x0800ba50   0x0800ba50   0x00000250   Code   RO         6113    i.__hardfp_atan2f   m_wm.l(atan2f.o)
    0x0800bca0   0x0800bca0   0x00000150   Code   RO         6125    i.__hardfp_cosf     m_wm.l(cosf.o)
    0x0800bdf0   0x0800bdf0   0x00000014   Code   RO         6151    i.__hardfp_fabs     m_wm.l(fabs.o)
    0x0800be04   0x0800be04   0x00000190   Code   RO         6171    i.__hardfp_sinf     m_wm.l(sinf.o)
    0x0800bf94   0x0800bf94   0x0000007a   Code   RO         6195    i.__hardfp_sqrt     m_wm.l(sqrt_full.o)
    0x0800c00e   0x0800c00e   0x000000f8   Code   RO         6302    i.__kernel_poly     m_wm.l(poly.o)
    0x0800c106   0x0800c106   0x00000014   Code   RO         6271    i.__mathlib_dbl_infnan  m_wm.l(dunder.o)
    0x0800c11a   0x0800c11a   0x00000014   Code   RO         6272    i.__mathlib_dbl_infnan2  m_wm.l(dunder.o)
    0x0800c12e   0x0800c12e   0x00000002   PAD
    0x0800c130   0x0800c130   0x00000020   Code   RO         6276    i.__mathlib_dbl_underflow  m_wm.l(dunder.o)
    0x0800c150   0x0800c150   0x00000006   Code   RO         6289    i.__mathlib_flt_infnan  m_wm.l(funder.o)
    0x0800c156   0x0800c156   0x00000006   Code   RO         6290    i.__mathlib_flt_infnan2  m_wm.l(funder.o)
    0x0800c15c   0x0800c15c   0x00000010   Code   RO         6291    i.__mathlib_flt_invalid  m_wm.l(funder.o)
    0x0800c16c   0x0800c16c   0x00000010   Code   RO         6294    i.__mathlib_flt_underflow  m_wm.l(funder.o)
    0x0800c17c   0x0800c17c   0x00000154   Code   RO         6305    i.__mathlib_rredf2  m_wm.l(rredf.o)
    0x0800c2d0   0x0800c2d0   0x0000021c   Code   RO         5396    i.adc0_callback_handle  pmsm_control.o
    0x0800c4ec   0x0800c4ec   0x00000034   Code   RO         3422    i.adc0_current_handle  adc.o
    0x0800c520   0x0800c520   0x00000224   Code   RO         5397    i.adc2_callback_handle  pmsm_control.o
    0x0800c744   0x0800c744   0x00000044   Code   RO         3423    i.adc2_current_handle  adc.o
    0x0800c788   0x0800c788   0x00000104   Code   RO         4659    i.adc_ReadAvgRaw    adc_callback.o
    0x0800c88c   0x0800c88c   0x00000074   Code   RO         4660    i.adc_ReadAvgRaw_0  adc_callback.o
    0x0800c900   0x0800c900   0x00000088   Code   RO         4661    i.adc_ReadAvgRaw_2  adc_callback.o
    0x0800c988   0x0800c988   0x000003c0   Code   RO         4390    i.add_subscribe_combine_node  protocol_api.o
    0x0800cd48   0x0800cd48   0x00000014   Code   RO         4570    i.api_init          xsto_api_ii.o
    0x0800cd5c   0x0800cd5c   0x000000a4   Code   RO         4572    i.api_message_send  xsto_api_ii.o
    0x0800ce00   0x0800ce00   0x0000001c   Code   RO         4574    i.api_port_received  xsto_api_ii.o
    0x0800ce1c   0x0800ce1c   0x00000010   Code   RO         4990    i.api_port_send     weak_handle.o
    0x0800ce2c   0x0800ce2c   0x00000110   Code   RO         5400    i.app_angel_handle  pmsm_control.o
    0x0800cf3c   0x0800cf3c   0x00000010   Code   RO         6258    i.atan              m_wm.l(atan.o)
    0x0800cf4c   0x0800cf4c   0x00000046   Code   RO         4238    i.biquadFilterApply  filter.o
    0x0800cf92   0x0800cf92   0x00000002   PAD
    0x0800cf94   0x0800cf94   0x0000015c   Code   RO         4239    i.biquadFilterInit  filter.o
    0x0800d0f0   0x0800d0f0   0x0000005c   Code   RO         4240    i.biquadFilterInitLPF  filter.o
    0x0800d14c   0x0800d14c   0x00000158   Code   RO         5685    i.brush_Cmd_handle  brush_control.o
    0x0800d2a4   0x0800d2a4   0x00000028   Code   RO         4991    i.can_receive       weak_handle.o
    0x0800d2cc   0x0800d2cc   0x00000024   Code   RO         3546    i.can_serial_available  can.o
    0x0800d2f0   0x0800d2f0   0x0000003c   Code   RO         3547    i.can_serial_read   can.o
    0x0800d32c   0x0800d32c   0x0000001c   Code   RO         3549    i.can_serial_write  can.o
    0x0800d348   0x0800d348   0x00000110   Code   RO         3550    i.can_transmit      can.o
    0x0800d458   0x0800d458   0x0000002c   Code   RO         3551    i.can_tx_available  can.o
    0x0800d484   0x0800d484   0x0000002c   Code   RO         3552    i.can_tx_buf        can.o
    0x0800d4b0   0x0800d4b0   0x00000028   Code   RO         4170    i.clear_pid         pid.o
    0x0800d4d8   0x0800d4d8   0x00000038   Code   RO         4123    i.crc_ccitt         crc.o
    0x0800d510   0x0800d510   0x00000068   Code   RO         5046    i.curve_config      curveprogramme.o
    0x0800d578   0x0800d578   0x000000c0   Code   RO         4394    i.del_subscribe_combine_node  protocol_api.o
    0x0800d638   0x0800d638   0x00000018   Code   RO         3951    i.delay_1ms         qmi8658c.o
    0x0800d650   0x0800d650   0x000005d0   Code   RO         5100    i.draw_scurve       scurve.o
    0x0800dc20   0x0800dc20   0x00000018   Code   RO         6153    i.fabs              m_wm.l(fabs.o)
    0x0800dc38   0x0800dc38   0x00000024   Code   RO         4083    i.fmc_erase_pages   bsp_flash.o
    0x0800dc5c   0x0800dc5c   0x00000048   Code   RO         4084    i.fmc_program       bsp_flash.o
    0x0800dca4   0x0800dca4   0x00000014   Code   RO         4085    i.fmc_read_data     bsp_flash.o
    0x0800dcb8   0x0800dcb8   0x000000a0   Code   RO         4395    i.get_subscribe_combine_node  protocol_api.o
    0x0800dd58   0x0800dd58   0x00000228   Code   RO         5101    i.get_time_for_scurve  scurve.o
    0x0800df80   0x0800df80   0x0000023c   Code   RO         5401    i.handle_foc        pmsm_control.o
    0x0800e1bc   0x0800e1bc   0x0000005a   Code   RO         4146    i.hold_filter       key_filter.o
    0x0800e216   0x0800e216   0x0000000e   Code   RO         3952    i.i2c_delay         qmi8658c.o
    0x0800e224   0x0800e224   0x00000074   Code   RO         3867    i.led_get_hw        led_driver.o
    0x0800e298   0x0800e298   0x00000032   Code   RO         4726    i.led_get_interval  led.o
    0x0800e2ca   0x0800e2ca   0x00000002   PAD
    0x0800e2cc   0x0800e2cc   0x00000098   Code   RO         3868    i.led_hw_init       led_driver.o
    0x0800e364   0x0800e364   0x0000006c   Code   RO         4727    i.led_init          led.o
    0x0800e3d0   0x0800e3d0   0x000000dc   Code   RO         4728    i.led_interval      led.o
    0x0800e4ac   0x0800e4ac   0x0000002c   Code   RO         4729    i.led_loop          led.o
    0x0800e4d8   0x0800e4d8   0x0000003a   Code   RO         3869    i.led_off           led_driver.o
    0x0800e512   0x0800e512   0x0000003a   Code   RO         3870    i.led_on            led_driver.o
    0x0800e54c   0x0800e54c   0x00000030   Code   RO         4730    i.led_set           led.o
    0x0800e57c   0x0800e57c   0x00000024   Code   RO         4396    i.list_add_tail     protocol_api.o
    0x0800e5a0   0x0800e5a0   0x0000001e   Code   RO         4397    i.list_del          protocol_api.o
    0x0800e5be   0x0800e5be   0x00000024   Code   RO           15    i.main              main.o
    0x0800e5e2   0x0800e5e2   0x00000002   PAD
    0x0800e5e4   0x0800e5e4   0x00000088   Code   RO         4915    i.main_config       task.o
    0x0800e66c   0x0800e66c   0x0000029c   Code   RO         4992    i.map_init          weak_handle.o
    0x0800e908   0x0800e908   0x0000000e   Code   RO         4339    i.message_init      protocol.o
    0x0800e916   0x0800e916   0x00000002   PAD
    0x0800e918   0x0800e918   0x00000030   Code   RO         5152    i.modbus_recve      ultrasonic.o
    0x0800e948   0x0800e948   0x00000120   Code   RO         4579    i.module_parse_frame  xsto_api_ii.o
    0x0800ea68   0x0800ea68   0x000000b8   Code   RO         4581    i.module_response   xsto_api_ii.o
    0x0800eb20   0x0800eb20   0x00000022   Code   RO         4398    i.msg_data_to_PDU   protocol_api.o
    0x0800eb42   0x0800eb42   0x0000008a   Code   RO         4662    i.myln              adc_callback.o
    0x0800ebcc   0x0800ebcc   0x000000e0   Code   RO         4852    i.online_loop       status_check.o
    0x0800ecac   0x0800ecac   0x00000016   Code   RO         4171    i.pid_init          pid.o
    0x0800ecc2   0x0800ecc2   0x00000002   PAD
    0x0800ecc4   0x0800ecc4   0x00000078   Code   RO         4521    i.plug_holes        rt_malloc.o
    0x0800ed3c   0x0800ed3c   0x00000044   Code   RO         5563    i.pmsm_break_io     pmsm_driver.o
    0x0800ed80   0x0800ed80   0x00000078   Code   RO         5564    i.pmsm_start        pmsm_driver.o
    0x0800edf8   0x0800edf8   0x0000005c   Code   RO         5565    i.pmsm_stop         pmsm_driver.o
    0x0800ee54   0x0800ee54   0x00000050   Code   RO         4993    i.protocol_init     weak_handle.o
    0x0800eea4   0x0800eea4   0x00000056   Code   RO         4340    i.protocol_received  protocol.o
    0x0800eefa   0x0800eefa   0x00000002   PAD
    0x0800eefc   0x0800eefc   0x0000026c   Code   RO         4400    i.protocol_respond  protocol_api.o
    0x0800f168   0x0800f168   0x0000016c   Code   RO         4401    i.protocol_subscribe_loop  protocol_api.o
    0x0800f2d4   0x0800f2d4   0x00000034   Code   RO         4197    i.queue_empty_full  utils_queue.o
    0x0800f308   0x0800f308   0x0000002a   Code   RO         4198    i.queue_init        utils_queue.o
    0x0800f332   0x0800f332   0x00000034   Code   RO         4199    i.queue_pop         utils_queue.o
    0x0800f366   0x0800f366   0x00000002   PAD
    0x0800f368   0x0800f368   0x00000058   Code   RO         4493    i.register_map      protocol_register_management.o
    0x0800f3c0   0x0800f3c0   0x00000034   Code   RO         4494    i.register_read     protocol_register_management.o
    0x0800f3f4   0x0800f3f4   0x00000034   Code   RO         4495    i.register_write    protocol_register_management.o
    0x0800f428   0x0800f428   0x00000064   Code   RO         4523    i.rt_free           rt_malloc.o
    0x0800f48c   0x0800f48c   0x00000144   Code   RO         4524    i.rt_malloc         rt_malloc.o
    0x0800f5d0   0x0800f5d0   0x00000014   Code   RO         4307    i.rt_mem_init       alloc.o
    0x0800f5e4   0x0800f5e4   0x00000110   Code   RO         4526    i.rt_realloc        rt_malloc.o
    0x0800f6f4   0x0800f6f4   0x00000094   Code   RO         4527    i.rt_system_heap_init  rt_malloc.o
    0x0800f788   0x0800f788   0x00000390   Code   RO         5047    i.running_programme  curveprogramme.o
    0x0800fb18   0x0800fb18   0x00000040   Code   RO         5102    i.scurve_config     scurve.o
    0x0800fb58   0x0800fb58   0x00000024   Code   RO         4341    i.send_message_data  protocol.o
    0x0800fb7c   0x0800fb7c   0x00000018   Code   RO         3779    i.serial0_send      usart.o
    0x0800fb94   0x0800fb94   0x00000018   Code   RO         3780    i.serial3_send      usart.o
    0x0800fbac   0x0800fbac   0x000000b4   Code   RO         3781    i.serial3_update    usart.o
    0x0800fc60   0x0800fc60   0x00000110   Code   RO         4768    i.serial_loop       serial_debug.o
    0x0800fd70   0x0800fd70   0x0000001c   Code   RO         3782    i.serial_receive    usart.o
    0x0800fd8c   0x0800fd8c   0x0000001c   Code   RO         3783    i.serial_rx_queue_empty  usart.o
    0x0800fda8   0x0800fda8   0x0000016c   Code   RO         5403    i.speed_forward_handle  pmsm_control.o
    0x0800ff14   0x0800ff14   0x000000d0   Code   RO         5103    i.sync_curve_handle  scurve.o
    0x0800ffe4   0x0800ffe4   0x00000060   Code   RO         4916    i.task_100ms        task.o
    0x08010044   0x08010044   0x00000038   Code   RO         4917    i.task_10ms         task.o
    0x0801007c   0x0801007c   0x0000002c   Code   RO         4918    i.task_1ms          task.o
    0x080100a8   0x080100a8   0x0000001c   Code   RO         4919    i.task_2ms          task.o
    0x080100c4   0x080100c4   0x0000001c   Code   RO         4920    i.task_5ms          task.o
    0x080100e0   0x080100e0   0x000000d0   Code   RO         5686    i.test_BRUSH        brush_control.o
    0x080101b0   0x080101b0   0x0000004c   Code   RO         4769    i.uart_WaveformData  serial_debug.o
    0x080101fc   0x080101fc   0x00000120   Code   RO         5153    i.ultrasonic_parse  ultrasonic.o
    0x0801031c   0x0801031c   0x00000018   Code   RO         6067    x$fpl$basic         g_wm.l(basic.o)
    0x08010334   0x08010334   0x000002c4   Code   RO         6069    x$fpl$d2f           g_wm.l(d2f_clz.o)
    0x080105f8   0x080105f8   0x0000024c   Code   RO         6071    x$fpl$dadd          g_wm.l(daddsub_clz.o)
    0x08010844   0x08010844   0x00000018   Code   RO         6227    x$fpl$dcmpinf       g_wm.l(dcmpi.o)
    0x0801085c   0x0801085c   0x0000037c   Code   RO         6078    x$fpl$ddiv          g_wm.l(ddiv_clz.o)
    0x08010bd8   0x08010bd8   0x0000002e   Code   RO         6088    x$fpl$dflt          g_wm.l(dflt_clz.o)
    0x08010c06   0x08010c06   0x0000001a   Code   RO         6089    x$fpl$dfltn         g_wm.l(dflt_clz.o)
    0x08010c20   0x08010c20   0x00000026   Code   RO         6087    x$fpl$dfltu         g_wm.l(dflt_clz.o)
    0x08010c46   0x08010c46   0x00000002   PAD
    0x08010c48   0x08010c48   0x00000078   Code   RO         6093    x$fpl$dleqf         g_wm.l(dleqf.o)
    0x08010cc0   0x08010cc0   0x000001c0   Code   RO         6095    x$fpl$dmul          g_wm.l(dmul_clz.o)
    0x08010e80   0x08010e80   0x00000102   Code   RO         6233    x$fpl$dnaninf       g_wm.l(dnaninf.o)
    0x08010f82   0x08010f82   0x00000070   Code   RO         6235    x$fpl$drenorm       g_wm.l(drenorm_clz.o)
    0x08010ff2   0x08010ff2   0x0000000c   Code   RO         6237    x$fpl$dretinf       g_wm.l(dretinf.o)
    0x08010ffe   0x08010ffe   0x00000062   Code   RO         6097    x$fpl$drleqf        g_wm.l(drleqf.o)
    0x08011060   0x08011060   0x00000050   Code   RO         6072    x$fpl$drsb          g_wm.l(daddsub_clz.o)
    0x080110b0   0x080110b0   0x00000208   Code   RO         6239    x$fpl$dsqrt         g_wm.l(dsqrt_umaalclz.o)
    0x080112b8   0x080112b8   0x0000029c   Code   RO         6073    x$fpl$dsub          g_wm.l(daddsub_clz.o)
    0x08011554   0x08011554   0x0000017a   Code   RO         6241    x$fpl$dunder        g_wm.l(dunder_clz.o)
    0x080116ce   0x080116ce   0x00000002   PAD
    0x080116d0   0x080116d0   0x000001ec   Code   RO         6243    x$fpl$exception     g_wm.l(except.o)
    0x080118bc   0x080118bc   0x0000007a   Code   RO         6099    x$fpl$f2d           g_wm.l(f2d.o)
    0x08011936   0x08011936   0x000000f2   Code   RO         6245    x$fpl$fnaninf       g_wm.l(fnaninf.o)
    0x08011a28   0x08011a28   0x0000000a   Code   RO         6569    x$fpl$fpinit        g_wm.l(fpinit.o)
    0x08011a32   0x08011a32   0x0000000a   Code   RO         6247    x$fpl$fretinf       g_wm.l(fretinf.o)
    0x08011a3c   0x08011a3c   0x0000013c   Code   RO         6249    x$fpl$funder        g_wm.l(funder_clz.o)
    0x08011b78   0x08011b78   0x000000b2   Code   RO         6350    x$fpl$retnan        g_wm.l(retnan.o)
    0x08011c2a   0x08011c2a   0x0000007e   Code   RO         6253    x$fpl$trapveneer    g_wm.l(trapv.o)
    0x08011ca8   0x08011ca8   0x00000000   Code   RO         6255    x$fpl$usenofp       g_wm.l(usenofp.o)
    0x08011ca8   0x08011ca8   0x00000008   Data   RO         1132    .constdata          stm32f4xx_hal_dma.o
    0x08011cb0   0x08011cb0   0x00000018   Data   RO         3382    .constdata          system_stm32f4xx.o
    0x08011cc8   0x08011cc8   0x00000804   Data   RO         5998    .constdata          arm_cortexM4lf_math.lib(arm_common_tables.o)
    0x080124cc   0x080124cc   0x00000004   PAD
    0x080124d0   0x080124d0   0x00000098   Data   RO         6259    .constdata          m_wm.l(atan.o)
    0x08012568   0x08012568   0x00000008   Data   RO         6304    .constdata          m_wm.l(qnan.o)
    0x08012570   0x08012570   0x00000020   Data   RO         6306    .constdata          m_wm.l(rredf.o)
    0x08012590   0x08012590   0x00000020   Data   RO         6648    Region$$Table       anon$$obj.o


    Execution Region RW_IRAM1 (Exec base: 0x20000000, Load base: 0x080125b0, Size: 0x00003358, Max: 0x0001c000, ABSOLUTE, COMPRESSED[0x000002b8])

    Exec Addr    Load Addr    Size         Type   Attr      Idx    E Section Name        Object

    0x20000000   COMPRESSED   0x0000000c   Data   RW          203    .data               stm32f4xx_it.o
    0x2000000c   COMPRESSED   0x00000009   Data   RW         1564    .data               stm32f4xx_hal.o
    0x20000015   COMPRESSED   0x00000003   PAD
    0x20000018   COMPRESSED   0x00000004   Data   RW         3383    .data               system_stm32f4xx.o
    0x2000001c   COMPRESSED   0x00000008   Data   RW         3425    .data               adc.o
    0x20000024   COMPRESSED   0x0000001c   Data   RW         3554    .data               can.o
    0x20000040   COMPRESSED   0x00000022   Data   RW         3785    .data               usart.o
    0x20000062   COMPRESSED   0x00000002   PAD
    0x20000064   COMPRESSED   0x00000008   Data   RW         3872    .data               led_driver.o
    0x2000006c   COMPRESSED   0x00000038   Data   RW         3954    .data               qmi8658c.o
    0x200000a4   COMPRESSED   0x00000200   Data   RW         4124    .data               crc.o
    0x200002a4   COMPRESSED   0x00000004   Data   RW         4242    .data               filter.o
    0x200002a8   COMPRESSED   0x00000010   Data   RW         4403    .data               protocol_api.o
    0x200002b8   COMPRESSED   0x00000001   Data   RW         4497    .data               protocol_register_management.o
    0x200002b9   COMPRESSED   0x00000003   PAD
    0x200002bc   COMPRESSED   0x00000018   Data   RW         4528    .data               rt_malloc.o
    0x200002d4   COMPRESSED   0x00000012   Data   RW         4584    .data               xsto_api_ii.o
    0x200002e6   COMPRESSED   0x00000002   PAD
    0x200002e8   COMPRESSED   0x00000008   Data   RW         4664    .data               adc_callback.o
    0x200002f0   COMPRESSED   0x00000043   Data   RW         4771    .data               serial_debug.o
    0x20000333   COMPRESSED   0x00000001   PAD
    0x20000334   COMPRESSED   0x00000013   Data   RW         4853    .data               status_check.o
    0x20000347   COMPRESSED   0x00000009   Data   RW         4921    .data               task.o
    0x20000350   COMPRESSED   0x0000000c   Data   RW         4996    .data               weak_handle.o
    0x2000035c   COMPRESSED   0x00000068   Data   RW         5050    .data               curveprogramme.o
    0x200003c4   COMPRESSED   0x00000058   Data   RW         5105    .data               scurve.o
    0x2000041c   COMPRESSED   0x0000000c   Data   RW         5301    .data               pll.o
    0x20000428   COMPRESSED   0x00000002   Data   RW         5329    .data               pmsm_calib.o
    0x2000042a   COMPRESSED   0x00000002   PAD
    0x2000042c   COMPRESSED   0x00000041   Data   RW         5406    .data               pmsm_control.o
    0x2000046d   COMPRESSED   0x00000003   PAD
    0x20000470   COMPRESSED   0x00000014   Data   RW         5687    .data               brush_control.o
    0x20000484        -       0x00000014   Zero   RW          202    .bss                stm32f4xx_it.o
    0x20000498        -       0x00000020   Zero   RW          786    .bss                stm32f4xx_hal_flash.o
    0x200004b8        -       0x000001c0   Zero   RW         3424    .bss                adc.o
    0x20000678        -       0x000001c0   Zero   RW         3553    .bss                can.o
    0x20000838        -       0x00000288   Zero   RW         3664    .bss                tim.o
    0x20000ac0        -       0x000005b8   Zero   RW         3784    .bss                usart.o
    0x20001078        -       0x0000000c   Zero   RW         3953    .bss                qmi8658c.o
    0x20001084        -       0x00000050   Zero   RW         4147    .bss                key_filter.o
    0x200010d4        -       0x000002c0   Zero   RW         4241    .bss                filter.o
    0x20001394        -       0x00000400   Zero   RW         4308    .bss                alloc.o
    0x20001794        -       0x00000084   Zero   RW         4402    .bss                protocol_api.o
    0x20001818        -       0x000003fc   Zero   RW         4496    .bss                protocol_register_management.o
    0x20001c14        -       0x0000011c   Zero   RW         4583    .bss                xsto_api_ii.o
    0x20001d30        -       0x00000030   Zero   RW         4663    .bss                adc_callback.o
    0x20001d60        -       0x00000020   Zero   RW         4731    .bss                led.o
    0x20001d80        -       0x00000040   Zero   RW         4770    .bss                serial_debug.o
    0x20001dc0        -       0x000000ac   Zero   RW         4995    .bss                weak_handle.o
    0x20001e6c        -       0x00000064   Zero   RW         5049    .bss                curveprogramme.o
    0x20001ed0        -       0x00000070   Zero   RW         5104    .bss                scurve.o
    0x20001f40        -       0x0000004a   Zero   RW         5154    .bss                ultrasonic.o
    0x20001f8a   COMPRESSED   0x00000002   PAD
    0x20001f8c        -       0x00000058   Zero   RW         5198    .bss                foc.o
    0x20001fe4        -       0x000000e4   Zero   RW         5256    .bss                hall_encoder.o
    0x200020c8        -       0x00000040   Zero   RW         5300    .bss                pll.o
    0x20002108        -       0x0000018c   Zero   RW         5328    .bss                pmsm_calib.o
    0x20002294        -       0x00000560   Zero   RW         5566    .bss                pmsm_driver.o
    0x200027f4        -       0x00000010   Zero   RW         5628    .bss                brush_calib.o
    0x20002804        -       0x000004f0   Zero   RW         5813    .bss                brush_driver.o
    0x20002cf4        -       0x00000060   Zero   RW         6358    .bss                c_w.l(libspace.o)
    0x20002d54   COMPRESSED   0x00000004   PAD
    0x20002d58        -       0x00000200   Zero   RW            2    HEAP                startup_stm32f407xx.o
    0x20002f58        -       0x00000400   Zero   RW            1    STACK               startup_stm32f407xx.o


    Execution Region RW_IRAM2 (Exec base: 0x2001c000, Load base: 0x08012868, Size: 0x00000000, Max: 0x00004000, ABSOLUTE)

    **** No section assigned to this execution region ****


==============================================================================

Image component sizes


      Code (inc. data)   RO Data    RW Data    ZI Data      Debug   Object Name

      1392        118          0          8        448       5137   adc.o
      1098         80          0          8         48       5555   adc_callback.o
        20          6          0          0       1024       2075   alloc.o
       428         28          0          0         16       1882   brush_calib.o
      5776        236          0         20          0      10676   brush_control.o
      1088        112          0          0       1264       5397   brush_driver.o
       128         12          0          0          0       2092   bsp_flash.o
      1244        118          0         28        448       9064   can.o
        56          6          0        512          0       1364   crc.o
      2208        112          0        104        100       5070   curveprogramme.o
        72          6          0          0          0        762   dma.o
       602         34          0          4        704       6201   filter.o
       824         26          0          0         88       4871   foc.o
       516         28          0          0          0       1223   gpio.o
      1648         66          0          0        228       3422   hall_encoder.o
       166          4          0          0         80       2261   key_filter.o
       470         38          0          0         32       3864   led.o
       384         18          0          8          0       2894   led_driver.o
       222         10          0          0          0     729685   main.o
       260          6          0          0          0       2654   pid.o
       532         34          0         12         64       2091   pll.o
      4736        172          0          2        396       5665   pmsm_calib.o
      4632        258          0         65          0       8050   pmsm_control.o
      1288        118          0          0       1376       7457   pmsm_driver.o
       136          0          0          0          0       4303   protocol.o
      2520         38          0         16        132      18407   protocol_api.o
       192         16          0          1       1020       2948   protocol_register_management.o
      1740        122          0         56         12      12743   qmi8658c.o
       964         92          0         24          0       4797   rt_malloc.o
      2312        106          0         88        112       5289   scurve.o
       348         30          0         67         64       5853   serial_debug.o
        64         26        392          0       1536        836   startup_stm32f407xx.o
      1508        112          0         19          0       3780   status_check.o
       172         32          0          9          0       8693   stm32f4xx_hal.o
      1816         66          0          0          0       8793   stm32f4xx_hal_adc.o
       852         30          0          0          0       2351   stm32f4xx_hal_adc_ex.o
      2352          6          0          0          0      16157   stm32f4xx_hal_can.o
       372         28          0          0          0      35081   stm32f4xx_hal_cortex.o
       648         10          8          0          0       4306   stm32f4xx_hal_dma.o
       652         64          0          0         32       5878   stm32f4xx_hal_flash.o
        92          6          0          0          0        713   stm32f4xx_hal_flash_ex.o
       888         86          0          0          0       3597   stm32f4xx_hal_gpio.o
        72          4          0          0          0        842   stm32f4xx_hal_msp.o
      1820         84          0          0          0       5536   stm32f4xx_hal_rcc.o
      2806        170          0          0          0      14362   stm32f4xx_hal_tim.o
       578         60          0          0          0       4756   stm32f4xx_hal_tim_ex.o
      1742         22          0          0          0      11178   stm32f4xx_hal_uart.o
       242         56          0         12         20      11805   stm32f4xx_it.o
        20          6         24          4          0       1111   system_stm32f4xx.o
       388         40          0          9          0       3890   task.o
      2696        194          0          0        648      10087   tim.o
       336         16          0          0         74       2008   ultrasonic.o
       976        138          0         34       1464       7896   usart.o
       146          0          0          0          0       2116   utils_queue.o
       804         76          0         12        172       3223   weak_handle.o
       684         40          0         18        284       4869   xsto_api_ii.o

    ----------------------------------------------------------------------
     60772       3426        456       1156      11888    1057616   Object Totals
         0          0         32          0          0          0   (incl. Generated)
        44          4          0         16          2          0   (incl. Padding)

    ----------------------------------------------------------------------

      Code (inc. data)   RO Data    RW Data    ZI Data      Debug   Library Member Name

         0          0       2052          0          0       4636   arm_common_tables.o
       120         12          0          0          0      17018   arm_cos_f32.o
       132         14          0          0          0        750   arm_sin_f32.o
        90          0          0          0          0          0   __dczerorl2.o
         8          0          0          0          0         68   __main.o
         0          0          0          0          0          0   __rtentry.o
        12          0          0          0          0          0   __rtentry2.o
         6          0          0          0          0          0   __rtentry4.o
        52          8          0          0          0          0   __scatter.o
        28          0          0          0          0          0   __scatter_zi.o
        48          4          0          0          0         84   _fptrap.o
        22          0          0          0          0        100   _rserrno.o
        10          0          0          0          0         68   defsig_exit.o
       172        110          0          0          0         76   defsig_fpe_inner.o
        14          0          0          0          0         80   defsig_fpe_outer.o
        50          0          0          0          0         88   defsig_general.o
        12          0          0          0          0         72   exit.o
         6          0          0          0          0        152   heapauxi.o
         0          0          0          0          0          0   indicate_semi.o
         2          0          0          0          0          0   libinit.o
         6          0          0          0          0          0   libinit2.o
         2          0          0          0          0          0   libshutdown.o
         2          0          0          0          0          0   libshutdown2.o
         8          4          0          0         96         68   libspace.o
       238          0          0          0          0        100   lludivv7m.o
        88          0          0          0          0         76   memcmp.o
         8          4          0          0          0         68   rt_errno_addr_intlibspace.o
        68          0          0          0          0         68   rt_memclr.o
        78          0          0          0          0         80   rt_memclr_w.o
       138          0          0          0          0         68   rt_memcpy_v6.o
       100          0          0          0          0         80   rt_memcpy_w.o
         2          0          0          0          0          0   rtexit.o
        10          0          0          0          0          0   rtexit2.o
        12          4          0          0          0         68   sys_exit.o
        74          0          0          0          0         80   sys_stackheap_outer.o
        14          0          0          0          0         76   sys_wrch.o
         2          0          0          0          0         68   use_no_semi.o
        24          0          0          0          0        164   basic.o
       708         16          0          0          0        140   d2f_clz.o
      1336         32          0          0          0        532   daddsub_clz.o
        24          0          0          0          0        116   dcmpi.o
       892        152          0          0          0        292   ddiv_clz.o
       110          0          0          0          0        348   dflt_clz.o
       120          8          0          0          0        140   dleqf.o
       448         16          0          0          0        164   dmul_clz.o
       258          4          0          0          0        156   dnaninf.o
       112          0          0          0          0        160   drenorm_clz.o
        12          0          0          0          0        116   dretinf.o
        98          0          0          0          0        128   drleqf.o
       520         56          0          0          0        180   dsqrt_umaalclz.o
       378          0          0          0          0        168   dunder_clz.o
       492         36          0          0          0        148   except.o
       122          8          0          0          0        132   f2d.o
       242          4          0          0          0        144   fnaninf.o
        10          0          0          0          0        116   fpinit.o
        10          0          0          0          0        116   fretinf.o
       316          0          0          0          0        132   funder_clz.o
       178          0          0          0          0        116   retnan.o
       126          0          0          0          0        148   trapv.o
         0          0          0          0          0          0   usenofp.o
       744        106        152          0          0        352   atan.o
       496         64          0          0          0        192   atan2.o
       592         90          0          0          0        184   atan2f.o
       336         56          0          0          0        136   cosf.o
        72          8          0          0          0        372   dunder.o
        44          0          0          0          0        248   fabs.o
        48          0          0          0          0        124   fpclassify.o
        38          0          0          0          0        116   fpclassifyf.o
        44         12          0          0          0        464   funder.o
       248          0          0          0          0        152   poly.o
         0          0          8          0          0          0   qnan.o
       340         24         32          0          0        160   rredf.o
       400         56          0          0          0        212   sinf.o
       122          0          0          0          0        148   sqrt_full.o

    ----------------------------------------------------------------------
     11708        908       2248          0        100      30808   Library Totals
        14          0          4          0          4          0   (incl. Padding)

    ----------------------------------------------------------------------

      Code (inc. data)   RO Data    RW Data    ZI Data      Debug   Library Name

       252         26       2052          0          0      22404   arm_cortexM4lf_math.lib
      1382        134          0          0         96       1688   c_w.l
      6536        332          0          0          0       3856   g_wm.l
      3524        416        192          0          0       2860   m_wm.l

    ----------------------------------------------------------------------
     11708        908       2248          0        100      30808   Library Totals

    ----------------------------------------------------------------------

==============================================================================


      Code (inc. data)   RO Data    RW Data    ZI Data      Debug   

     72480       4334       2704       1156      11988    1051040   Grand Totals
     72480       4334       2704        696      11988    1051040   ELF Image Totals (compressed)
     72480       4334       2704        696          0          0   ROM Totals

==============================================================================

    Total RO  Size (Code + RO Data)                75184 (  73.42kB)
    Total RW  Size (RW Data + ZI Data)             13144 (  12.84kB)
    Total ROM Size (Code + RO Data + RW Data)      75880 (  74.10kB)

==============================================================================

