<html>
<body>
<pre>
<h1>µVision Build Log</h1>
<h2>Tool Versions:</h2>
IDE-Version: ¦ÌVision V5.37.0.0
Copyright (C) 2022 ARM Ltd and ARM Germany GmbH. All rights reserved.
License Information: 1 2, 37, LIC=MPPLD-8U9SW-Z91G9-48HFU-HCELQ-LWJ00
 
Tool Versions:
Toolchain:       MDK-ARM Plus  Version: 5.37.0.0
Toolchain Path:  C:\Keil_v5\ARM\ARMCC\Bin
C Compiler:      Armcc.exe V5.05 update 1 (build 106)
Assembler:       Armasm.exe V5.05 update 1 (build 106)
Linker/Locator:  ArmLink.exe V5.05 update 1 (build 106)
Library Manager: ArmAr.exe V5.05 update 1 (build 106)
Hex Converter:   FromElf.exe V5.05 update 1 (build 106)
CPU DLL:         SARMCM3.DLL V5.37.0.0
Dialog DLL:      DCM.DLL V1.17.5.0
Target DLL:      STLink\ST-LINKIII-KEIL_SWO.dll V3.0.9.0
Dialog DLL:      TCM.DLL V1.56.1.0
 
<h2>Project:</h2>
D:\last_m115\ÐÂÇúÏß\PROJECT\MDK-ARM\test.uvprojx
Project File Date:  07/04/2023

<h2>Output:</h2>
*** Using Compiler 'V5.05 update 1 (build 106)', folder: 'C:\Keil_v5\ARM\ARMCC\Bin'
Rebuild target 'test'
assembling startup_stm32f407xx.s...
compiling stm32f4xx_ll_adc.c...
compiling main.c...
compiling stm32f4xx_hal_flash_ex.c...
compiling stm32f4xx_hal_rcc.c...
compiling stm32f4xx_hal_msp.c...
compiling stm32f4xx_hal_flash.c...
compiling stm32f4xx_hal_gpio.c...
compiling stm32f4xx_hal_flash_ramfunc.c...
compiling stm32f4xx_it.c...
compiling stm32f4xx_hal_adc.c...
compiling stm32f4xx_hal_adc_ex.c...
compiling stm32f4xx_hal_rcc_ex.c...
compiling stm32f4xx_hal_pwr_ex.c...
compiling stm32f4xx_hal_exti.c...
compiling stm32f4xx_hal_dma_ex.c...
compiling stm32f4xx_hal_dma.c...
compiling stm32f4xx_hal_can.c...
compiling stm32f4xx_hal.c...
compiling stm32f4xx_hal_pwr.c...
compiling stm32f4xx_hal_tim_ex.c...
compiling stm32f4xx_hal_cortex.c...
compiling stm32f4xx_hal_uart.c...
compiling stm32f4xx_hal_tim.c...
compiling crc.c...
compiling key_filter.c...
compiling pid.c...
compiling utils_queue.c...
..\Utils\utils_queue.c(59): warning:  #68-D: integer conversion resulted in a change of sign
  		return -1;
..\Utils\utils_queue.c: 1 warning, 0 errors
compiling filter.c...
compiling alloc.c...
compiling system_stm32f4xx.c...
compiling protocol.c...
..\Protocol\protocol.c(62): warning:  #177-D: variable "TYPE" was declared but never referenced
  	uint16_t TYPE = respond_msg_data->TYPE;
..\Protocol\protocol.c: 1 warning, 0 errors
compiling can.c...
compiling bsp_flash.c...
compiling tim.c...
compiling led_driver.c...
..\BSP\led_driver.c(88): warning:  #188-D: enumerated type mixed with another type
          HAL_GPIO_WritePin(led->port, led->pin,0);
..\BSP\led_driver.c(100): warning:  #188-D: enumerated type mixed with another type
          HAL_GPIO_WritePin(led->port, led->pin,1);
..\BSP\led_driver.c(114): warning:  #188-D: enumerated type mixed with another type
  				if(led_statue == 0) HAL_GPIO_WritePin(led->port, led->pin,1);
..\BSP\led_driver.c(115): warning:  #188-D: enumerated type mixed with another type
          if(led_statue == 1) HAL_GPIO_WritePin(led->port, led->pin,0);
..\BSP\led_driver.c: 4 warnings, 0 errors
compiling usart.c...
..\BSP\usart.c(41): warning:  #177-D: variable "content_number" was declared but never referenced
  static uint16_t content_number[4]={0};
..\BSP\usart.c: 1 warning, 0 errors
compiling adc.c...
compiling dma.c...
compiling QMI8658C.c...
..\BSP\QMI8658C.c(116): warning:  #188-D: enumerated type mixed with another type
  		i2c_sda_write((data&0x80)>>7);
..\BSP\QMI8658C.c(239): warning:  #111-D: statement is unreachable
  	flag=I2C_ReadByte(QMI8658_SA0_H,0x3c);
..\BSP\QMI8658C.c(247): warning:  #940-D: missing return statement at end of non-void function "QMI8658_init"
  }
..\BSP\QMI8658C.c(288): warning:  #1035-D: single-precision operand implicitly converted to double-precision
  	y1 = y1 + (x1*0.01);  /* (Kp*t)/Ti */
..\BSP\QMI8658C.c(290): warning:  #1035-D: single-precision operand implicitly converted to double-precision
  	Angle_two = Angle_L2 + x2*0.01;
..\BSP\QMI8658C.c: 5 warnings, 0 errors
compiling protocol_api.c...
compiling gpio.c...
compiling protocol_register_management.c...
compiling xsto_api_ii.c...
..\Protocol\xsto_api_ii.c(451): warning:  #1-D: last line of file ends without a newline
  }
..\Protocol\xsto_api_ii.c(422): warning:  #550-D: variable "heartbeat_interval" was set but never used
      static uint16_t heartbeat_interval = 1000;
..\Protocol\xsto_api_ii.c(100): warning:  #177-D: function "master_register_ack" was declared but never referenced
  static void master_register_ack(void)
..\Protocol\xsto_api_ii.c(127): warning:  #177-D: function "master_heartbeat_ack" was declared but never referenced
  static void master_heartbeat_ack(uint32_t time)
..\Protocol\xsto_api_ii.c: 4 warnings, 0 errors
compiling rt_malloc.c...
compiling led.c...
..\module\led.c(103): warning:  #188-D: enumerated type mixed with another type
              led_off(led.red | led.green);
..\module\led.c(107): warning:  #188-D: enumerated type mixed with another type
              led_on(led.red | led.green);
..\module\led.c: 2 warnings, 0 errors
compiling CurveProgramme.c...
..\Module\CurveProgramme.c(279): warning:  #177-D: variable "speedbuff" was declared but never referenced
  	float speedbuff = 0.0f;
..\Module\CurveProgramme.c: 1 warning, 0 errors
compiling Scurve.c...
compiling FOC.c...
compiling PLL.c...
compiling adc_callback.c...
..\module\adc_callback.c(91): warning:  #940-D: missing return statement at end of non-void function "adc_ReadAvgRaw"
  }
..\module\adc_callback.c: 1 warning, 0 errors
compiling weak_handle.c...
compiling HALL_Encoder.c...
compiling ultrasonic.c...
compiling task.c...
compiling Brush_Calib.c...
compiling serial_debug.c...
compiling Status_Check.c...
compiling PMSM_Calib.c...
compiling PMSM_Driver.c...
..\PMSM\PMSM_Driver.c(15): warning:  #188-D: enumerated type mixed with another type
  sMotorCtrlTypeDef testx = {0};
..\PMSM\PMSM_Driver.c(16): warning:  #188-D: enumerated type mixed with another type
  sMotorCtrlTypeDef PMSM[2] = {0};
..\PMSM\PMSM_Driver.c: 2 warnings, 0 errors
compiling PMSM_Control.c...
..\PMSM\PMSM_Control.c(36): warning:  #177-D: variable "count_temp_turn" was declared but never referenced
  	float count_temp_turn = 0.0f;
..\PMSM\PMSM_Control.c(60): warning:  #173-D: floating-point value does not fit in required integral type
  			PMSM[num].count_buffers = (uint16_t)bx;
..\PMSM\PMSM_Control.c(84): warning:  #940-D: missing return statement at end of non-void function "put_s_value"
  }
..\PMSM\PMSM_Control.c: 3 warnings, 0 errors
compiling Brush_Control.c...
compiling Brush_Driver.c...
linking...
Program Size: Code=72480 RO-data=2704 RW-data=1156 ZI-data=11988  
FromELF: creating hex file...
After Build - User command #1: "C:\Keil_v5\\ARM\ARMCC\bin\fromelf.exe" --bincombined "test\test.axf" --output="test\\M115.bin"
"test\test.axf" - 0 Error(s), 25 Warning(s).

<h2>Software Packages used:</h2>

Package Vendor: ARM
                http://www.keil.com/pack/ARM.CMSIS.5.9.0.pack
                ARM.CMSIS.5.9.0
                CMSIS (Common Microcontroller Software Interface Standard)
   * Component: CORE Version: 5.6.0

Package Vendor: Keil
                http://www.keil.com/pack/Keil.STM32F4xx_DFP.2.16.0.pack
                Keil.STM32F4xx_DFP.2.16.0
                STMicroelectronics STM32F4 Series Device Support, Drivers and Examples

<h2>Collection of Component include folders:</h2>
  ./RTE/_test
  C:/Keil_v5/ARM/Pack/ARM/CMSIS/5.9.0/CMSIS/Core/Include
  C:/Keil_v5/ARM/Pack/Keil/STM32F4xx_DFP/2.16.0/Drivers/CMSIS/Device/ST/STM32F4xx/Include

<h2>Collection of Component Files used:</h2>

   * Component: ARM::CMSIS:CORE:5.6.0
      Include file:  CMSIS/Core/Include/tz_context.h
Build Time Elapsed:  00:00:38
</pre>
</body>
</html>
