Component: ARM Compiler 5.06 update 7 (build 960) Tool: armlink [4d3601]

==============================================================================

Section Cross References

    main.o(i.main) refers to drv.o(i.drv_init) for drv_init
    main.o(i.main) refers to ext.o(i.ext_init) for ext_init
    main.o(i.main) refers to app_protocol.o(i.Remote_buff_init) for Remote_buff_init
    main.o(i.main) refers to app_remote_para.o(i.Remote_para_init) for Remote_para_init
    main.o(i.main) refers to app_mem.o(i.mem_init) for mem_init
    main.o(i.main) refers to can_ext.o(i.can_receive) for can_receive
    main.o(i.main) refers to can_ext.o(i.can_transmit) for can_transmit
    main.o(i.main) refers to btlink_task.o(i.BTNoneOSTask) for BTNoneOSTask
    main.o(i.main) refers to app_protocol.o(i.app_cltprocess) for app_cltprocess
    main.o(i.main) refers to can_task.o(i.CANNoneOsTxTask) for CANNoneOsTxTask
    main.o(i.main) refers to key_ext.o(i.bsp_KeyScan10ms) for bsp_KeyScan10ms
    main.o(i.main) refers to app_display.o(i.app_display) for app_display
    main.o(i.main) refers to ev1527_ext.o(i.ev1527_task) for ev1527_task
    main.o(i.main) refers to bt_ext.o(i.BTdisconnect) for BTdisconnect
    main.o(i.main) refers to music_ext.o(i.music_play_task) for music_play_task
    main.o(i.main) refers to gd32f30x_gpio.o(i.gpio_output_bit_get) for gpio_output_bit_get
    main.o(i.main) refers to gd32f30x_gpio.o(i.gpio_bit_reset) for gpio_bit_reset
    main.o(i.main) refers to gd32f30x_gpio.o(i.gpio_bit_set) for gpio_bit_set
    main.o(i.main) refers to gps_task.o(i.GPSNoneOSTask) for GPSNoneOSTask
    main.o(i.main) refers to debug.o(i.debugUartPrint) for debugUartPrint
    main.o(i.main) refers to fwdgt_ext.o(i.fwdgt_feed) for fwdgt_feed
    main.o(i.main) refers to app_mem.o(i.mem_save) for mem_save
    main.o(i.main) refers to power_control.o(i.powerOFF) for powerOFF
    main.o(i.main) refers to power_control.o(i.powerON) for powerON
    main.o(i.main) refers to timer_ext.o(.data) for time_flag
    main.o(i.main) refers to app_remote_para.o(.bss) for Remote_setting_para
    delay.o(i.SysTick_Handler) refers to tasks.o(i.xTaskGetSchedulerState) for xTaskGetSchedulerState
    delay.o(i.SysTick_Handler) refers to port.o(i.xPortSysTickHandler) for xPortSysTickHandler
    delay.o(i.delay_init) refers to gd32f30x_misc.o(i.systick_clksource_set) for systick_clksource_set
    delay.o(i.delay_init) refers to system_gd32f30x.o(.data) for SystemCoreClock
    delay.o(i.delay_init) refers to delay.o(.data) for fac_us
    delay.o(i.delay_ms) refers to tasks.o(i.xTaskGetSchedulerState) for xTaskGetSchedulerState
    delay.o(i.delay_ms) refers to tasks.o(i.vTaskDelay) for vTaskDelay
    delay.o(i.delay_ms) refers to delay.o(i.delay_us) for delay_us
    delay.o(i.delay_ms) refers to delay.o(.data) for fac_ms
    delay.o(i.delay_us) refers to delay.o(.data) for fac_us
    delay.o(i.delay_xms) refers to delay.o(i.delay_us) for delay_us
    data_pack_task.o(i.BTNoneOsProcessTask) refers to data_pack_task.o(i.DataPackAnalyze) for DataPackAnalyze
    data_pack_task.o(i.BTNoneOsProcessTask) refers to btlink_task.o(i.BTlinkSendPacket) for BTlinkSendPacket
    data_pack_task.o(i.DataPackAnalyze) refers to joystick_ext.o(i.deadband) for deadband
    data_pack_task.o(i.DataPackAnalyze) refers to led_ext.o(i.ledDisplayOFF) for ledDisplayOFF
    data_pack_task.o(i.DataPackAnalyze) refers to app_remote_para.o(.bss) for Remote_setting_para
    data_pack_task.o(i.DataPackAnalyze) refers to joystick_ext.o(.data) for joyetick_adc
    display_task.o(i.displayTask) refers to tasks.o(i.vTaskDelay) for vTaskDelay
    display_task.o(i.displayTask) refers to app_display.o(i.app_display) for app_display
    key_task.o(i.keyTask) refers to tasks.o(i.xTaskGetTickCount) for xTaskGetTickCount
    key_task.o(i.keyTask) refers to key_ext.o(i.bsp_KeyScan10ms) for bsp_KeyScan10ms
    key_task.o(i.keyTask) refers to tasks.o(i.vTaskDelayUntil) for vTaskDelayUntil
    btlink_task.o(i.BTNoneOSTask) refers to data_pack_task.o(i.BTNoneOsProcessTask) for BTNoneOsProcessTask
    btlink_task.o(i.BTNoneOSTask) refers to bt_ext.o(i.BTGetDataWithTimout) for BTGetDataWithTimout
    btlink_task.o(i.BTNoneOSTask) refers to btlink_task.o(.bss) for RxPack
    btlink_task.o(i.BTlinkSendPacket) refers to memcpya.o(.text) for __aeabi_memcpy
    btlink_task.o(i.BTlinkSendPacket) refers to uart_ext.o(i.uart_wire_send) for uart_wire_send
    btlink_task.o(i.BTlinkSendPacket) refers to uart_ext.o(i.uart_bt_send) for uart_bt_send
    btlink_task.o(i.BTlinkSendPacket) refers to btlink_task.o(.bss) for btSendBuffer
    gps_task.o(i.GPSNoneOSTask) refers to gps_ext.o(i.dtu_work_mode) for dtu_work_mode
    gps_task.o(i.GPSNoneOSTask) refers to gps_task.o(.data) for flag
    gps_task.o(i.gpsTask) refers to tasks.o(i.vTaskDelay) for vTaskDelay
    gps_task.o(i.gpsTask) refers to gps_task.o(.data) for i
[...]
    DMA0_Channel3_IRQHandler                 0x08000223   Thumb Code     0  startup_gd32f30x_hd.o(.text)
    DMA0_Channel4_IRQHandler                 0x08000223   Thumb Code     0  startup_gd32f30x_hd.o(.text)
    DMA0_Channel5_IRQHandler                 0x08000223   Thumb Code     0  startup_gd32f30x_hd.o(.text)
    DMA0_Channel6_IRQHandler                 0x08000223   Thumb Code     0  startup_gd32f30x_hd.o(.text)
    DMA1_Channel0_IRQHandler                 0x08000223   Thumb Code     0  startup_gd32f30x_hd.o(.text)
    DMA1_Channel1_IRQHandler                 0x08000223   Thumb Code     0  startup_gd32f30x_hd.o(.text)
    DMA1_Channel2_IRQHandler                 0x08000223   Thumb Code     0  startup_gd32f30x_hd.o(.text)
    DMA1_Channel3_4_IRQHandler               0x08000223   Thumb Code     0  startup_gd32f30x_hd.o(.text)
    EXMC_IRQHandler                          0x08000223   Thumb Code     0  startup_gd32f30x_hd.o(.text)
    EXTI0_IRQHandler                         0x08000223   Thumb Code     0  startup_gd32f30x_hd.o(.text)
    EXTI10_15_IRQHandler                     0x08000223   Thumb Code     0  startup_gd32f30x_hd.o(.text)
    EXTI1_IRQHandler                         0x08000223   Thumb Code     0  startup_gd32f30x_hd.o(.text)
    EXTI2_IRQHandler                         0x08000223   Thumb Code     0  startup_gd32f30x_hd.o(.text)
    EXTI3_IRQHandler                         0x08000223   Thumb Code     0  startup_gd32f30x_hd.o(.text)
    EXTI4_IRQHandler                         0x08000223   Thumb Code     0  startup_gd32f30x_hd.o(.text)
    EXTI5_9_IRQHandler                       0x08000223   Thumb Code     0  startup_gd32f30x_hd.o(.text)
    FMC_IRQHandler                           0x08000223   Thumb Code     0  startup_gd32f30x_hd.o(.text)
    I2C0_ER_IRQHandler                       0x08000223   Thumb Code     0  startup_gd32f30x_hd.o(.text)
    I2C0_EV_IRQHandler                       0x08000223   Thumb Code     0  startup_gd32f30x_hd.o(.text)
    I2C1_ER_IRQHandler                       0x08000223   Thumb Code     0  startup_gd32f30x_hd.o(.text)
    I2C1_EV_IRQHandler                       0x08000223   Thumb Code     0  startup_gd32f30x_hd.o(.text)
    RCU_CTC_IRQHandler                       0x08000223   Thumb Code     0  startup_gd32f30x_hd.o(.text)
    RTC_Alarm_IRQHandler                     0x08000223   Thumb Code     0  startup_gd32f30x_hd.o(.text)
    RTC_IRQHandler                           0x08000223   Thumb Code     0  startup_gd32f30x_hd.o(.text)
    SDIO_IRQHandler                          0x08000223   Thumb Code     0  startup_gd32f30x_hd.o(.text)
    SPI0_IRQHandler                          0x08000223   Thumb Code     0  startup_gd32f30x_hd.o(.text)
    SPI1_IRQHandler                          0x08000223   Thumb Code     0  startup_gd32f30x_hd.o(.text)
    SPI2_IRQHandler                          0x08000223   Thumb Code     0  startup_gd32f30x_hd.o(.text)
    TAMPER_IRQHandler                        0x08000223   Thumb Code     0  startup_gd32f30x_hd.o(.text)
    TIMER0_BRK_IRQHandler                    0x08000223   Thumb Code     0  startup_gd32f30x_hd.o(.text)
    TIMER0_Channel_IRQHandler                0x08000223   Thumb Code     0  startup_gd32f30x_hd.o(.text)
    TIMER0_TRG_CMT_IRQHandler                0x08000223   Thumb Code     0  startup_gd32f30x_hd.o(.text)
    TIMER1_IRQHandler                        0x08000223   Thumb Code     0  startup_gd32f30x_hd.o(.text)
    TIMER2_IRQHandler                        0x08000223   Thumb Code     0  startup_gd32f30x_hd.o(.text)
    TIMER3_IRQHandler                        0x08000223   Thumb Code     0  startup_gd32f30x_hd.o(.text)
    TIMER4_IRQHandler                        0x08000223   Thumb Code     0  startup_gd32f30x_hd.o(.text)
    TIMER5_IRQHandler                        0x08000223   Thumb Code     0  startup_gd32f30x_hd.o(.text)
    TIMER6_IRQHandler                        0x08000223   Thumb Code     0  startup_gd32f30x_hd.o(.text)
    TIMER7_BRK_IRQHandler                    0x08000223   Thumb Code     0  startup_gd32f30x_hd.o(.text)
    TIMER7_Channel_IRQHandler                0x08000223   Thumb Code     0  startup_gd32f30x_hd.o(.text)
    TIMER7_TRG_CMT_IRQHandler                0x08000223   Thumb Code     0  startup_gd32f30x_hd.o(.text)
    TIMER7_UP_IRQHandler                     0x08000223   Thumb Code     0  startup_gd32f30x_hd.o(.text)
    UART4_IRQHandler                         0x08000223   Thumb Code     0  startup_gd32f30x_hd.o(.text)
    USART2_IRQHandler                        0x08000223   Thumb Code     0  startup_gd32f30x_hd.o(.text)
    USBD_HP_CAN0_TX_IRQHandler               0x08000223   Thumb Code     0  startup_gd32f30x_hd.o(.text)
    USBD_LP_CAN0_RX0_IRQHandler              0x08000223   Thumb Code     0  startup_gd32f30x_hd.o(.text)
    USBD_WKUP_IRQHandler                     0x08000223   Thumb Code     0  startup_gd32f30x_hd.o(.text)
    WWDGT_IRQHandler                         0x08000223   Thumb Code     0  startup_gd32f30x_hd.o(.text)
    __aeabi_memcpy                           0x0800022d   Thumb Code    36  memcpya.o(.text)
    __aeabi_memcpy4                          0x0800022d   Thumb Code     0  memcpya.o(.text)
    __aeabi_memcpy8                          0x0800022d   Thumb Code     0  memcpya.o(.text)
    __aeabi_memset                           0x08000251   Thumb Code    14  memseta.o(.text)
    __aeabi_memset4                          0x08000251   Thumb Code     0  memseta.o(.text)
    __aeabi_memset8                          0x08000251   Thumb Code     0  memseta.o(.text)
    __aeabi_memclr                           0x0800025f   Thumb Code     4  memseta.o(.text)
    __aeabi_memclr4                          0x0800025f   Thumb Code     0  memseta.o(.text)
    __aeabi_memclr8                          0x0800025f   Thumb Code     0  memseta.o(.text)
    memset                                   0x08000263   Thumb Code    18  memseta.o(.text)
    strstr                                   0x08000275   Thumb Code    36  strstr.o(.text)
    strlen                                   0x08000299   Thumb Code    14  strlen.o(.text)
    __aeabi_uidiv                            0x080002a7   Thumb Code     0  uidiv.o(.text)
    __aeabi_uidivmod                         0x080002a7   Thumb Code    44  uidiv.o(.text)
    __scatterload                            0x080002d5   Thumb Code    28  init.o(.text)
    __scatterload_rt2                        0x080002d5   Thumb Code     0  init.o(.text)
    __decompress                             0x080002f9   Thumb Code     0  __dczerorl2.o(.text)
    __decompress1                            0x080002f9   Thumb Code    86  __dczerorl2.o(.text)
    ADC_EXT_Init                             0x0800034f   Thumb Code    12  joystick_ext.o(i.ADC_EXT_Init)
    AdcLevelled                              0x0800035d   Thumb Code    88  joystick_ext.o(i.AdcLevelled)
    BTGetDataWithTimout                      0x080003b9   Thumb Code    16  bt_ext.o(i.BTGetDataWithTimout)
    BTNoneOSTask                             0x080003cd   Thumb Code   226  btlink_task.o(i.BTNoneOSTask)
    BTNoneOsProcessTask                      0x080004b5   Thumb Code    22  data_pack_task.o(i.BTNoneOsProcessTask)
    BT_Init                                  0x080004cd   Thumb Code   234  uart_ext.o(i.BT_Init)
    BTdisconnect                             0x080005c1   Thumb Code   196  bt_ext.o(i.BTdisconnect)
    BTlinkSendPacket                         0x0800069d   Thumb Code    94  btlink_task.o(i.BTlinkSendPacket)
    BusFault_Handler                         0x08000701   Thumb Code     4  gd32f30x_it.o(i.BusFault_Handler)
    CAN0_RX1_IRQHandler                      0x08000705   Thumb Code    88  can_ext.o(i.CAN0_RX1_IRQHandler)
    CANCheckValue_S                          0x08000765   Thumb Code   352  can_task.o(i.CANCheckValue_S)
    CANCheckValue_s                          0x080008d9   Thumb Code   128  can_task.o(i.CANCheckValue_s)
    CANNoneOsTxTask                          0x08000975   Thumb Code    68  can_task.o(i.CANNoneOsTxTask)
    CANPackAnalyze                           0x080009c9   Thumb Code   230  can_task.o(i.CANPackAnalyze)
    CANProtocolTransbuff                     0x08000ac1   Thumb Code  2934  app_protocol.o(i.CANProtocolTransbuff)
    CANSubInit                               0x08001649   Thumb Code   574  can_task.o(i.CANSubInit)
    CAN_Para_Init                            0x0800189d   Thumb Code    38  can_ext.o(i.CAN_Para_Init)
    CanSend                                  0x080018d5   Thumb Code   120  can_ext.o(i.CanSend)
    DebugMon_Handler                         0x08001d0d   Thumb Code     2  gd32f30x_it.o(i.DebugMon_Handler)
    GPIO_InitIO                              0x08001d0f   Thumb Code    28  drv.o(i.GPIO_InitIO)
    GPSNoneOSTask                            0x08001d2d   Thumb Code    28  gps_task.o(i.GPSNoneOSTask)
    Gps_Init                                 0x08001d4d   Thumb Code   234  uart_ext.o(i.Gps_Init)
    HardFault_Handler                        0x08001e41   Thumb Code    34  gd32f30x_it.o(i.HardFault_Handler)
    KeyPinActive                             0x08001f0d   Thumb Code    16  key_ext.o(i.KeyPinActive)
    LVD_IRQHandler                           0x08001f2b   Thumb Code    26  drv.o(i.LVD_IRQHandler)
    LoopQueue_DataLen                        0x08001f45   Thumb Code    36  app_loopqueue.o(i.LoopQueue_DataLen)
    LoopQueue_DeInit                         0x08001f69   Thumb Code    10  app_loopqueue.o(i.LoopQueue_DeInit)
    LoopQueue_Init                           0x08001f73   Thumb Code    24  app_loopqueue.o(i.LoopQueue_Init)
    LoopQueue_ReadRelease                    0x08001f8b   Thumb Code   110  app_loopqueue.o(i.LoopQueue_ReadRelease)
    LoopQueue_Write                          0x08001ff9   Thumb Code   114  app_loopqueue.o(i.LoopQueue_Write)
    MUSIC_Init                               0x0800206d   Thumb Code    24  uart_ext.o(i.MUSIC_Init)
    MX_TIM2_SCAN_Init                        0x08002089   Thumb Code    86  timer_ext.o(i.MX_TIM2_SCAN_Init)
    MemManage_Handler                        0x080020e5   Thumb Code     4  gd32f30x_it.o(i.MemManage_Handler)
    NMI_Handler                              0x080020e9   Thumb Code     2  gd32f30x_it.o(i.NMI_Handler)
    ObtainAdcMedian                          0x080020ed   Thumb Code   102  joystick_ext.o(i.ObtainAdcMedian)
    PDU_to_combine_read                      0x08002159   Thumb Code    28  protocol_api.o(i.PDU_to_combine_read)
    PDU_to_combine_write                     0x08002175   Thumb Code    78  protocol_api.o(i.PDU_to_combine_write)
    PDU_to_msg_data                          0x080021c3   Thumb Code    18  protocol_api.o(i.PDU_to_msg_data)
    Remote_buff_init                         0x080021d5   Thumb Code    20  app_protocol.o(i.Remote_buff_init)
    Remote_para_default                      0x080021f1   Thumb Code   150  app_remote_para.o(i.Remote_para_default)
    Remote_para_init                         0x0800229d   Thumb Code    48  app_remote_para.o(i.Remote_para_init)
    SysTick_Handler                          0x0800233b   Thumb Code    16  delay.o(i.SysTick_Handler)
    SystemInit                               0x0800234d   Thumb Code   156  system_gd32f30x.o(i.SystemInit)
    TIMER0_UP_IRQHandler                     0x080023f5   Thumb Code   288  timer_ext.o(i.TIMER0_UP_IRQHandler)
    UART3_IRQHandler                         0x08002521   Thumb Code    70  gps_ext.o(i.UART3_IRQHandler)
    UART_Init                                0x08002579   Thumb Code    70  drv.o(i.UART_Init)
    USART0_IRQHandler                        0x080025bf   Thumb Code     2  uart_ext.o(i.USART0_IRQHandler)
    USART1_IRQHandler                        0x080025c1   Thumb Code    80  bt_ext.o(i.USART1_IRQHandler)
    UsageFault_Handler                       0x08002625   Thumb Code     4  gd32f30x_it.o(i.UsageFault_Handler)
    WIRE_Init                                0x08002629   Thumb Code   126  uart_ext.o(i.WIRE_Init)
    __0printf$3                              0x080026b1   Thumb Code    22  printf3.o(i.__0printf$3)
    __1printf$3                              0x080026b1   Thumb Code     0  printf3.o(i.__0printf$3)
    __2printf                                0x080026b1   Thumb Code     0  printf3.o(i.__0printf$3)
    __0sprintf$3                             0x080026d1   Thumb Code    34  printf3.o(i.__0sprintf$3)
    __1sprintf$3                             0x080026d1   Thumb Code     0  printf3.o(i.__0sprintf$3)
    __2sprintf                               0x080026d1   Thumb Code     0  printf3.o(i.__0sprintf$3)
    __scatterload_copy                       0x080026f9   Thumb Code    14  handlers.o(i.__scatterload_copy)
    __scatterload_null                       0x08002707   Thumb Code     2  handlers.o(i.__scatterload_null)
    __scatterload_zeroinit                   0x08002709   Thumb Code    14  handlers.o(i.__scatterload_zeroinit)
    adc_calibration_enable                   0x080028db   Thumb Code    42  gd32f30x_adc.o(i.adc_calibration_enable)
    adc_channel_length_config                0x08002905   Thumb Code    70  gd32f30x_adc.o(i.adc_channel_length_config)
    adc_config                               0x0800294d   Thumb Code   134  joystick_ext.o(i.adc_config)
    adc_data_alignment_config                0x080029d9   Thumb Code    22  gd32f30x_adc.o(i.adc_data_alignment_config)
    adc_deinit                               0x080029f1   Thumb Code    84  gd32f30x_adc.o(i.adc_deinit)
    adc_dma_mode_enable                      0x08002a49   Thumb Code    10  gd32f30x_adc.o(i.adc_dma_mode_enable)
    adc_enable                               0x08002a53   Thumb Code    18  gd32f30x_adc.o(i.adc_enable)
    adc_external_trigger_config              0x08002a65   Thumb Code    62  gd32f30x_adc.o(i.adc_external_trigger_config)
    adc_external_trigger_source_config       0x08002aa3   Thumb Code    48  gd32f30x_adc.o(i.adc_external_trigger_source_config)
    adc_mode_config                          0x08002ad5   Thumb Code    22  gd32f30x_adc.o(i.adc_mode_config)
    adc_regular_channel_config               0x08002af1   Thumb Code   172  gd32f30x_adc.o(i.adc_regular_channel_config)
    adc_software_trigger_enable              0x08002b9d   Thumb Code    30  gd32f30x_adc.o(i.adc_software_trigger_enable)
    adc_special_function_config              0x08002bbb   Thumb Code    90  gd32f30x_adc.o(i.adc_special_function_config)
    add_subscribe_combine_node               0x08002c15   Thumb Code   956  protocol_api.o(i.add_subscribe_combine_node)
    api_init                                 0x08002fd5   Thumb Code    14  xsto_api_ii.o(i.api_init)
    api_message_send                         0x08002fe9   Thumb Code   158  xsto_api_ii.o(i.api_message_send)
    api_on_message_received                  0x0800308d   Thumb Code    10  can_task.o(i.api_on_message_received)
    api_port_received                        0x08003097   Thumb Code    28  xsto_api_ii.o(i.api_port_received)
    api_port_send                            0x080030b3   Thumb Code    16  can_task.o(i.api_port_send)
    app_cltprocess                           0x080030c5   Thumb Code   416  app_protocol.o(i.app_cltprocess)
    app_display                              0x08003279   Thumb Code   118  app_display.o(i.app_display)
    bsp_GetKey                               0x080033c5   Thumb Code    46  key_ext.o(i.bsp_GetKey)
    bsp_KeyScan10ms                          0x08003451   Thumb Code    26  key_ext.o(i.bsp_KeyScan10ms)
    bsp_PutKey                               0x0800346d   Thumb Code    28  key_ext.o(i.bsp_PutKey)
    bt_init                                  0x0800348d   Thumb Code    94  bt_ext.o(i.bt_init)
    bt_initIO                                0x08003505   Thumb Code    52  bt_drv.o(i.bt_initIO)
    buzz_initIO                              0x08003541   Thumb Code     2  buzz_drv.o(i.buzz_initIO)
    can_deinit                               0x08003545   Thumb Code    28  gd32f30x_can.o(i.can_deinit)
    can_filter_init                          0x08003565   Thumb Code   262  gd32f30x_can.o(i.can_filter_init)
    can_init                                 0x08003675   Thumb Code   290  gd32f30x_can.o(i.can_init)
    can_interrupt_enable                     0x08003797   Thumb Code     8  gd32f30x_can.o(i.can_interrupt_enable)
    can_message_receive                      0x0800379f   Thumb Code   228  gd32f30x_can.o(i.can_message_receive)
    can_message_transmit                     0x08003885   Thumb Code   332  gd32f30x_can.o(i.can_message_transmit)
    can_myinit                               0x080039d5   Thumb Code   184  can_ext.o(i.can_myinit)
    can_receive                              0x08003a95   Thumb Code    36  can_ext.o(i.can_receive)
    can_serial_available                     0x08003abd   Thumb Code    32  can_ext.o(i.can_serial_available)
    can_serial_read                          0x08003ae1   Thumb Code    54  can_ext.o(i.can_serial_read)
    can_serial_write                         0x08003b1d   Thumb Code    22  can_ext.o(i.can_serial_write)
    can_struct_para_init                     0x08003b39   Thumb Code   164  gd32f30x_can.o(i.can_struct_para_init)
    can_transmit                             0x08003bdd   Thumb Code   306  can_ext.o(i.can_transmit)
    can_tx_available                         0x08003d21   Thumb Code    44  can_ext.o(i.can_tx_available)
    can_tx_buf                               0x08003d4d   Thumb Code    44  can_ext.o(i.can_tx_buf)
    combine_subscribe_to_PDU                 0x08003d79   Thumb Code    44  protocol_api.o(i.combine_subscribe_to_PDU)
    combine_write_to_PDU                     0x08003da5   Thumb Code   134  protocol_api.o(i.combine_write_to_PDU)
    crc_ccitt                                0x08003e2d   Thumb Code    50  crc.o(i.crc_ccitt)
    dbg_trace_pin_disable                    0x08003e65   Thumb Code    14  gd32f30x_dbg.o(i.dbg_trace_pin_disable)
    deadband                                 0x08003e79   Thumb Code    28  joystick_ext.o(i.deadband)
    debugUartPrint                           0x08003e95   Thumb Code   122  debug.o(i.debugUartPrint)
    del_subscribe_combine_node               0x0800402d   Thumb Code   188  protocol_api.o(i.del_subscribe_combine_node)
    delay_init                               0x080040ed   Thumb Code    74  delay.o(i.delay_init)
    delay_ms                                 0x08004149   Thumb Code    60  delay.o(i.delay_ms)
    delay_us                                 0x08004189   Thumb Code    68  delay.o(i.delay_us)
    dma_channel_disable                      0x080041d1   Thumb Code    50  gd32f30x_dma.o(i.dma_channel_disable)
    dma_channel_enable                       0x08004203   Thumb Code    50  gd32f30x_dma.o(i.dma_channel_enable)
    dma_circulation_disable                  0x08004235   Thumb Code    50  gd32f30x_dma.o(i.dma_circulation_disable)
    dma_circulation_enable                   0x08004267   Thumb Code    50  gd32f30x_dma.o(i.dma_circulation_enable)
    dma_config                               0x08004299   Thumb Code    86  joystick_ext.o(i.dma_config)
    dma_deinit                               0x080042fd   Thumb Code   112  gd32f30x_dma.o(i.dma_deinit)
    dma_flag_get                             0x0800436d   Thumb Code    24  gd32f30x_dma.o(i.dma_flag_get)
    dma_init                                 0x08004385   Thumb Code   302  gd32f30x_dma.o(i.dma_init)
    dma_memory_address_config                0x080044b3   Thumb Code    36  gd32f30x_dma.o(i.dma_memory_address_config)
    dma_memory_to_memory_disable             0x080044d7   Thumb Code    50  gd32f30x_dma.o(i.dma_memory_to_memory_disable)
    dma_transfer_number_config               0x08004521   Thumb Code    38  gd32f30x_dma.o(i.dma_transfer_number_config)
    dma_transfer_number_get                  0x08004547   Thumb Code    34  gd32f30x_dma.o(i.dma_transfer_number_get)
    drv_init                                 0x08004569   Thumb Code   180  drv.o(i.drv_init)
    dtu_gps_data_pack                        0x08004621   Thumb Code   144  gps_ext.o(i.dtu_gps_data_pack)
    dtu_work_gps                             0x080046bd   Thumb Code   358  gps_ext.o(i.dtu_work_gps)
    dtu_work_mode                            0x08004865   Thumb Code    36  gps_ext.o(i.dtu_work_mode)
    dtu_work_xstoyun                         0x08004889   Thumb Code   274  gps_ext.o(i.dtu_work_xstoyun)
    ev1527_init                              0x08004a69   Thumb Code    32  ev1527_ext.o(i.ev1527_init)
    ev1527_initIO                            0x08004a99   Thumb Code    64  ev1527_drv.o(i.ev1527_initIO)
    ev1527_key_scan                          0x08004ae1   Thumb Code   140  ev1527_ext.o(i.ev1527_key_scan)
    ev1527_scan                              0x08004b85   Thumb Code   920  ev1527_ext.o(i.ev1527_scan)
    ev1527_set_userID                        0x08004f75   Thumb Code    18  ev1527_ext.o(i.ev1527_set_userID)
    ev1527_task                              0x08004f8d   Thumb Code   102  ev1527_ext.o(i.ev1527_task)
    ext_init                                 0x08005005   Thumb Code    62  ext.o(i.ext_init)
    exti_flag_clear                          0x08005049   Thumb Code     6  gd32f30x_exti.o(i.exti_flag_clear)
    exti_init                                0x08005055   Thumb Code   178  gd32f30x_exti.o(i.exti_init)
    exti_interrupt_flag_clear                0x0800510d   Thumb Code     6  gd32f30x_exti.o(i.exti_interrupt_flag_clear)
    exti_interrupt_flag_get                  0x08005119   Thumb Code    32  gd32f30x_exti.o(i.exti_interrupt_flag_get)
    flash_read                               0x0800513d   Thumb Code    28  flash_ext.o(i.flash_read)
    flash_write                              0x0800515d   Thumb Code    74  flash_ext.o(i.flash_write)
    fmc_bank0_ready_wait                     0x080051ad   Thumb Code    34  gd32f30x_fmc.o(i.fmc_bank0_ready_wait)
    fmc_bank0_state_get                      0x080051d1   Thumb Code    44  gd32f30x_fmc.o(i.fmc_bank0_state_get)
    fmc_bank1_ready_wait                     0x08005201   Thumb Code    34  gd32f30x_fmc.o(i.fmc_bank1_ready_wait)
    fmc_bank1_state_get                      0x08005225   Thumb Code    44  gd32f30x_fmc.o(i.fmc_bank1_state_get)
    fmc_lock                                 0x08005255   Thumb Code    34  gd32f30x_fmc.o(i.fmc_lock)
    fmc_page_erase                           0x08005281   Thumb Code   210  gd32f30x_fmc.o(i.fmc_page_erase)
    fmc_unlock                               0x08005365   Thumb Code    52  gd32f30x_fmc.o(i.fmc_unlock)
    fmc_word_program                         0x080053a9   Thumb Code   166  gd32f30x_fmc.o(i.fmc_word_program)
    fputc                                    0x08005461   Thumb Code    32  debug.o(i.fputc)
    fwdgt_config                             0x08005485   Thumb Code    94  gd32f30x_fwdgt.o(i.fwdgt_config)
    fwdgt_counter_reload                     0x080054ed   Thumb Code    10  gd32f30x_fwdgt.o(i.fwdgt_counter_reload)
    fwdgt_enable                             0x080054fd   Thumb Code    10  gd32f30x_fwdgt.o(i.fwdgt_enable)
    fwdgt_feed                               0x0800550d   Thumb Code    16  fwdgt_ext.o(i.fwdgt_feed)
    fwdgt_init                               0x0800551d   Thumb Code    48  fwdgt_ext.o(i.fwdgt_init)
    fwdgt_write_disable                      0x0800554d   Thumb Code     8  gd32f30x_fwdgt.o(i.fwdgt_write_disable)
    fwdgt_write_enable                       0x08005559   Thumb Code    10  gd32f30x_fwdgt.o(i.fwdgt_write_enable)
    getUiNum                                 0x08005569   Thumb Code    52  app_display.o(i.getUiNum)
    get_mixkey                               0x080055a1   Thumb Code    84  key_ext.o(i.get_mixkey)
    get_subscribe_combine_node               0x08005605   Thumb Code   154  protocol_api.o(i.get_subscribe_combine_node)
    gpio_bit_reset                           0x080056a5   Thumb Code     4  gd32f30x_gpio.o(i.gpio_bit_reset)
    gpio_bit_set                             0x080056a9   Thumb Code     4  gd32f30x_gpio.o(i.gpio_bit_set)
    gpio_bit_write                           0x080056ad   Thumb Code    10  gd32f30x_gpio.o(i.gpio_bit_write)
    gpio_init                                0x080056b7   Thumb Code   188  gd32f30x_gpio.o(i.gpio_init)
    gpio_input_bit_get                       0x08005773   Thumb Code    16  gd32f30x_gpio.o(i.gpio_input_bit_get)
    gpio_output_bit_get                      0x08005783   Thumb Code    16  gd32f30x_gpio.o(i.gpio_output_bit_get)
    gpio_pin_remap_config                    0x08005795   Thumb Code   138  gd32f30x_gpio.o(i.gpio_pin_remap_config)
    gps_init                                 0x08005825   Thumb Code    88  gps_ext.o(i.gps_init)
    gps_initIO                               0x08005895   Thumb Code    28  gps_drv.o(i.gps_initIO)
    gps_init_default                         0x080058b5   Thumb Code   116  gps_ext.o(i.gps_init_default)
    joystick_init                            0x08005951   Thumb Code    16  joystick_ext.o(i.joystick_init)
    joystick_initIO                          0x08005965   Thumb Code    50  joystick_drv.o(i.joystick_initIO)
    key_init                                 0x0800599d   Thumb Code     8  key_ext.o(i.key_init)
    key_initIO                               0x080059a5   Thumb Code    76  key_drv.o(i.key_initIO)
    ledBTGrap                                0x080059fd   Thumb Code    52  led_ext.o(i.ledBTGrap)
    ledBattaryGrap                           0x08005a39   Thumb Code   198  led_ext.o(i.ledBattaryGrap)
    ledCleanCol                              0x08005b0d   Thumb Code    94  led_ext.o(i.ledCleanCol)
    ledDisplayBT                             0x08005bad   Thumb Code    24  led_ext.o(i.ledDisplayBT)
    ledDisplayError                          0x08005bc5   Thumb Code    44  led_ext.o(i.ledDisplayError)
    ledDisplayLOGO                           0x08005bf5   Thumb Code    38  led_ext.o(i.ledDisplayLOGO)
    ledDisplayLock                           0x08005c21   Thumb Code    24  led_ext.o(i.ledDisplayLock)
    ledDisplayMain                           0x08005c39   Thumb Code   286  led_ext.o(i.ledDisplayMain)
    ledDisplayOFF                            0x08005d6d   Thumb Code    26  led_ext.o(i.ledDisplayOFF)
    ledDisplayON                             0x08005d89   Thumb Code    18  led_ext.o(i.ledDisplayON)
    ledErrorGrap                             0x08005da1   Thumb Code    70  led_ext.o(i.ledErrorGrap)
    ledFolderStateGrap                       0x08005df1   Thumb Code   220  led_ext.o(i.ledFolderStateGrap)
    ledInsertRed                             0x08006185   Thumb Code   138  led_ext.o(i.ledInsertRed)
    ledLockStateGrap                         0x08006215   Thumb Code    40  led_ext.o(i.ledLockStateGrap)
    ledPushRodStateGrap                      0x08006245   Thumb Code    64  led_ext.o(i.ledPushRodStateGrap)
    ledSpeedGearGrap                         0x0800628d   Thumb Code    92  led_ext.o(i.ledSpeedGearGrap)
    ledSpiDmaRefreshRow                      0x080062f5   Thumb Code    92  led_ext.o(i.ledSpiDmaRefreshRow)
    ledUpDownLoopShow                        0x08006361   Thumb Code   182  led_ext.o(i.ledUpDownLoopShow)
    led_ext_init                             0x0800641d   Thumb Code   186  led_ext.o(i.led_ext_init)
    led_initIO                               0x080064e5   Thumb Code    94  led_drv.o(i.led_initIO)
    main                                     0x08006591   Thumb Code   274  main.o(i.main)
    mem_init                                 0x080067ad   Thumb Code   152  app_mem.o(i.mem_init)
    mem_save                                 0x08006859   Thumb Code   266  app_mem.o(i.mem_save)
    message_init                             0x08006971   Thumb Code    14  protocol.o(i.message_init)
    msg_data_to_PDU                          0x08006b61   Thumb Code    34  protocol_api.o(i.msg_data_to_PDU)
    music_init                               0x08006b85   Thumb Code    28  music_ext.o(i.music_init)
    music_initIO                             0x08006ba9   Thumb Code    40  music_drv.o(i.music_initIO)
    music_play_task                          0x08006bd9   Thumb Code    84  music_ext.o(i.music_play_task)
    nvic_irq_enable                          0x08006c3d   Thumb Code   186  gd32f30x_misc.o(i.nvic_irq_enable)
    nvic_priority_group_set                  0x08006d01   Thumb Code    10  gd32f30x_misc.o(i.nvic_priority_group_set)
    paraInit                                 0x08006d15   Thumb Code   798  protocol.o(i.paraInit)
    play_file_voice                          0x08007059   Thumb Code    46  music_ext.o(i.play_file_voice)
    play_set_volume                          0x0800708d   Thumb Code    46  music_ext.o(i.play_set_volume)
    pmu_flag_get                             0x08007139   Thumb Code    18  gd32f30x_pmu.o(i.pmu_flag_get)
    pmu_lvd_select                           0x08007151   Thumb Code    42  gd32f30x_pmu.o(i.pmu_lvd_select)
    powerContorIOInit                        0x08007181   Thumb Code    24  power_control.o(i.powerContorIOInit)
    powerOFF                                 0x0800719d   Thumb Code    12  power_control.o(i.powerOFF)
    powerON                                  0x080071ad   Thumb Code    12  power_control.o(i.powerON)
    protocolSend                             0x080071bd   Thumb Code    40  can_task.o(i.protocolSend)
    protocol_received                        0x080071f1   Thumb Code    86  protocol.o(i.protocol_received)
    protocol_respond                         0x08007249   Thumb Code   610  protocol_api.o(i.protocol_respond)
    rcu_clock_freq_get                       0x08007581   Thumb Code   310  gd32f30x_rcu.o(i.rcu_clock_freq_get)
    rcu_flag_get                             0x080076d9   Thumb Code    30  gd32f30x_rcu.o(i.rcu_flag_get)
    rcu_osci_on                              0x080076fd   Thumb Code    28  gd32f30x_rcu.o(i.rcu_osci_on)
    rcu_osci_stab_wait                       0x0800771d   Thumb Code   268  gd32f30x_rcu.o(i.rcu_osci_stab_wait)
    rcu_periph_clock_enable                  0x0800782d   Thumb Code    28  gd32f30x_rcu.o(i.rcu_periph_clock_enable)
    rcu_periph_reset_disable                 0x0800784d   Thumb Code    28  gd32f30x_rcu.o(i.rcu_periph_reset_disable)
    rcu_periph_reset_enable                  0x0800786d   Thumb Code    28  gd32f30x_rcu.o(i.rcu_periph_reset_enable)
    register_read                            0x0800788d   Thumb Code    48  protocol_register_management.o(i.register_read)
    register_write                           0x080078c1   Thumb Code    48  protocol_register_management.o(i.register_write)
    rt_free                                  0x080078f5   Thumb Code    82  rt_malloc.o(i.rt_free)
    rt_malloc                                0x08007959   Thumb Code   300  rt_malloc.o(i.rt_malloc)
    rt_realloc                               0x08007a9d   Thumb Code   252  rt_malloc.o(i.rt_realloc)
    scan_joyxy                               0x08007bad   Thumb Code   116  joystick_ext.o(i.scan_joyxy)
    send_data_to_dtu                         0x08007c9d   Thumb Code    16  gps_ext.o(i.send_data_to_dtu)
    send_message_data                        0x08007cad   Thumb Code    36  protocol.o(i.send_message_data)
    spi_dma_enable                           0x08007cd1   Thumb Code    22  gd32f30x_spi.o(i.spi_dma_enable)
    spi_enable                               0x08007ce7   Thumb Code    10  gd32f30x_spi.o(i.spi_enable)
    spi_i2s_deinit                           0x08007cf1   Thumb Code    82  gd32f30x_spi.o(i.spi_i2s_deinit)
    spi_init                                 0x08007d49   Thumb Code    50  gd32f30x_spi.o(i.spi_init)
    spi_nss_output_enable                    0x08007d7b   Thumb Code    10  gd32f30x_spi.o(i.spi_nss_output_enable)
    spi_nssp_mode_enable                     0x08007d85   Thumb Code    10  gd32f30x_spi.o(i.spi_nssp_mode_enable)
    systick_clksource_set                    0x08007ead   Thumb Code    40  gd32f30x_misc.o(i.systick_clksource_set)
    timer_auto_reload_shadow_disable         0x08007ed5   Thumb Code    10  gd32f30x_timer.o(i.timer_auto_reload_shadow_disable)
    timer_deinit                             0x08007ee1   Thumb Code   210  gd32f30x_timer.o(i.timer_deinit)
    timer_enable                             0x08007fbd   Thumb Code    10  gd32f30x_timer.o(i.timer_enable)
    timer_init                               0x08007fc9   Thumb Code   122  gd32f30x_timer.o(i.timer_init)
    timer_interrupt_enable                   0x08008061   Thumb Code     8  gd32f30x_timer.o(i.timer_interrupt_enable)
    timer_interrupt_flag_clear               0x08008069   Thumb Code     6  gd32f30x_timer.o(i.timer_interrupt_flag_clear)
    timer_interrupt_flag_get                 0x0800806f   Thumb Code    24  gd32f30x_timer.o(i.timer_interrupt_flag_get)
    timer_myinit                             0x08008089   Thumb Code    16  timer_ext.o(i.timer_myinit)
    uart_bt_send                             0x0800809d   Thumb Code    62  uart_ext.o(i.uart_bt_send)
    uart_gps_send                            0x080080e1   Thumb Code    60  uart_ext.o(i.uart_gps_send)
    uart_init                                0x08008121   Thumb Code    36  uart_ext.o(i.uart_init)
    uart_initIO                              0x08008145   Thumb Code    28  uart_drv.o(i.uart_initIO)
    uart_music_send                          0x08008165   Thumb Code    26  uart_ext.o(i.uart_music_send)
    uart_music_sendbyte                      0x08008181   Thumb Code    28  uart_ext.o(i.uart_music_sendbyte)
    uart_wire_send                           0x080081a1   Thumb Code    60  uart_ext.o(i.uart_wire_send)
    usart_baudrate_set                       0x080081e1   Thumb Code   136  gd32f30x_usart.o(i.usart_baudrate_set)
    usart_data_receive                       0x08008271   Thumb Code    10  gd32f30x_usart.o(i.usart_data_receive)
    usart_data_transmit                      0x0800827b   Thumb Code     8  gd32f30x_usart.o(i.usart_data_transmit)
    usart_deinit                             0x08008285   Thumb Code   136  gd32f30x_usart.o(i.usart_deinit)
    usart_dma_receive_config                 0x08008315   Thumb Code    16  gd32f30x_usart.o(i.usart_dma_receive_config)
    usart_dma_transmit_config                0x08008325   Thumb Code    16  gd32f30x_usart.o(i.usart_dma_transmit_config)
    usart_enable                             0x08008335   Thumb Code    10  gd32f30x_usart.o(i.usart_enable)
    usart_flag_get                           0x0800833f   Thumb Code    30  gd32f30x_usart.o(i.usart_flag_get)
    usart_interrupt_enable                   0x0800835d   Thumb Code    26  gd32f30x_usart.o(i.usart_interrupt_enable)
    usart_interrupt_flag_clear               0x08008377   Thumb Code    26  gd32f30x_usart.o(i.usart_interrupt_flag_clear)
    usart_interrupt_flag_get                 0x08008391   Thumb Code    56  gd32f30x_usart.o(i.usart_interrupt_flag_get)
    usart_parity_config                      0x080083c9   Thumb Code    16  gd32f30x_usart.o(i.usart_parity_config)
    usart_receive_config                     0x080083d9   Thumb Code    16  gd32f30x_usart.o(i.usart_receive_config)
    usart_stop_bit_set                       0x080083e9   Thumb Code    16  gd32f30x_usart.o(i.usart_stop_bit_set)
    usart_transmit_config                    0x080083f9   Thumb Code    16  gd32f30x_usart.o(i.usart_transmit_config)
    usart_word_length_set                    0x08008409   Thumb Code    16  gd32f30x_usart.o(i.usart_word_length_set)
    uxListRemove                             0x08008419   Thumb Code    40  list.o(i.uxListRemove)
    vListInsert                              0x08008441   Thumb Code    52  list.o(i.vListInsert)
    vListInsertEnd                           0x08008475   Thumb Code    24  list.o(i.vListInsertEnd)
    vPortEnterCritical                       0x0800848d   Thumb Code    68  port.o(i.vPortEnterCritical)
    vPortExitCritical                        0x080084ed   Thumb Code    48  port.o(i.vPortExitCritical)
    vTaskDelay                               0x08008535   Thumb Code    72  tasks.o(i.vTaskDelay)
    vTaskSuspendAll                          0x08008599   Thumb Code    12  tasks.o(i.vTaskSuspendAll)
    vTaskSwitchContext                       0x080085a9   Thumb Code   110  tasks.o(i.vTaskSwitchContext)
    xPortSysTickHandler                      0x08008641   Thumb Code    46  port.o(i.xPortSysTickHandler)
    xTaskGetSchedulerState                   0x08008675   Thumb Code    24  tasks.o(i.xTaskGetSchedulerState)
    xTaskIncrementTick                       0x08008695   Thumb Code   272  tasks.o(i.xTaskIncrementTick)
    xTaskResumeAll                           0x080087e5   Thumb Code   214  tasks.o(i.xTaskResumeAll)
    Mem_Init_para                            0x080088f4   Data           8  app_mem.o(.constdata)
    ledData1_1X6                             0x080088fc   Data           6  led_ext.o(.constdata)
    LogoGrap                                 0x08008902   Data          18  led_ext.o(.constdata)
    led3x6EGrapArray                         0x08008914   Data           6  led_ext.o(.constdata)
    led3x6NumGrapArray                       0x0800891a   Data          60  led_ext.o(.constdata)
    ledSpeedNumGrapArray                     0x08008956   Data          60  led_ext.o(.constdata)
    ledLockStateGrapArray                    0x08008992   Data          24  led_ext.o(.constdata)
    ledBTGrapArray                           0x080089aa   Data          12  led_ext.o(.constdata)
    ledPushRodStateGrapArray                 0x080089b6   Data          24  led_ext.o(.constdata)
    ledFolderStateArray                      0x080089ce   Data          24  led_ext.o(.constdata)
    GPS_data                                 0x080089e6   Data         391  gps_ext.o(.constdata)
    tranRegInfoDir                           0x08008b6e   Data         216  protocol.o(.constdata)
    Region$$Table$$Base                      0x08008dd4   Number         0  anon$$obj.o(Region$$Table)
    Region$$Table$$Limit                     0x08008df4   Number         0  anon$$obj.o(Region$$Table)
    SystemCoreClock                          0x2000000c   Data           4  system_gd32f30x.o(.data)
    Mem_Save                                 0x20000014   Data           8  app_mem.o(.data)
    joyetick_adc                             0x20000024   Data           4  joystick_ext.o(.data)
    joy_x_sum                                0x20000028   Data           4  joystick_ext.o(.data)
    joy_y_sum                                0x2000002c   Data           4  joystick_ext.o(.data)
    time_flag                                0x2000003c   Data           8  timer_ext.o(.data)
    play_buf                                 0x20000044   Data          10  music_ext.o(.data)
    play_sum                                 0x2000004e   Data           2  music_ext.o(.data)
    musicNums                                0x20000050   Data           8  music_ext.o(.data)
    testOverWidthGray                        0x2000005a   Data          24  led_ext.o(.data)
    ledGrapArray                             0x20000072   Data          18  led_ext.o(.data)
    dev_id_string                            0x2000008e   Data          16  gps_ext.o(.data)
    lbs_longitude_string                     0x2000009e   Data          16  gps_ext.o(.data)
    lbs_latitude_string                      0x200000ae   Data          16  gps_ext.o(.data)
    res_3_string                             0x200000be   Data          16  gps_ext.o(.data)
    dev_version_string                       0x200000ce   Data          16  gps_ext.o(.data)
    tx_len1                                  0x200000e2   Data           2  can_ext.o(.data)
    TxMsg                                    0x200000e4   Data           8  can_ext.o(.data)
    RF                                       0x200000ec   Data           1  ev1527_ext.o(.data)
    decode_ok                                0x200000ed   Data           1  ev1527_ext.o(.data)
    hh_w                                     0x200000ee   Data           1  ev1527_ext.o(.data)
    ll_w                                     0x200000ef   Data           1  ev1527_ext.o(.data)
    ma_x                                     0x200000f0   Data           1  ev1527_ext.o(.data)
    bma1                                     0x200000f1   Data           1  ev1527_ext.o(.data)
    bma2                                     0x200000f2   Data           1  ev1527_ext.o(.data)
    bma3                                     0x200000f3   Data           1  ev1527_ext.o(.data)
    bma4                                     0x200000f4   Data           1  ev1527_ext.o(.data)
    mma1                                     0x200000f5   Data           1  ev1527_ext.o(.data)
    mma2                                     0x200000f6   Data           1  ev1527_ext.o(.data)
    mma3                                     0x200000f7   Data           1  ev1527_ext.o(.data)
    mma4                                     0x200000f8   Data           1  ev1527_ext.o(.data)
    rf_ok1                                   0x200000f9   Data           1  ev1527_ext.o(.data)
    rf_ok                                    0x200000fa   Data           1  ev1527_ext.o(.data)
    old_rc5                                  0x200000fb   Data           1  ev1527_ext.o(.data)
    tb_ok                                    0x200000fc   Data           1  ev1527_ext.o(.data)
    rf_data                                  0x200000fd   Data           4  ev1527_ext.o(.data)
    user                                     0x20000101   Data           2  ev1527_ext.o(.data)
    len                                      0x20000103   Data           1  ev1527_ext.o(.data)
    mode                                     0x20000104   Data           1  ev1527_ext.o(.data)
    count                                    0x20000106   Data           2  ev1527_ext.o(.data)
    temp                                     0x20000108   Data           1  ev1527_ext.o(.data)
    flag                                     0x20000109   Data           1  ev1527_ext.o(.data)
    __stdout                                 0x2000010c   Data           4  debug.o(.data)
    pxCurrentTCB                             0x20000310   Data           4  tasks.o(.data)
    fcnode_head                              0x20000558   Data           8  protocol_api.o(.data)
    write_Data_flag                          0x20000560   Data           1  protocol_api.o(.data)
    btSendBuffer                             0x200005d7   Data          64  btlink_task.o(.bss)
    RecvRegInfos                             0x20000714   Data         128  can_task.o(.bss)
    Remote_trans_buff                        0x20000794   Data         128  app_protocol.o(.bss)
    Remote_receive_buff                      0x20000814   Data         128  app_protocol.o(.bss)
    Phone_trans_buff                         0x20000894   Data         128  app_protocol.o(.bss)
    Phone_receive_buff                       0x20000914   Data         128  app_protocol.o(.bss)
    Remote_setting_para                      0x20000994   Data          52  app_remote_para.o(.bss)
    Remote_trans_para                        0x200009c8   Data          32  app_remote_para.o(.bss)
    Remote_receive_para                      0x200009e8   Data          32  app_remote_para.o(.bss)
    Phone_trans_para                         0x20000a08   Data          18  app_remote_para.o(.bss)
    Phone_receive_para                       0x20000a1a   Data          18  app_remote_para.o(.bss)
    loop_bt_uart                             0x20000aec   Data          16  bt_ext.o(.bss)
    API_Config                               0x20000afc   Data          28  ext.o(.bss)
    adc1_val_buf                             0x20000b18   Data          40  joystick_ext.o(.bss)
    adc_buff_x                               0x20000b40   Data          20  joystick_ext.o(.bss)
    adc_buff_y                               0x20000b54   Data          20  joystick_ext.o(.bss)
    music_FIFO                               0x20000bc8   Data          16  music_ext.o(.bss)
    gps_data                                 0x20000e58   Data          52  gps_ext.o(.bss)
    Car_buff                                 0x20000ef0   Data         256  can_ext.o(.bss)
    CANRx_Buffer                             0x20000ff0   Data          12  can_ext.o(.bss)
    CAN_Rx_buffer                            0x20000ffc   Data         256  can_ext.o(.bss)
    CANTx_Buffer                             0x200010fc   Data          12  can_ext.o(.bss)
    CAN_Tx_buffer                            0x20001108   Data         256  can_ext.o(.bss)
    Register                                 0x200013ac   Data         384  protocol_register_management.o(.bss)
    __initial_sp                             0x20001ad0   Data           0  startup_gd32f30x_hd.o(STACK)



==============================================================================

Memory Map of the image

  Image Entry point : 0x08000131

  Load Region LR_IROM1 (Base: 0x08000000, Size: 0x00009388, Max: 0x00080000, ABSOLUTE, COMPRESSED[0x00009078])

    Execution Region ER_IROM1 (Exec base: 0x08000000, Load base: 0x08000000, Size: 0x00008df4, Max: 0x00080000, ABSOLUTE)

    Exec Addr    Load Addr    Size         Type   Attr      Idx    E Section Name        Object

    0x08000000   0x08000000   0x00000130   Data   RO         4696    RESET               startup_gd32f30x_hd.o
    0x08000130   0x08000130   0x00000000   Code   RO         7810  * .ARM.Collect$$$$00000000  mc_w.l(entry.o)
    0x08000130   0x08000130   0x00000004   Code   RO         8088    .ARM.Collect$$$$00000001  mc_w.l(entry2.o)
    0x08000134   0x08000134   0x00000004   Code   RO         8091    .ARM.Collect$$$$00000004  mc_w.l(entry5.o)
    0x08000138   0x08000138   0x00000000   Code   RO         8093    .ARM.Collect$$$$00000008  mc_w.l(entry7b.o)
    0x08000138   0x08000138   0x00000000   Code   RO         8095    .ARM.Collect$$$$0000000A  mc_w.l(entry8b.o)
    0x08000138   0x08000138   0x00000008   Code   RO         8096    .ARM.Collect$$$$0000000B  mc_w.l(entry9a.o)
    0x08000140   0x08000140   0x00000004   Code   RO         8103    .ARM.Collect$$$$0000000E  mc_w.l(entry12b.o)
    0x08000144   0x08000144   0x00000000   Code   RO         8098    .ARM.Collect$$$$0000000F  mc_w.l(entry10a.o)
    0x08000144   0x08000144   0x00000000   Code   RO         8100    .ARM.Collect$$$$00000011  mc_w.l(entry11a.o)
    0x08000144   0x08000144   0x00000004   Code   RO         8089    .ARM.Collect$$$$00002712  mc_w.l(entry2.o)
    0x08000148   0x08000148   0x000000be   Code   RO         7324    .emb_text           port.o
    0x08000206   0x08000206   0x00000002   PAD
    0x08000208   0x08000208   0x00000024   Code   RO         4697    .text               startup_gd32f30x_hd.o
    0x0800022c   0x0800022c   0x00000024   Code   RO         7813    .text               mc_w.l(memcpya.o)
    0x08000250   0x08000250   0x00000024   Code   RO         7817    .text               mc_w.l(memseta.o)
    0x08000274   0x08000274   0x00000024   Code   RO         7819    .text               mc_w.l(strstr.o)
    0x08000298   0x08000298   0x0000000e   Code   RO         7821    .text               mc_w.l(strlen.o)
    0x080002a6   0x080002a6   0x0000002c   Code   RO         8104    .text               mc_w.l(uidiv.o)
    0x080002d2   0x080002d2   0x00000002   PAD
    0x080002d4   0x080002d4   0x00000024   Code   RO         8119    .text               mc_w.l(init.o)
    0x080002f8   0x080002f8   0x00000056   Code   RO         8137    .text               mc_w.l(__dczerorl2.o)
    0x0800034e   0x0800034e   0x0000000c   Code   RO         5352    i.ADC_EXT_Init      joystick_ext.o
    0x0800035a   0x0800035a   0x00000002   PAD
    0x0800035c   0x0800035c   0x0000005c   Code   RO         5353    i.AdcLevelled       joystick_ext.o
    0x080003b8   0x080003b8   0x00000014   Code   RO         5206    i.BTGetDataWithTimout  bt_ext.o
    0x080003cc   0x080003cc   0x000000e8   Code   RO          618    i.BTNoneOSTask      btlink_task.o
    0x080004b4   0x080004b4   0x00000016   Code   RO          456    i.BTNoneOsProcessTask  data_pack_task.o
    0x080004ca   0x080004ca   0x00000002   PAD
    0x080004cc   0x080004cc   0x000000f4   Code   RO         5585    i.BT_Init           uart_ext.o
    0x080005c0   0x080005c0   0x000000dc   Code   RO         5208    i.BTdisconnect      bt_ext.o
    0x0800069c   0x0800069c   0x00000064   Code   RO          619    i.BTlinkSendPacket  btlink_task.o
    0x08000700   0x08000700   0x00000004   Code   RO          320    i.BusFault_Handler  gd32f30x_it.o
    0x08000704   0x08000704   0x00000060   Code   RO         6037    i.CAN0_RX1_IRQHandler  can_ext.o
    0x08000764   0x08000764   0x00000174   Code   RO          688    i.CANCheckValue_S   can_task.o
    0x080008d8   0x080008d8   0x0000009c   Code   RO          689    i.CANCheckValue_s   can_task.o
    0x08000974   0x08000974   0x00000054   Code   RO          691    i.CANNoneOsTxTask   can_task.o
    0x080009c8   0x080009c8   0x000000f8   Code   RO          692    i.CANPackAnalyze    can_task.o
    0x08000ac0   0x08000ac0   0x00000b88   Code   RO         4829    i.CANProtocolTransbuff  app_protocol.o
    0x08001648   0x08001648   0x00000254   Code   RO          693    i.CANSubInit        can_task.o
    0x0800189c   0x0800189c   0x00000038   Code   RO         6038    i.CAN_Para_Init     can_ext.o
    0x080018d4   0x080018d4   0x0000007c   Code   RO         6039    i.CanSend           can_ext.o
    0x08001950   0x08001950   0x000003bc   Code   RO          457    i.DataPackAnalyze   data_pack_task.o
    0x08001d0c   0x08001d0c   0x00000002   Code   RO          321    i.DebugMon_Handler  gd32f30x_it.o
    0x08001d0e   0x08001d0e   0x0000001c   Code   RO         4943    i.GPIO_InitIO       drv.o
    0x08001d2a   0x08001d2a   0x00000002   PAD
    0x08001d2c   0x08001d2c   0x00000020   Code   RO          661    i.GPSNoneOSTask     gps_task.o
    0x08001d4c   0x08001d4c   0x000000f4   Code   RO         5587    i.Gps_Init          uart_ext.o
    0x08001e40   0x08001e40   0x0000002c   Code   RO          322    i.HardFault_Handler  gd32f30x_it.o
    0x08001e6c   0x08001e6c   0x000000a0   Code   RO         5427    i.IsKeyDownFunc     key_ext.o
    0x08001f0c   0x08001f0c   0x00000014   Code   RO         5428    i.KeyPinActive      key_ext.o
    0x08001f20   0x08001f20   0x0000000a   Code   RO         5429    i.KeyPinVal         key_ext.o
    0x08001f2a   0x08001f2a   0x0000001a   Code   RO         4944    i.LVD_IRQHandler    drv.o
    0x08001f44   0x08001f44   0x00000024   Code   RO         4740    i.LoopQueue_DataLen  app_loopqueue.o
    0x08001f68   0x08001f68   0x0000000a   Code   RO         4741    i.LoopQueue_DeInit  app_loopqueue.o
    0x08001f72   0x08001f72   0x00000018   Code   RO         4743    i.LoopQueue_Init    app_loopqueue.o
    0x08001f8a   0x08001f8a   0x0000006e   Code   RO         4745    i.LoopQueue_ReadRelease  app_loopqueue.o
    0x08001ff8   0x08001ff8   0x00000072   Code   RO         4746    i.LoopQueue_Write   app_loopqueue.o
    0x0800206a   0x0800206a   0x00000002   PAD
    0x0800206c   0x0800206c   0x0000001c   Code   RO         5588    i.MUSIC_Init        uart_ext.o
    0x08002088   0x08002088   0x0000005c   Code   RO         5544    i.MX_TIM2_SCAN_Init  timer_ext.o
    0x080020e4   0x080020e4   0x00000004   Code   RO          323    i.MemManage_Handler  gd32f30x_it.o
    0x080020e8   0x080020e8   0x00000002   Code   RO          324    i.NMI_Handler       gd32f30x_it.o
    0x080020ea   0x080020ea   0x00000002   PAD
    0x080020ec   0x080020ec   0x0000006c   Code   RO         5355    i.ObtainAdcMedian   joystick_ext.o
    0x08002158   0x08002158   0x0000001c   Code   RO         7566    i.PDU_to_combine_read  protocol_api.o
    0x08002174   0x08002174   0x0000004e   Code   RO         7567    i.PDU_to_combine_write  protocol_api.o
    0x080021c2   0x080021c2   0x00000012   Code   RO         7568    i.PDU_to_msg_data   protocol_api.o
    0x080021d4   0x080021d4   0x0000001c   Code   RO         4831    i.Remote_buff_init  app_protocol.o
    0x080021f0   0x080021f0   0x000000ac   Code   RO         4871    i.Remote_para_default  app_remote_para.o
    0x0800229c   0x0800229c   0x00000044   Code   RO         4872    i.Remote_para_init  app_remote_para.o
    0x080022e0   0x080022e0   0x0000005a   Code   RO         6040    i.StdCanSetID       can_ext.o
    0x0800233a   0x0800233a   0x00000010   Code   RO          380    i.SysTick_Handler   delay.o
    0x0800234a   0x0800234a   0x00000002   PAD
    0x0800234c   0x0800234c   0x000000a8   Code   RO          761    i.SystemInit        system_gd32f30x.o
    0x080023f4   0x080023f4   0x0000012c   Code   RO         5545    i.TIMER0_UP_IRQHandler  timer_ext.o
    0x08002520   0x08002520   0x00000058   Code   RO         5955    i.UART3_IRQHandler  gps_ext.o
    0x08002578   0x08002578   0x00000046   Code   RO         4945    i.UART_Init         drv.o
    0x080025be   0x080025be   0x00000002   Code   RO         5589    i.USART0_IRQHandler  uart_ext.o
    0x080025c0   0x080025c0   0x00000064   Code   RO         5209    i.USART1_IRQHandler  bt_ext.o
    0x08002624   0x08002624   0x00000004   Code   RO          325    i.UsageFault_Handler  gd32f30x_it.o
    0x08002628   0x08002628   0x00000088   Code   RO         5590    i.WIRE_Init         uart_ext.o
    0x080026b0   0x080026b0   0x00000020   Code   RO         7916    i.__0printf$3       mc_w.l(printf3.o)
    0x080026d0   0x080026d0   0x00000028   Code   RO         7918    i.__0sprintf$3      mc_w.l(printf3.o)
    0x080026f8   0x080026f8   0x0000000e   Code   RO         8131    i.__scatterload_copy  mc_w.l(handlers.o)
    0x08002706   0x08002706   0x00000002   Code   RO         8132    i.__scatterload_null  mc_w.l(handlers.o)
    0x08002708   0x08002708   0x0000000e   Code   RO         8133    i.__scatterload_zeroinit  mc_w.l(handlers.o)
    0x08002716   0x08002716   0x00000002   PAD
    0x08002718   0x08002718   0x000001b8   Code   RO         7923    i._printf_core      mc_w.l(printf3.o)
    0x080028d0   0x080028d0   0x0000000a   Code   RO         7925    i._sputc            mc_w.l(printf3.o)
    0x080028da   0x080028da   0x0000002a   Code   RO          799    i.adc_calibration_enable  gd32f30x_adc.o
    0x08002904   0x08002904   0x00000046   Code   RO          800    i.adc_channel_length_config  gd32f30x_adc.o
    0x0800294a   0x0800294a   0x00000002   PAD
    0x0800294c   0x0800294c   0x0000008c   Code   RO         5356    i.adc_config        joystick_ext.o
    0x080029d8   0x080029d8   0x00000016   Code   RO          801    i.adc_data_alignment_config  gd32f30x_adc.o
    0x080029ee   0x080029ee   0x00000002   PAD
    0x080029f0   0x080029f0   0x00000058   Code   RO          802    i.adc_deinit        gd32f30x_adc.o
    0x08002a48   0x08002a48   0x0000000a   Code   RO          806    i.adc_dma_mode_enable  gd32f30x_adc.o
    0x08002a52   0x08002a52   0x00000012   Code   RO          807    i.adc_enable        gd32f30x_adc.o
    0x08002a64   0x08002a64   0x0000003e   Code   RO          808    i.adc_external_trigger_config  gd32f30x_adc.o
    0x08002aa2   0x08002aa2   0x00000030   Code   RO          809    i.adc_external_trigger_source_config  gd32f30x_adc.o
    0x08002ad2   0x08002ad2   0x00000002   PAD
    0x08002ad4   0x08002ad4   0x0000001c   Code   RO          819    i.adc_mode_config   gd32f30x_adc.o
    0x08002af0   0x08002af0   0x000000ac   Code   RO          823    i.adc_regular_channel_config  gd32f30x_adc.o
    0x08002b9c   0x08002b9c   0x0000001e   Code   RO          826    i.adc_software_trigger_enable  gd32f30x_adc.o
    0x08002bba   0x08002bba   0x0000005a   Code   RO          827    i.adc_special_function_config  gd32f30x_adc.o
    0x08002c14   0x08002c14   0x000003c0   Code   RO         7569    i.add_subscribe_combine_node  protocol_api.o
    0x08002fd4   0x08002fd4   0x00000014   Code   RO         7724    i.api_init          xsto_api_ii.o
    0x08002fe8   0x08002fe8   0x000000a4   Code   RO         7726    i.api_message_send  xsto_api_ii.o
    0x0800308c   0x0800308c   0x0000000a   Code   RO          694    i.api_on_message_received  can_task.o
    0x08003096   0x08003096   0x0000001c   Code   RO         7728    i.api_port_received  xsto_api_ii.o
    0x080030b2   0x080030b2   0x00000010   Code   RO          695    i.api_port_send     can_task.o
    0x080030c2   0x080030c2   0x00000002   PAD
    0x080030c4   0x080030c4   0x000001b4   Code   RO         4832    i.app_cltprocess    app_protocol.o
    0x08003278   0x08003278   0x0000007c   Code   RO         4715    i.app_display       app_display.o
    0x080032f4   0x080032f4   0x000000d0   Code   RO         5431    i.bsp_DetectKey     key_ext.o
    0x080033c4   0x080033c4   0x00000034   Code   RO         5432    i.bsp_GetKey        key_ext.o
    0x080033f8   0x080033f8   0x00000058   Code   RO         5435    i.bsp_InitKeyVar    key_ext.o
    0x08003450   0x08003450   0x0000001a   Code   RO         5436    i.bsp_KeyScan10ms   key_ext.o
    0x0800346a   0x0800346a   0x00000002   PAD
    0x0800346c   0x0800346c   0x00000020   Code   RO         5438    i.bsp_PutKey        key_ext.o
    0x0800348c   0x0800348c   0x00000078   Code   RO         5210    i.bt_init           bt_ext.o
    0x08003504   0x08003504   0x0000003c   Code   RO         4903    i.bt_initIO         bt_drv.o
    0x08003540   0x08003540   0x00000002   Code   RO         4923    i.buzz_initIO       buzz_drv.o
    0x08003542   0x08003542   0x00000002   PAD
    0x08003544   0x08003544   0x00000020   Code   RO         1166    i.can_deinit        gd32f30x_can.o
    0x08003564   0x08003564   0x00000110   Code   RO         1169    i.can_filter_init   gd32f30x_can.o
    0x08003674   0x08003674   0x00000122   Code   RO         1172    i.can_init          gd32f30x_can.o
    0x08003796   0x08003796   0x00000008   Code   RO         1174    i.can_interrupt_enable  gd32f30x_can.o
    0x0800379e   0x0800379e   0x000000e4   Code   RO         1177    i.can_message_receive  gd32f30x_can.o
    0x08003882   0x08003882   0x00000002   PAD
    0x08003884   0x08003884   0x00000150   Code   RO         1178    i.can_message_transmit  gd32f30x_can.o
    0x080039d4   0x080039d4   0x000000c0   Code   RO         6041    i.can_myinit        can_ext.o
    0x08003a94   0x08003a94   0x00000028   Code   RO         6042    i.can_receive       can_ext.o
    0x08003abc   0x08003abc   0x00000024   Code   RO         6043    i.can_serial_available  can_ext.o
    0x08003ae0   0x08003ae0   0x0000003c   Code   RO         6044    i.can_serial_read   can_ext.o
    0x08003b1c   0x08003b1c   0x0000001c   Code   RO         6046    i.can_serial_write  can_ext.o
    0x08003b38   0x08003b38   0x000000a4   Code   RO         1181    i.can_struct_para_init  gd32f30x_can.o
    0x08003bdc   0x08003bdc   0x00000144   Code   RO         6047    i.can_transmit      can_ext.o
    0x08003d20   0x08003d20   0x0000002c   Code   RO         6048    i.can_tx_available  can_ext.o
    0x08003d4c   0x08003d4c   0x0000002c   Code   RO         6049    i.can_tx_buf        can_ext.o
    0x08003d78   0x08003d78   0x0000002c   Code   RO         7571    i.combine_subscribe_to_PDU  protocol_api.o
    0x08003da4   0x08003da4   0x00000086   Code   RO         7572    i.combine_write_to_PDU  protocol_api.o
    0x08003e2a   0x08003e2a   0x00000002   PAD
    0x08003e2c   0x08003e2c   0x00000038   Code   RO         7496    i.crc_ccitt         crc.o
    0x08003e64   0x08003e64   0x00000014   Code   RO         1702    i.dbg_trace_pin_disable  gd32f30x_dbg.o
    0x08003e78   0x08003e78   0x0000001c   Code   RO         5357    i.deadband          joystick_ext.o
    0x08003e94   0x08003e94   0x00000198   Code   RO         6252    i.debugUartPrint    debug.o
    0x0800402c   0x0800402c   0x000000c0   Code   RO         7573    i.del_subscribe_combine_node  protocol_api.o
    0x080040ec   0x080040ec   0x0000005c   Code   RO          381    i.delay_init        delay.o
    0x08004148   0x08004148   0x00000040   Code   RO          382    i.delay_ms          delay.o
    0x08004188   0x08004188   0x00000048   Code   RO          383    i.delay_us          delay.o
    0x080041d0   0x080041d0   0x00000032   Code   RO         1758    i.dma_channel_disable  gd32f30x_dma.o
    0x08004202   0x08004202   0x00000032   Code   RO         1759    i.dma_channel_enable  gd32f30x_dma.o
    0x08004234   0x08004234   0x00000032   Code   RO         1760    i.dma_circulation_disable  gd32f30x_dma.o
    0x08004266   0x08004266   0x00000032   Code   RO         1761    i.dma_circulation_enable  gd32f30x_dma.o
    0x08004298   0x08004298   0x00000064   Code   RO         5358    i.dma_config        joystick_ext.o
    0x080042fc   0x080042fc   0x00000070   Code   RO         1762    i.dma_deinit        gd32f30x_dma.o
    0x0800436c   0x0800436c   0x00000018   Code   RO         1764    i.dma_flag_get      gd32f30x_dma.o
    0x08004384   0x08004384   0x0000012e   Code   RO         1765    i.dma_init          gd32f30x_dma.o
    0x080044b2   0x080044b2   0x00000024   Code   RO         1770    i.dma_memory_address_config  gd32f30x_dma.o
    0x080044d6   0x080044d6   0x00000032   Code   RO         1773    i.dma_memory_to_memory_disable  gd32f30x_dma.o
    0x08004508   0x08004508   0x00000018   Code   RO         1777    i.dma_periph_and_channel_check  gd32f30x_dma.o
    0x08004520   0x08004520   0x00000026   Code   RO         1784    i.dma_transfer_number_config  gd32f30x_dma.o
    0x08004546   0x08004546   0x00000022   Code   RO         1785    i.dma_transfer_number_get  gd32f30x_dma.o
    0x08004568   0x08004568   0x000000b8   Code   RO         4946    i.drv_init          drv.o
    0x08004620   0x08004620   0x0000009c   Code   RO         5956    i.dtu_gps_data_pack  gps_ext.o
    0x080046bc   0x080046bc   0x000001a8   Code   RO         5957    i.dtu_work_gps      gps_ext.o
    0x08004864   0x08004864   0x00000024   Code   RO         5958    i.dtu_work_mode     gps_ext.o
    0x08004888   0x08004888   0x000001e0   Code   RO         5959    i.dtu_work_xstoyun  gps_ext.o
    0x08004a68   0x08004a68   0x00000030   Code   RO         6193    i.ev1527_init       ev1527_ext.o
    0x08004a98   0x08004a98   0x00000048   Code   RO         5185    i.ev1527_initIO     ev1527_drv.o
    0x08004ae0   0x08004ae0   0x000000a4   Code   RO         6194    i.ev1527_key_scan   ev1527_ext.o
    0x08004b84   0x08004b84   0x000003f0   Code   RO         6195    i.ev1527_scan       ev1527_ext.o
    0x08004f74   0x08004f74   0x00000018   Code   RO         6196    i.ev1527_set_userID  ev1527_ext.o
    0x08004f8c   0x08004f8c   0x00000078   Code   RO         6197    i.ev1527_task       ev1527_ext.o
    0x08005004   0x08005004   0x00000044   Code   RO         5297    i.ext_init          ext.o
    0x08005048   0x08005048   0x0000000c   Code   RO         2114    i.exti_flag_clear   gd32f30x_exti.o
    0x08005054   0x08005054   0x000000b8   Code   RO         2116    i.exti_init         gd32f30x_exti.o
    0x0800510c   0x0800510c   0x0000000c   Code   RO         2119    i.exti_interrupt_flag_clear  gd32f30x_exti.o
    0x08005118   0x08005118   0x00000024   Code   RO         2120    i.exti_interrupt_flag_get  gd32f30x_exti.o
    0x0800513c   0x0800513c   0x00000020   Code   RO         5320    i.flash_read        flash_ext.o
    0x0800515c   0x0800515c   0x00000050   Code   RO         5322    i.flash_write       flash_ext.o
    0x080051ac   0x080051ac   0x00000022   Code   RO         2199    i.fmc_bank0_ready_wait  gd32f30x_fmc.o
    0x080051ce   0x080051ce   0x00000002   PAD
    0x080051d0   0x080051d0   0x00000030   Code   RO         2200    i.fmc_bank0_state_get  gd32f30x_fmc.o
    0x08005200   0x08005200   0x00000022   Code   RO         2204    i.fmc_bank1_ready_wait  gd32f30x_fmc.o
    0x08005222   0x08005222   0x00000002   PAD
    0x08005224   0x08005224   0x00000030   Code   RO         2205    i.fmc_bank1_state_get  gd32f30x_fmc.o
    0x08005254   0x08005254   0x0000002c   Code   RO         2214    i.fmc_lock          gd32f30x_fmc.o
    0x08005280   0x08005280   0x000000e4   Code   RO         2216    i.fmc_page_erase    gd32f30x_fmc.o
    0x08005364   0x08005364   0x00000044   Code   RO         2217    i.fmc_unlock        gd32f30x_fmc.o
    0x080053a8   0x080053a8   0x000000b8   Code   RO         2218    i.fmc_word_program  gd32f30x_fmc.o
    0x08005460   0x08005460   0x00000024   Code   RO         6253    i.fputc             debug.o
    0x08005484   0x08005484   0x00000068   Code   RO         2421    i.fwdgt_config      gd32f30x_fwdgt.o
    0x080054ec   0x080054ec   0x00000010   Code   RO         2422    i.fwdgt_counter_reload  gd32f30x_fwdgt.o
    0x080054fc   0x080054fc   0x00000010   Code   RO         2423    i.fwdgt_enable      gd32f30x_fwdgt.o
    0x0800550c   0x0800550c   0x00000010   Code   RO         6167    i.fwdgt_feed        fwdgt_ext.o
    0x0800551c   0x0800551c   0x00000030   Code   RO         6168    i.fwdgt_init        fwdgt_ext.o
    0x0800554c   0x0800554c   0x0000000c   Code   RO         2427    i.fwdgt_write_disable  gd32f30x_fwdgt.o
    0x08005558   0x08005558   0x00000010   Code   RO         2428    i.fwdgt_write_enable  gd32f30x_fwdgt.o
    0x08005568   0x08005568   0x00000038   Code   RO         4716    i.getUiNum          app_display.o
    0x080055a0   0x080055a0   0x00000064   Code   RO         5440    i.get_mixkey        key_ext.o
    0x08005604   0x08005604   0x000000a0   Code   RO         7574    i.get_subscribe_combine_node  protocol_api.o
    0x080056a4   0x080056a4   0x00000004   Code   RO         2484    i.gpio_bit_reset    gd32f30x_gpio.o
    0x080056a8   0x080056a8   0x00000004   Code   RO         2485    i.gpio_bit_set      gd32f30x_gpio.o
    0x080056ac   0x080056ac   0x0000000a   Code   RO         2486    i.gpio_bit_write    gd32f30x_gpio.o
    0x080056b6   0x080056b6   0x000000bc   Code   RO         2494    i.gpio_init         gd32f30x_gpio.o
    0x08005772   0x08005772   0x00000010   Code   RO         2495    i.gpio_input_bit_get  gd32f30x_gpio.o
    0x08005782   0x08005782   0x00000010   Code   RO         2497    i.gpio_output_bit_get  gd32f30x_gpio.o
    0x08005792   0x08005792   0x00000002   PAD
    0x08005794   0x08005794   0x00000090   Code   RO         2500    i.gpio_pin_remap_config  gd32f30x_gpio.o
    0x08005824   0x08005824   0x00000070   Code   RO         5961    i.gps_init          gps_ext.o
    0x08005894   0x08005894   0x00000020   Code   RO         5067    i.gps_initIO        gps_drv.o
    0x080058b4   0x080058b4   0x0000009c   Code   RO         5962    i.gps_init_default  gps_ext.o
    0x08005950   0x08005950   0x00000014   Code   RO         5359    i.joystick_init     joystick_ext.o
    0x08005964   0x08005964   0x00000038   Code   RO         4981    i.joystick_initIO   joystick_drv.o
    0x0800599c   0x0800599c   0x00000008   Code   RO         5441    i.key_init          key_ext.o
    0x080059a4   0x080059a4   0x00000058   Code   RO         5001    i.key_initIO        key_drv.o
    0x080059fc   0x080059fc   0x0000003c   Code   RO         5789    i.ledBTGrap         led_ext.o
    0x08005a38   0x08005a38   0x000000d4   Code   RO         5790    i.ledBattaryGrap    led_ext.o
    0x08005b0c   0x08005b0c   0x00000064   Code   RO         5791    i.ledCleanCol       led_ext.o
    0x08005b70   0x08005b70   0x0000003c   Code   RO         5792    i.ledCleanImage     led_ext.o
    0x08005bac   0x08005bac   0x00000018   Code   RO         5794    i.ledDisplayBT      led_ext.o
    0x08005bc4   0x08005bc4   0x00000030   Code   RO         5795    i.ledDisplayError   led_ext.o
    0x08005bf4   0x08005bf4   0x0000002c   Code   RO         5796    i.ledDisplayLOGO    led_ext.o
    0x08005c20   0x08005c20   0x00000018   Code   RO         5797    i.ledDisplayLock    led_ext.o
    0x08005c38   0x08005c38   0x00000134   Code   RO         5798    i.ledDisplayMain    led_ext.o
    0x08005d6c   0x08005d6c   0x0000001a   Code   RO         5799    i.ledDisplayOFF     led_ext.o
    0x08005d86   0x08005d86   0x00000002   PAD
    0x08005d88   0x08005d88   0x00000018   Code   RO         5800    i.ledDisplayON      led_ext.o
    0x08005da0   0x08005da0   0x00000050   Code   RO         5801    i.ledErrorGrap      led_ext.o
    0x08005df0   0x08005df0   0x000000ec   Code   RO         5802    i.ledFolderStateGrap  led_ext.o
    0x08005edc   0x08005edc   0x000002a8   Code   RO         5803    i.ledInsertImage    led_ext.o
    0x08006184   0x08006184   0x00000090   Code   RO         5804    i.ledInsertRed      led_ext.o
    0x08006214   0x08006214   0x00000030   Code   RO         5806    i.ledLockStateGrap  led_ext.o
    0x08006244   0x08006244   0x00000048   Code   RO         5808    i.ledPushRodStateGrap  led_ext.o
    0x0800628c   0x0800628c   0x00000068   Code   RO         5809    i.ledSpeedGearGrap  led_ext.o
    0x080062f4   0x080062f4   0x0000006c   Code   RO         5811    i.ledSpiDmaRefreshRow  led_ext.o
    0x08006360   0x08006360   0x000000bc   Code   RO         5812    i.ledUpDownLoopShow  led_ext.o
    0x0800641c   0x0800641c   0x000000c8   Code   RO         5813    i.led_ext_init      led_ext.o
    0x080064e4   0x080064e4   0x00000068   Code   RO         5133    i.led_initIO        led_drv.o
    0x0800654c   0x0800654c   0x00000024   Code   RO         7575    i.list_add_tail     protocol_api.o
    0x08006570   0x08006570   0x0000001e   Code   RO         7576    i.list_del          protocol_api.o
    0x0800658e   0x0800658e   0x00000002   PAD
    0x08006590   0x08006590   0x00000120   Code   RO            3    i.main              main.o
    0x080066b0   0x080066b0   0x00000080   Code   RO         7730    i.master_heartbeat_ack  xsto_api_ii.o
    0x08006730   0x08006730   0x0000007c   Code   RO         7731    i.master_register_ack  xsto_api_ii.o
    0x080067ac   0x080067ac   0x000000ac   Code   RO         4790    i.mem_init          app_mem.o
    0x08006858   0x08006858   0x00000118   Code   RO         4792    i.mem_save          app_mem.o
    0x08006970   0x08006970   0x0000000e   Code   RO         7518    i.message_init      protocol.o
    0x0800697e   0x0800697e   0x00000002   PAD
    0x08006980   0x08006980   0x00000120   Code   RO         7733    i.module_parse_frame  xsto_api_ii.o
    0x08006aa0   0x08006aa0   0x000000c0   Code   RO         7735    i.module_response   xsto_api_ii.o
    0x08006b60   0x08006b60   0x00000022   Code   RO         7577    i.msg_data_to_PDU   protocol_api.o
    0x08006b82   0x08006b82   0x00000002   PAD
    0x08006b84   0x08006b84   0x00000024   Code   RO         5721    i.music_init        music_ext.o
    0x08006ba8   0x08006ba8   0x00000030   Code   RO         5113    i.music_initIO      music_drv.o
    0x08006bd8   0x08006bd8   0x00000064   Code   RO         5722    i.music_play_task   music_ext.o
    0x08006c3c   0x08006c3c   0x000000c4   Code   RO         2812    i.nvic_irq_enable   gd32f30x_misc.o
    0x08006d00   0x08006d00   0x00000014   Code   RO         2813    i.nvic_priority_group_set  gd32f30x_misc.o
    0x08006d14   0x08006d14   0x00000324   Code   RO         7519    i.paraInit          protocol.o
    0x08007038   0x08007038   0x00000020   Code   RO         5723    i.play_checksum     music_ext.o
    0x08007058   0x08007058   0x00000034   Code   RO         5725    i.play_file_voice   music_ext.o
    0x0800708c   0x0800708c   0x00000034   Code   RO         5727    i.play_set_volume   music_ext.o
    0x080070c0   0x080070c0   0x00000078   Code   RO         7675    i.plug_holes        rt_malloc.o
    0x08007138   0x08007138   0x00000018   Code   RO         2871    i.pmu_flag_get      gd32f30x_pmu.o
    0x08007150   0x08007150   0x00000030   Code   RO         2880    i.pmu_lvd_select    gd32f30x_pmu.o
    0x08007180   0x08007180   0x0000001c   Code   RO         5153    i.powerContorIOInit  power_control.o
    0x0800719c   0x0800719c   0x00000010   Code   RO         5154    i.powerOFF          power_control.o
    0x080071ac   0x080071ac   0x00000010   Code   RO         5155    i.powerON           power_control.o
    0x080071bc   0x080071bc   0x00000034   Code   RO          696    i.protocolSend      can_task.o
    0x080071f0   0x080071f0   0x00000056   Code   RO         7520    i.protocol_received  protocol.o
    0x08007246   0x08007246   0x00000002   PAD
    0x08007248   0x08007248   0x0000026c   Code   RO         7579    i.protocol_respond  protocol_api.o
    0x080074b4   0x080074b4   0x00000098   Code   RO         6805    i.prvAddCurrentTaskToDelayedList  tasks.o
    0x0800754c   0x0800754c   0x00000034   Code   RO         6812    i.prvResetNextTaskUnblockTime  tasks.o
    0x08007580   0x08007580   0x00000158   Code   RO         3011    i.rcu_clock_freq_get  gd32f30x_rcu.o
    0x080076d8   0x080076d8   0x00000024   Code   RO         3014    i.rcu_flag_get      gd32f30x_rcu.o
    0x080076fc   0x080076fc   0x00000020   Code   RO         3026    i.rcu_osci_on       gd32f30x_rcu.o
    0x0800771c   0x0800771c   0x00000110   Code   RO         3027    i.rcu_osci_stab_wait  gd32f30x_rcu.o
    0x0800782c   0x0800782c   0x00000020   Code   RO         3029    i.rcu_periph_clock_enable  gd32f30x_rcu.o
    0x0800784c   0x0800784c   0x00000020   Code   RO         3032    i.rcu_periph_reset_disable  gd32f30x_rcu.o
    0x0800786c   0x0800786c   0x00000020   Code   RO         3033    i.rcu_periph_reset_enable  gd32f30x_rcu.o
    0x0800788c   0x0800788c   0x00000034   Code   RO         7403    i.register_read     protocol_register_management.o
    0x080078c0   0x080078c0   0x00000034   Code   RO         7404    i.register_write    protocol_register_management.o
    0x080078f4   0x080078f4   0x00000064   Code   RO         7677    i.rt_free           rt_malloc.o
    0x08007958   0x08007958   0x00000144   Code   RO         7678    i.rt_malloc         rt_malloc.o
    0x08007a9c   0x08007a9c   0x00000110   Code   RO         7680    i.rt_realloc        rt_malloc.o
    0x08007bac   0x08007bac   0x00000080   Code   RO         5360    i.scan_joyxy        joystick_ext.o
    0x08007c2c   0x08007c2c   0x00000070   Code   RO         5963    i.send_cmd_to_dtu   gps_ext.o
    0x08007c9c   0x08007c9c   0x00000010   Code   RO         5964    i.send_data_to_dtu  gps_ext.o
    0x08007cac   0x08007cac   0x00000024   Code   RO         7521    i.send_message_data  protocol.o
    0x08007cd0   0x08007cd0   0x00000016   Code   RO         3646    i.spi_dma_enable    gd32f30x_spi.o
    0x08007ce6   0x08007ce6   0x0000000a   Code   RO         3647    i.spi_enable        gd32f30x_spi.o
    0x08007cf0   0x08007cf0   0x00000058   Code   RO         3651    i.spi_i2s_deinit    gd32f30x_spi.o
    0x08007d48   0x08007d48   0x00000032   Code   RO         3656    i.spi_init          gd32f30x_spi.o
    0x08007d7a   0x08007d7a   0x0000000a   Code   RO         3660    i.spi_nss_output_enable  gd32f30x_spi.o
    0x08007d84   0x08007d84   0x0000000a   Code   RO         3662    i.spi_nssp_mode_enable  gd32f30x_spi.o
    0x08007d8e   0x08007d8e   0x00000002   PAD
    0x08007d90   0x08007d90   0x00000114   Code   RO          762    i.system_clock_120m_hxtal  system_gd32f30x.o
    0x08007ea4   0x08007ea4   0x00000008   Code   RO          763    i.system_clock_config  system_gd32f30x.o
    0x08007eac   0x08007eac   0x00000028   Code   RO         2817    i.systick_clksource_set  gd32f30x_misc.o
    0x08007ed4   0x08007ed4   0x0000000a   Code   RO         3886    i.timer_auto_reload_shadow_disable  gd32f30x_timer.o
    0x08007ede   0x08007ede   0x00000002   PAD
    0x08007ee0   0x08007ee0   0x000000dc   Code   RO         3917    i.timer_deinit      gd32f30x_timer.o
    0x08007fbc   0x08007fbc   0x0000000a   Code   RO         3922    i.timer_enable      gd32f30x_timer.o
    0x08007fc6   0x08007fc6   0x00000002   PAD
    0x08007fc8   0x08007fc8   0x00000098   Code   RO         3932    i.timer_init        gd32f30x_timer.o
    0x08008060   0x08008060   0x00000008   Code   RO         3939    i.timer_interrupt_enable  gd32f30x_timer.o
    0x08008068   0x08008068   0x00000006   Code   RO         3940    i.timer_interrupt_flag_clear  gd32f30x_timer.o
    0x0800806e   0x0800806e   0x00000018   Code   RO         3941    i.timer_interrupt_flag_get  gd32f30x_timer.o
    0x08008086   0x08008086   0x00000002   PAD
    0x08008088   0x08008088   0x00000014   Code   RO         5546    i.timer_myinit      timer_ext.o
    0x0800809c   0x0800809c   0x00000044   Code   RO         5591    i.uart_bt_send      uart_ext.o
    0x080080e0   0x080080e0   0x00000040   Code   RO         5593    i.uart_gps_send     uart_ext.o
    0x08008120   0x08008120   0x00000024   Code   RO         5595    i.uart_init         uart_ext.o
    0x08008144   0x08008144   0x00000020   Code   RO         5047    i.uart_initIO       uart_drv.o
    0x08008164   0x08008164   0x0000001a   Code   RO         5596    i.uart_music_send   uart_ext.o
    0x0800817e   0x0800817e   0x00000002   PAD
    0x08008180   0x08008180   0x00000020   Code   RO         5597    i.uart_music_sendbyte  uart_ext.o
    0x080081a0   0x080081a0   0x00000040   Code   RO         5598    i.uart_wire_send    uart_ext.o
    0x080081e0   0x080081e0   0x00000090   Code   RO         4327    i.usart_baudrate_set  gd32f30x_usart.o
    0x08008270   0x08008270   0x0000000a   Code   RO         4330    i.usart_data_receive  gd32f30x_usart.o
    0x0800827a   0x0800827a   0x00000008   Code   RO         4331    i.usart_data_transmit  gd32f30x_usart.o
    0x08008282   0x08008282   0x00000002   PAD
    0x08008284   0x08008284   0x00000090   Code   RO         4332    i.usart_deinit      gd32f30x_usart.o
    0x08008314   0x08008314   0x00000010   Code   RO         4334    i.usart_dma_receive_config  gd32f30x_usart.o
    0x08008324   0x08008324   0x00000010   Code   RO         4335    i.usart_dma_transmit_config  gd32f30x_usart.o
    0x08008334   0x08008334   0x0000000a   Code   RO         4336    i.usart_enable      gd32f30x_usart.o
    0x0800833e   0x0800833e   0x0000001e   Code   RO         4338    i.usart_flag_get    gd32f30x_usart.o
    0x0800835c   0x0800835c   0x0000001a   Code   RO         4345    i.usart_interrupt_enable  gd32f30x_usart.o
    0x08008376   0x08008376   0x0000001a   Code   RO         4346    i.usart_interrupt_flag_clear  gd32f30x_usart.o
    0x08008390   0x08008390   0x00000038   Code   RO         4347    i.usart_interrupt_flag_get  gd32f30x_usart.o
    0x080083c8   0x080083c8   0x00000010   Code   RO         4358    i.usart_parity_config  gd32f30x_usart.o
    0x080083d8   0x080083d8   0x00000010   Code   RO         4360    i.usart_receive_config  gd32f30x_usart.o
    0x080083e8   0x080083e8   0x00000010   Code   RO         4370    i.usart_stop_bit_set  gd32f30x_usart.o
    0x080083f8   0x080083f8   0x00000010   Code   RO         4374    i.usart_transmit_config  gd32f30x_usart.o
    0x08008408   0x08008408   0x00000010   Code   RO         4375    i.usart_word_length_set  gd32f30x_usart.o
    0x08008418   0x08008418   0x00000028   Code   RO         6394    i.uxListRemove      list.o
    0x08008440   0x08008440   0x00000034   Code   RO         6397    i.vListInsert       list.o
    0x08008474   0x08008474   0x00000018   Code   RO         6398    i.vListInsertEnd    list.o
    0x0800848c   0x0800848c   0x00000060   Code   RO         7328    i.vPortEnterCritical  port.o
    0x080084ec   0x080084ec   0x00000048   Code   RO         7329    i.vPortExitCritical  port.o
    0x08008534   0x08008534   0x00000064   Code   RO         6819    i.vTaskDelay        tasks.o
    0x08008598   0x08008598   0x00000010   Code   RO         6835    i.vTaskSuspendAll   tasks.o
    0x080085a8   0x080085a8   0x00000098   Code   RO         6836    i.vTaskSwitchContext  tasks.o
    0x08008640   0x08008640   0x00000034   Code   RO         7333    i.xPortSysTickHandler  port.o
    0x08008674   0x08008674   0x00000020   Code   RO         6843    i.xTaskGetSchedulerState  tasks.o
    0x08008694   0x08008694   0x00000150   Code   RO         6846    i.xTaskIncrementTick  tasks.o
    0x080087e4   0x080087e4   0x00000110   Code   RO         6852    i.xTaskResumeAll    tasks.o
    0x080088f4   0x080088f4   0x00000008   Data   RO         4793    .constdata          app_mem.o
    0x080088fc   0x080088fc   0x000000ea   Data   RO         5814    .constdata          led_ext.o
    0x080089e6   0x080089e6   0x00000187   Data   RO         5966    .constdata          gps_ext.o
    0x08008b6d   0x08008b6d   0x00000001   PAD
    0x08008b6e   0x08008b6e   0x000000d8   Data   RO         7522    .constdata          protocol.o
    0x08008c46   0x08008c46   0x00000002   PAD
    0x08008c48   0x08008c48   0x0000008e   Data   RO         5967    .conststring        gps_ext.o
    0x08008cd6   0x08008cd6   0x00000002   PAD
    0x08008cd8   0x08008cd8   0x00000054   Data   RO         6254    .conststring        debug.o
    0x08008d2c   0x08008d2c   0x00000048   Data   RO         6855    .conststring        tasks.o
    0x08008d74   0x08008d74   0x0000005e   Data   RO         7334    .conststring        port.o
    0x08008dd2   0x08008dd2   0x00000002   PAD
    0x08008dd4   0x08008dd4   0x00000020   Data   RO         8129    Region$$Table       anon$$obj.o


    Execution Region RW_IRAM1 (Exec base: 0x20000000, Load base: 0x08008df4, Size: 0x00001ad0, Max: 0x00010000, ABSOLUTE, COMPRESSED[0x00000284])

    Exec Addr    Load Addr    Size         Type   Attr      Idx    E Section Name        Object

    0x20000000   COMPRESSED   0x00000004   Data   RW          385    .data               delay.o
    0x20000004   COMPRESSED   0x00000003   Data   RW          663    .data               gps_task.o
    0x20000007   COMPRESSED   0x00000003   Data   RW          698    .data               can_task.o
    0x2000000a   COMPRESSED   0x00000002   PAD
    0x2000000c   COMPRESSED   0x00000004   Data   RW          764    .data               system_gd32f30x.o
    0x20000010   COMPRESSED   0x00000001   Data   RW         4717    .data               app_display.o
    0x20000011   COMPRESSED   0x00000003   PAD
    0x20000014   COMPRESSED   0x00000008   Data   RW         4794    .data               app_mem.o
    0x2000001c   COMPRESSED   0x00000005   Data   RW         4834    .data               app_protocol.o
    0x20000021   COMPRESSED   0x00000001   Data   RW         5212    .data               bt_ext.o
    0x20000022   COMPRESSED   0x00000002   PAD
    0x20000024   COMPRESSED   0x00000010   Data   RW         5362    .data               joystick_ext.o
    0x20000034   COMPRESSED   0x00000007   Data   RW         5443    .data               key_ext.o
    0x2000003b   COMPRESSED   0x00000001   PAD
    0x2000003c   COMPRESSED   0x00000008   Data   RW         5547    .data               timer_ext.o
    0x20000044   COMPRESSED   0x00000015   Data   RW         5730    .data               music_ext.o
    0x20000059   COMPRESSED   0x00000001   PAD
    0x2000005a   COMPRESSED   0x00000033   Data   RW         5815    .data               led_ext.o
    0x2000008d   COMPRESSED   0x00000054   Data   RW         5968    .data               gps_ext.o
    0x200000e1   COMPRESSED   0x00000001   PAD
    0x200000e2   COMPRESSED   0x0000000a   Data   RW         6052    .data               can_ext.o
    0x200000ec   COMPRESSED   0x0000001f   Data   RW         6198    .data               ev1527_ext.o
    0x2000010b   COMPRESSED   0x00000001   PAD
    0x2000010c   COMPRESSED   0x00000204   Data   RW         6255    .data               debug.o
    0x20000310   COMPRESSED   0x0000003c   Data   RW         6856    .data               tasks.o
    0x2000034c   COMPRESSED   0x0000000c   Data   RW         7335    .data               port.o
    0x20000358   COMPRESSED   0x00000200   Data   RW         7497    .data               crc.o
    0x20000558   COMPRESSED   0x00000010   Data   RW         7582    .data               protocol_api.o
    0x20000568   COMPRESSED   0x00000018   Data   RW         7682    .data               rt_malloc.o
    0x20000580   COMPRESSED   0x00000012   Data   RW         7738    .data               xsto_api_ii.o
    0x20000592   COMPRESSED   0x00000002   PAD
    0x20000594        -       0x00000083   Zero   RW          620    .bss                btlink_task.o
    0x20000617   COMPRESSED   0x00000001   PAD
    0x20000618        -       0x0000017c   Zero   RW          697    .bss                can_task.o
    0x20000794        -       0x00000200   Zero   RW         4833    .bss                app_protocol.o
    0x20000994        -       0x00000098   Zero   RW         4873    .bss                app_remote_para.o
    0x20000a2c        -       0x000000d0   Zero   RW         5211    .bss                bt_ext.o
    0x20000afc        -       0x0000001c   Zero   RW         5298    .bss                ext.o
    0x20000b18        -       0x00000050   Zero   RW         5361    .bss                joystick_ext.o
    0x20000b68        -       0x0000005d   Zero   RW         5442    .bss                key_ext.o
    0x20000bc5   COMPRESSED   0x00000003   PAD
    0x20000bc8        -       0x00000010   Zero   RW         5729    .bss                music_ext.o
    0x20000bd8        -       0x00000318   Zero   RW         5965    .bss                gps_ext.o
    0x20000ef0        -       0x00000318   Zero   RW         6051    .bss                can_ext.o
    0x20001208        -       0x000001a4   Zero   RW         6854    .bss                tasks.o
    0x200013ac        -       0x00000180   Zero   RW         7405    .bss                protocol_register_management.o
    0x2000152c        -       0x00000084   Zero   RW         7581    .bss                protocol_api.o
    0x200015b0        -       0x0000011c   Zero   RW         7737    .bss                xsto_api_ii.o
    0x200016cc   COMPRESSED   0x00000004   PAD
    0x200016d0        -       0x00000400   Zero   RW         4694    STACK               startup_gd32f30x_hd.o


==============================================================================

Image component sizes


      Code (inc. data)   RO Data    RW Data    ZI Data      Debug   Object Name

         0          0          0          0          0       1153   alloc.o
       180         16          0          1          0       1149   app_display.o
       294          0          0          0          0       3598   app_loopqueue.o
       452         34          8          8          0       2267   app_mem.o
      3416         78          0          5        512       6210   app_protocol.o
       240         42          0          0        152       6437   app_remote_para.o
        60          8          0          0          0        472   bt_drv.o
       460         80          0          1        208       2834   bt_ext.o
       332         20          0          0        131       2221   btlink_task.o
         2          0          0          0          0        442   buzz_drv.o
      1134         76          0         10        792       8509   can_ext.o
      1534        116          0          3        380       6396   can_task.o
        56          6          0        512          0       1180   crc.o
       978         20          0          0          0       4866   data_pack_task.o
       444        290         84        516          0       2971   debug.o
       244         26          0          4          0       9889   delay.o
       308          4          0          0          0       2338   drv.o
        72          8          0          0          0        492   ev1527_drv.o
      1364        176          0         31          0       4323   ev1527_ext.o
        68          6          0          0         28        716   ext.o
       112         10          0          0          0       1731   flash_ext.o
        64          0          0          0          0        970   fwdgt_ext.o
       680         10          0          0          0       8679   gd32f30x_adc.o
      1330         18          0          0          0       6173   gd32f30x_can.o
        20          6          0          0          0        592   gd32f30x_dbg.o
       820          6          0          0          0       9571   gd32f30x_dma.o
       244         22          0          0          0       2816   gd32f30x_exti.o
       688         70          0          0          0       5654   gd32f30x_fmc.o
       164         32          0          0          0       3260   gd32f30x_fwdgt.o
       382          6          0          0          0       5372   gd32f30x_gpio.o
        60         10          0          0          0      29316   gd32f30x_it.o
       256         20          0          0          0       2228   gd32f30x_misc.o
        72         12          0          0          0       1304   gd32f30x_pmu.o
       780         60          0          0          0       5522   gd32f30x_rcu.o
       190          6          0          0          0       4709   gd32f30x_spi.o
       430         40          0          0          0       5391   gd32f30x_timer.o
       566         16          0          0          0      11409   gd32f30x_usart.o
        32          4          0          0          0        473   gps_drv.o
      1580        386        533         84        792       7665   gps_ext.o
        32          4          0          3          0        890   gps_task.o
        56          6          0          0          0        494   joystick_drv.o
       628         46          0         16         80       6091   joystick_ext.o
        88         12          0          0          0        485   key_drv.o
       704         48          0          7         93       6027   key_ext.o
       104         10          0          0          0        493   led_drv.o
      2790        172        234         51          0      14266   led_ext.o
       116          0          0          0          0       2654   list.o
       288         14          0          0          0     102899   main.o
        48          8          0          0          0        479   music_drv.o
       272         36          0         21         16       3424   music_ext.o
       410         74         94         12          0       6019   port.o
        60         12          0          0          0       1441   power_control.o
       940          6        216          0          0       6003   protocol.o
      2334         30          0         16        132      21721   protocol_api.o
       104          8          0          0        384       2313   protocol_register_management.o
       816         74          0         24          0       4307   rt_malloc.o
        36          8        304          0       1024        924   startup_gd32f30x_hd.o
       452         30          0          4          0       2991   system_gd32f30x.o
      1112        242         72         60        420      18330   tasks.o
       412         22          0          8          0       2394   timer_ext.o
        32          4          0          0          0        474   uart_drv.o
       944         52          0          0          0       6838   uart_ext.o
       944         46          0         18        284       6537   xsto_api_ii.o

    ----------------------------------------------------------------------
     33888       2704       1584       1428       5436     399792   Object Totals
         0          0         32          0          0          0   (incl. Generated)
        58          0          7         13          8          0   (incl. Padding)

    ----------------------------------------------------------------------

      Code (inc. data)   RO Data    RW Data    ZI Data      Debug   Library Member Name

        86          0          0          0          0          0   __dczerorl2.o
         0          0          0          0          0          0   entry.o
         0          0          0          0          0          0   entry10a.o
         0          0          0          0          0          0   entry11a.o
         4          0          0          0          0          0   entry12b.o
         8          4          0          0          0          0   entry2.o
         4          0          0          0          0          0   entry5.o
         0          0          0          0          0          0   entry7b.o
         0          0          0          0          0          0   entry8b.o
         8          4          0          0          0          0   entry9a.o
        30          0          0          0          0          0   handlers.o
        36          8          0          0          0         68   init.o
        36          0          0          0          0         68   memcpya.o
        36          0          0          0          0        108   memseta.o
       522         20          0          0          0        336   printf3.o
        14          0          0          0          0         68   strlen.o
        36          0          0          0          0         80   strstr.o
        44          0          0          0          0         80   uidiv.o

    ----------------------------------------------------------------------
       868         36          0          0          0        808   Library Totals
         4          0          0          0          0          0   (incl. Padding)

    ----------------------------------------------------------------------

      Code (inc. data)   RO Data    RW Data    ZI Data      Debug   Library Name

       864         36          0          0          0        808   mc_w.l

    ----------------------------------------------------------------------
       868         36          0          0          0        808   Library Totals

    ----------------------------------------------------------------------

==============================================================================


      Code (inc. data)   RO Data    RW Data    ZI Data      Debug   

     34756       2740       1584       1428       5436     371872   Grand Totals
     34756       2740       1584        644       5436     371872   ELF Image Totals (compressed)
     34756       2740       1584        644          0          0   ROM Totals

==============================================================================

    Total RO  Size (Code + RO Data)                36340 (  35.49kB)
    Total RW  Size (RW Data + ZI Data)              6864 (   6.70kB)
    Total ROM Size (Code + RO Data + RW Data)      36984 (  36.12kB)

==============================================================================

