<html>
<body>
<pre>
<h1>礦ision Build Log</h1>
<h2>Tool Versions:</h2>
IDE-Version: μVision V5.37.0.0
Copyright (C) 2022 ARM Ltd and ARM Germany GmbH. All rights reserved.
License Information: 1 2, 37, LIC=MPPLD-8U9SW-Z91G9-48HFU-HCELQ-LWJ00
 
Tool Versions:
Toolchain:       MDK-ARM Plus  Version: 5.37.0.0
Toolchain Path:  C:\Keil_v5\ARM\ARMCC\Bin
C Compiler:      Armcc.exe V5.05 update 1 (build 106)
Assembler:       Armasm.exe V5.05 update 1 (build 106)
Linker/Locator:  ArmLink.exe V5.05 update 1 (build 106)
Library Manager: ArmAr.exe V5.05 update 1 (build 106)
Hex Converter:   FromElf.exe V5.05 update 1 (build 106)
CPU DLL:         SARMCM3.DLL V5.37.0.0
Dialog DLL:      DARMSTM.DLL V1.69.1.0
Target DLL:      STLink\ST-LINKIII-KEIL_SWO.dll V3.0.9.0
Dialog DLL:      TARMSTM.DLL V1.67.1.0
 
<h2>Project:</h2>
D:\M130T\角度模块\AngleModule2 - 230224 - M130T二号样机\Project\RVMDK（uv5）\BH-F103.uvprojx
Project File Date:  07/03/2023

<h2>Output:</h2>
*** Using Compiler 'V5.05 update 1 (build 106)', folder: 'C:\Keil_v5\ARM\ARMCC\Bin'
Rebuild target 'AngleCtrl-Core'
assembling startup_stm32f10x_md.s...
compiling stm32f10x_gpio.c...
compiling stm32f10x_bkp.c...
compiling core_cm3.c...
compiling stm32f10x_adc.c...
compiling stm32f10x_exti.c...
compiling system_stm32f10x.c...
compiling misc.c...
compiling stm32f10x_flash.c...
compiling stm32f10x_dma.c...
compiling stm32f10x_can.c...
compiling stm32f10x_i2c.c...
compiling stm32f10x_wwdg.c...
compiling stm32f10x_rtc.c...
compiling stm32f10x_pwr.c...
compiling stm32f10x_usart.c...
compiling bsp_rtc.c...
compiling stm32f10x_iwdg.c...
compiling stm32f10x_rcc.c...
compiling main.c...
compiling stm32f10x_tim.c...
compiling stm32f10x_it.c...
compiling bsp_i2c.c...
compiling bsp_adc.c...
compiling bsp_wwdg.c...
compiling bsp_can.c...
compiling bsp_Sysclk.c...
compiling bsp_ATusart.c...
compiling bsp_gpio.c...
compiling bsp_TiMbase.c...
compiling bsp_SysTick.c...
compiling qmi8658c.c...
compiling bsp_internal_flash.c...
compiling app_loopqueue.c...
compiling app_kalman.c...
compiling app_led.c...
compiling app_angle.c...
compiling app_protocol.c...
linking...
Program Size: Code=33092 RO-data=428 RW-data=384 ZI-data=3824  
FromELF: creating hex file...
After Build - User command #1: "C:\Keil_v5\\ARM\ARMCC\bin\fromelf.exe" --bincombined "..\..\Output\USART.axf" --output="..\..\Output\\xsto_angle.bin"
"..\..\Output\USART.axf" - 0 Error(s), 0 Warning(s).

<h2>Software Packages used:</h2>

Package Vendor: Keil
                http://www.keil.com/pack/Keil.STM32F1xx_DFP.2.2.0.pack
                Keil.STM32F1xx_DFP.2.2.0
                STMicroelectronics STM32F1 Series Device Support, Drivers and Examples

<h2>Collection of Component include folders:</h2>
  C:/Keil_v5/ARM/Pack/Keil/STM32F1xx_DFP/2.2.0/Device/Include

<h2>Collection of Component Files used:</h2>
Build Time Elapsed:  00:00:06
</pre>
</body>
</html>
