<html>
<body>
<pre>
<h1>µVision Build Log</h1>
<h2>Tool Versions:</h2>
IDE-Version: ¦ÌVision V5.32.0.0
Copyright (C) 2020 ARM Ltd and ARM Germany GmbH. All rights reserved.
License Information: 1 1, 1, LIC=76F5U-SN6W6-DY6V3-AIZPM-P21WL-UPLCN
 
Tool Versions:
Toolchain:       MDK-ARM Plus  Version: 5.32.0.0
Toolchain Path:  D:\App\MDK\MDK5.32\program files\ARM\ARMCC\Bin
C Compiler:      Armcc.exe V5.06 update 7 (build 960)
Assembler:       Armasm.exe V5.06 update 7 (build 960)
Linker/Locator:  ArmLink.exe V5.06 update 7 (build 960)
Library Manager: ArmAr.exe V5.06 update 7 (build 960)
Hex Converter:   FromElf.exe V5.06 update 7 (build 960)
CPU DLL:         SARMCM3.DLL V5.32.0.0
Dialog DLL:      DARMSTM.DLL V1.68.0.0
Target DLL:      STLink\ST-LINKIII-KEIL_SWO.dll V3.0.8.0
Dialog DLL:      TCM.DLL V1.46.0.0
 
<h2>Project:</h2>
D:\zjh_folder\coding\M115THandle_NoneOS\MDK-ARM\M115THandle.uvprojx
Project File Date:  06/29/2023

<h2>Output:</h2>
*** Using Compiler 'V5.06 update 7 (build 960)', folder: 'D:\App\MDK\MDK5.32\program files\ARM\ARMCC\Bin'
Build target 'M115T_Handle'
compiling commandTx_task.c...
compiling BTlink_task.c...
compiling gd32f30x_it.c...
compiling main.c...
compiling gps_task.c...
..\TASK\gps_task.c(34): warning:  #188-D: enumerated type mixed with another type
      if(dtu_work_mode(flag) == DTU_SUCCEED){
..\TASK\gps_task.c: 1 warning, 0 errors
compiling delay.c...
compiling wirelink_task.c...
compiling key_task.c...
compiling display_task.c...
compiling CAN_task.c...
compiling data_pack_task.c...
compiling app_display.c...
compiling app_mem.c...
compiling bt_drv.c...
compiling app_remote_para.c...
compiling app_protocol.c...
compiling buzz_drv.c...
compiling drv.c...
compiling joystick_drv.c...
compiling key_drv.c...
compiling uart_drv.c...
compiling lcd_drv.c...
compiling rf_315m_drv.c...
compiling gps_drv.c...
compiling music_drv.c...
compiling bt_ext.c...
compiling power_control.c...
compiling led_drv.c...
compiling ev1527_drv.c...
compiling ext.c...
compiling flash_ext.c...
compiling buzz_ext.c...
compiling joystick_ext.c...
compiling key_ext.c...
compiling lcd_ext.c...
compiling timer_ext.c...
compiling fwdgt_ext.c...
compiling can_ext.c...
compiling music_ext.c...
compiling gps_ext.c...
compiling uart_ext.c...
compiling led_ext.c...
compiling ev1527_ext.c...
..\EXT\ev1527_ext.c(305): warning:  #550-D: variable "key_up"  was set but never used
  	static uint8_t key_up = 1;
..\EXT\ev1527_ext.c: 1 warning, 0 errors
compiling debug.c...
compiling protocol.c...
..\PROTOCOL\protocol_427\protocol.c(63): warning:  #177-D: variable "TYPE"  was declared but never referenced
  	uint16_t TYPE = respond_msg_data->TYPE;
..\PROTOCOL\protocol_427\protocol.c: 1 warning, 0 errors
compiling freeRTOSdebug.c...
linking...
Program Size: Code=34756 RO-data=1584 RW-data=1428 ZI-data=5436  
FromELF: creating hex file...
".\output\M115T_Handle.axf" - 0 Error(s), 3 Warning(s).

<h2>Software Packages used:</h2>

Package Vendor: ARM
                http://www.keil.com/pack/ARM.CMSIS.5.7.0.pack
                ARM.CMSIS.5.7.0
                CMSIS (Cortex Microcontroller Software Interface Standard)
   * Component: CORE Version: 5.4.0

Package Vendor: GigaDevice
                http://gd32mcu.com/data/documents/pack/GigaDevice.GD32F30x_DFP.2.2.0.pack
                GigaDevice.GD32F30x_DFP.2.2.0
                GigaDevice GD32F30x Series Device Support and Examples

<h2>Collection of Component include folders:</h2>
  .\RTE\_M115T_Handle
  D:\App\MDK\MDK5.32\packs\ARM\CMSIS\5.7.0\CMSIS\Core\Include
  D:\App\MDK\MDK5.32\packs\GigaDevice\GD32F30x_DFP\2.2.0\Device\Include

<h2>Collection of Component Files used:</h2>

   * Component: ARM::CMSIS:CORE:5.4.0
Build Time Elapsed:  00:00:10
</pre>
</body>
</html>
