<html>
<body>
<pre>
<h1>µVision Build Log</h1>
<h2>Tool Versions:</h2>
IDE-Version: ¦ÌVision V5.32.0.0
Copyright (C) 2020 ARM Ltd and ARM Germany GmbH. All rights reserved.
License Information: 1 1, 1, LIC=76F5U-SN6W6-DY6V3-AIZPM-P21WL-UPLCN
 
Tool Versions:
Toolchain:       MDK-ARM Plus  Version: 5.32.0.0
Toolchain Path:  D:\App\MDK\MDK5.32\program files\ARM\ARMCC\Bin
C Compiler:      Armcc.exe V5.06 update 7 (build 960)
Assembler:       Armasm.exe V5.06 update 7 (build 960)
Linker/Locator:  ArmLink.exe V5.06 update 7 (build 960)
Library Manager: ArmAr.exe V5.06 update 7 (build 960)
Hex Converter:   FromElf.exe V5.06 update 7 (build 960)
CPU DLL:         SARMCM3.DLL V5.32.0.0
Dialog DLL:      DCM.DLL V1.17.3.0
Target DLL:      STLink\ST-LINKIII-KEIL_SWO.dll V3.0.8.0
Dialog DLL:      TCM.DLL V1.46.0.0
 
<h2>Project:</h2>
D:\zjh_folder\coding\M115THandle\MDK-ARM\M115THandle.uvprojx
Project File Date:  05/21/2023

<h2>Output:</h2>
*** Using Compiler 'V5.06 update 7 (build 960)', folder: 'D:\App\MDK\MDK5.32\program files\ARM\ARMCC\Bin'
Build target 'M115T_Handle'
compiling timer_ext.c...
..\EXT\timer_ext.c(82): warning:  #177-D: variable "h"  was declared but never referenced
  	static u8 h = 0;
..\EXT\timer_ext.c: 1 warning, 0 errors
compiling led_ext.c...
..\EXT\led_ext.c(79): warning:  #167-D: argument of type "volatile uint8_t *" is incompatible with parameter of type "void *"
          memset(ledGrapArray[h],0x00,sizeof(ledGrapArray[0][0])*2);
..\EXT\led_ext.c(343): warning:  #1-D: last line of file ends without a newline
  }
..\EXT\led_ext.c: 2 warnings, 0 errors
linking...
Program Size: Code=36548 RO-data=3164 RW-data=844 ZI-data=25252  
FromELF: creating hex file...
".\output\M115T_Handle.axf" - 0 Error(s), 3 Warning(s).

<h2>Software Packages used:</h2>

Package Vendor: ARM
                http://www.keil.com/pack/ARM.CMSIS.5.7.0.pack
                ARM.CMSIS.5.7.0
                CMSIS (Cortex Microcontroller Software Interface Standard)
   * Component: CORE Version: 5.4.0

Package Vendor: GigaDevice
                http://gd32mcu.com/data/documents/pack/GigaDevice.GD32F30x_DFP.2.2.0.pack
                GigaDevice.GD32F30x_DFP.2.2.0
                GigaDevice GD32F30x Series Device Support and Examples

<h2>Collection of Component include folders:</h2>
  .\RTE\_M115T_Handle
  D:\App\MDK\MDK5.32\packs\ARM\CMSIS\5.7.0\CMSIS\Core\Include
  D:\App\MDK\MDK5.32\packs\GigaDevice\GD32F30x_DFP\2.2.0\Device\Include

<h2>Collection of Component Files used:</h2>

   * Component: ARM::CMSIS:CORE:5.4.0
Build Time Elapsed:  00:00:02
</pre>
</body>
</html>
