<html>
<body>
<pre>
<h1>µVision Build Log</h1>
<h2>Tool Versions:</h2>
IDE-Version: ¦ÌVision V5.32.0.0
Copyright (C) 2020 ARM Ltd and ARM Germany GmbH. All rights reserved.
License Information: 1 1, 1, LIC=76F5U-SN6W6-DY6V3-AIZPM-P21WL-UPLCN
 
Tool Versions:
Toolchain:       MDK-ARM Plus  Version: 5.32.0.0
Toolchain Path:  D:\App\MDK\MDK5.32\program files\ARM\ARMCC\Bin
C Compiler:      Armcc.exe V5.06 update 7 (build 960)
Assembler:       Armasm.exe V5.06 update 7 (build 960)
Linker/Locator:  ArmLink.exe V5.06 update 7 (build 960)
Library Manager: ArmAr.exe V5.06 update 7 (build 960)
Hex Converter:   FromElf.exe V5.06 update 7 (build 960)
CPU DLL:         SARMCM3.DLL V5.32.0.0
Dialog DLL:      DCM.DLL V1.17.3.0
Target DLL:      STLink\ST-LINKIII-KEIL_SWO.dll V3.0.8.0
Dialog DLL:      TCM.DLL V1.46.0.0
 
<h2>Project:</h2>
D:\zjh_folder\coding\M130THandle\MDK-ARM\M130THandle.uvprojx
Project File Date:  04/28/2023

<h2>Output:</h2>
*** Using Compiler 'V5.06 update 7 (build 960)', folder: 'D:\App\MDK\MDK5.32\program files\ARM\ARMCC\Bin'
Rebuild target 'M130T_Handle'
compiling key_task.c...
compiling gps_task.c...
compiling main.c...
..\MAIN\main.c(10): warning:  #177-D: variable "keyS"  was declared but never referenced
  	uint8_t keyS;
..\MAIN\main.c: 1 warning, 0 errors
compiling CAN_task.c...
..\TASK\CAN_task.c(80): warning:  #177-D: variable "msgID"  was declared but never referenced
      u8 msgID = 0;
..\TASK\CAN_task.c(116): warning:  #223-D: function "CANGetDataWithTimeOut" declared implicitly
  		if (CANGetDataWithTimeOut())
..\TASK\CAN_task.c(109): warning:  #177-D: variable "ch"  was declared but never referenced
  	uint8_t ch;
..\TASK\CAN_task.c(110): warning:  #177-D: variable "state"  was declared but never referenced
  	uint8_t state;
..\TASK\CAN_task.c(111): warning:  #177-D: variable "i"  was declared but never referenced
  	uint8_t i=0;
..\TASK\CAN_task.c(112): warning:  #177-D: variable "sumchk"  was declared but never referenced
  	uint8_t sumchk=0;
..\TASK\CAN_task.c(16): warning:  #177-D: variable "RxPack"  was declared but never referenced
  static TCOMMUN RxPack;
..\TASK\CAN_task.c(18): warning:  #177-D: variable "combine_wirte"  was declared but never referenced
  static combine_write_t combine_wirte;
..\TASK\CAN_task.c: 8 warnings, 0 errors
compiling commandTx_task.c...
compiling BTlink_task.c...
compiling gd32f30x_it.c...
compiling wirelink_task.c...
compiling display_task.c...
compiling delay.c...
compiling data_pack_task.c...
..\TASK\data_pack_task.c(217): warning:  #1-D: last line of file ends without a newline
  }
..\TASK\data_pack_task.c: 1 warning, 0 errors
compiling gd32f30x_bkp.c...
compiling system_gd32f30x.c...
compiling gd32f30x_adc.c...
compiling gd32f30x_ctc.c...
compiling gd32f30x_dma.c...
compiling gd32f30x_crc.c...
compiling gd32f30x_dbg.c...
compiling gd32f30x_enet.c...
compiling gd32f30x_dac.c...
compiling gd32f30x_can.c...
compiling gd32f30x_exmc.c...
compiling gd32f30x_exti.c...
compiling gd32f30x_i2c.c...
compiling gd32f30x_fwdgt.c...
compiling gd32f30x_fmc.c...
compiling gd32f30x_misc.c...
compiling gd32f30x_gpio.c...
compiling gd32f30x_pmu.c...
compiling gd32f30x_rtc.c...
compiling gd32f30x_spi.c...
compiling gd32f30x_rcu.c...
compiling gd32f30x_sdio.c...
assembling startup_gd32f30x_hd.s...
compiling app_bmp.c...
compiling app_loopqueue.c...
..\APP\app_loopqueue.c(78): warning:  #177-D: variable "LenBuf"  was declared but never referenced
    uint16_t LenBuf;
..\APP\app_loopqueue.c(114): warning:  #177-D: variable "pReadIndex"  was declared but never referenced
    uint16_t pReadIndex, LenBuf;
..\APP\app_loopqueue.c(114): warning:  #177-D: variable "LenBuf"  was declared but never referenced
    uint16_t pReadIndex, LenBuf;
..\APP\app_loopqueue.c: 3 warnings, 0 errors
compiling gd32f30x_wwdgt.c...
compiling gd32f30x_timer.c...
compiling gd32f30x_usart.c...
compiling app_mem.c...
compiling bt_drv.c...
compiling app_remote_para.c...
compiling app_protocol.c...
..\APP\app_protocol.c(368): warning:  #1035-D: single-precision operand implicitly converted to double-precision
  				if(SET_COORANGLE_10X < ANGLE_REMOTE_N3        && SET_COORANGLE_10X >= ANGLE_REMOTE_N45)   Remote_trans_para.track_speed_L = Remote_trans_para.track_speed_L * (ANGLE_REMOTE_45 + SET_COORANGLE_10X)/ANGLE_REMOTE_42/1.0;
..\APP\app_protocol.c(369): warning:  #1035-D: single-precision operand implicitly converted to double-precision
  				else if(SET_COORANGLE_10X < ANGLE_REMOTE_N45  && SET_COORANGLE_10X >= ANGLE_REMOTE_N87)   Remote_trans_para.track_speed_L = Remote_trans_para.track_speed_L * (-SET_COORANGLE_10X - ANGLE_REMOTE_45)/ANGLE_REMOTE_42/1.0;
..\APP\app_protocol.c(370): warning:  #1035-D: single-precision operand implicitly converted to double-precision
  				else if(SET_COORANGLE_10X > ANGLE_REMOTE_93   && SET_COORANGLE_10X <= ANGLE_REMOTE_135)   Remote_trans_para.track_speed_L = Remote_trans_para.track_speed_L * (ANGLE_REMOTE_135 - SET_COORANGLE_10X)/ANGLE_REMOTE_42/1.0;
..\APP\app_protocol.c(371): warning:  #1035-D: single-precision operand implicitly converted to double-precision
  				else if(SET_COORANGLE_10X > ANGLE_REMOTE_135  && SET_COORANGLE_10X < ANGLE_REMOTE_177)    Remote_trans_para.track_speed_L = Remote_trans_para.track_speed_L * (SET_COORANGLE_10X - ANGLE_REMOTE_135)/ANGLE_REMOTE_42/1.0;
..\APP\app_protocol.c(373): warning:  #1035-D: single-precision operand implicitly converted to double-precision
  				if(SET_COORANGLE_10X > ANGLE_REMOTE_3         && SET_COORANGLE_10X <= ANGLE_REMOTE_45)    Remote_trans_para.track_speed_R = Remote_trans_para.track_speed_R * (ANGLE_REMOTE_45 - SET_COORANGLE_10X)/ANGLE_REMOTE_42/1.0;
..\APP\app_protocol.c(374): warning:  #1035-D: single-precision operand implicitly converted to double-precision
  				else if(SET_COORANGLE_10X > ANGLE_REMOTE_45   && SET_COORANGLE_10X < ANGLE_REMOTE_87)     Remote_trans_para.track_speed_R = Remote_trans_para.track_speed_R * (SET_COORANGLE_10X - ANGLE_REMOTE_45)/ANGLE_REMOTE_42/1.0;
..\APP\app_protocol.c(375): warning:  #1035-D: single-precision operand implicitly converted to double-precision
  				else if(SET_COORANGLE_10X < ANGLE_REMOTE_N93  && SET_COORANGLE_10X >= ANGLE_REMOTE_N135)  Remote_trans_para.track_speed_R = Remote_trans_para.track_speed_R * (ANGLE_REMOTE_135 + SET_COORANGLE_10X)/ANGLE_REMOTE_42/1.0;
..\APP\app_protocol.c(376): warning:  #1035-D: single-precision operand implicitly converted to double-precision
  				else if(SET_COORANGLE_10X < ANGLE_REMOTE_N135 && SET_COORANGLE_10X > ANGLE_REMOTE_N177)   Remote_trans_para.track_speed_R = Remote_trans_para.track_speed_R * (-SET_COORANGLE_10X - ANGLE_REMOTE_135)/ANGLE_REMOTE_42/1.0;
..\APP\app_protocol.c(470): warning:  #1035-D: single-precision operand implicitly converted to double-precision
  				c = Remote_setting_para.CoordSpeed *cosf((float)(SET_COORANGLE_10X-M_RAT*PI))*A_temp;
..\APP\app_protocol.c(471): warning:  #1035-D: single-precision operand implicitly converted to double-precision
  				d = Remote_setting_para.CoordSpeed *sinf((float)(SET_COORANGLE_10X-1/2.0f*PI+M_RAT*PI))*A_temp;
..\APP\app_protocol.c(471): warning:  #1035-D: single-precision operand implicitly converted to double-precision
  				d = Remote_setting_para.CoordSpeed *sinf((float)(SET_COORANGLE_10X-1/2.0f*PI+M_RAT*PI))*A_temp;
..\APP\app_protocol.c(477): warning:  #1035-D: single-precision operand implicitly converted to double-precision
  				b = cosf((float)SET_COORANGLE_10X)*Remote_setting_para.CoordSpeed*0.01;
..\APP\app_protocol.c(478): warning:  #1035-D: single-precision operand implicitly converted to double-precision
  				c = Remote_setting_para.CoordSpeed *cosf((float)(SET_COORANGLE_10X-M_RAT*PI));
..\APP\app_protocol.c(479): warning:  #1035-D: single-precision operand implicitly converted to double-precision
  				d = Remote_setting_para.CoordSpeed *sinf((float)(SET_COORANGLE_10X-1/2.0f*PI+M_RAT*PI));
..\APP\app_protocol.c(479): warning:  #1035-D: single-precision operand implicitly converted to double-precision
  				d = Remote_setting_para.CoordSpeed *sinf((float)(SET_COORANGLE_10X-1/2.0f*PI+M_RAT*PI));
..\APP\app_protocol.c(182): warning:  #177-D: variable "cnt1"  was declared but never referenced
  	static uint8_t cnt1=0,cnt2=0;	
..\APP\app_protocol.c(182): warning:  #177-D: variable "cnt2"  was declared but never referenced
  	static uint8_t cnt1=0,cnt2=0;	
..\APP\app_protocol.c(184): warning:  #177-D: variable "speedt"  was declared but never referenced
  	uint8_t speedt;
..\APP\app_protocol.c(185): warning:  #550-D: variable "a"  was set but never used
  	float a,b,c,d;
..\APP\app_protocol.c(187): warning:  #177-D: variable "temp"  was declared but never referenced
  	float temp; 
..\APP\app_protocol.c: 20 warnings, 0 errors
compiling app_display.c...
..\APP\app_display.c(77): warning:  #177-D: variable "temp"  was declared but never referenced
  	uint8_t temp;
..\APP\app_display.c(231): warning:  #1035-D: single-precision operand implicitly converted to double-precision
  		sprintf((char*)buff,"AN:%3.1f",Remote_setting_para.CoordAngle/3.14*180);
..\APP\app_display.c(198): warning:  #177-D: variable "mode_delay"  was declared but never referenced
  	static uint16_t mode_delay;
..\APP\app_display.c(492): warning:  #177-D: variable "temp"  was declared but never referenced
  	int8_t 	temp;
..\APP\app_display.c(495): warning:  #177-D: variable "back_ultrasonic_y_temp"  was declared but never referenced
  	static 	uint16_t back_ultrasonic_y_temp=0;			
..\APP\app_display.c(497): warning:  #177-D: variable "delay"  was declared but never referenced
  	static 	uint8_t delay=0;
..\APP\app_display.c(498): warning:  #177-D: variable "sel"  was declared but never referenced
  	static 	uint8_t sel=0;
..\APP\app_display.c(913): warning:  #177-D: variable "delay"  was declared but never referenced
  	static 	uint8_t delay=0;
..\APP\app_display.c: 8 warnings, 0 errors
compiling buzz_drv.c...
compiling drv.c...
compiling joystick_drv.c...
compiling key_drv.c...
compiling lcd_drv.c...
compiling uart_drv.c...
compiling rf_315m_drv.c...
compiling gps_drv.c...
compiling music_drv.c...
compiling led_drv.c...
compiling bt_ext.c...
compiling buzz_ext.c...
compiling ext.c...
compiling flash_ext.c...
..\EXT\flash_ext.c(36): warning:  #177-D: variable "i"  was declared but never referenced
  	uint8_t i; 	
..\EXT\flash_ext.c: 1 warning, 0 errors
compiling joystick_ext.c...
..\EXT\joystick_ext.c(136): warning:  #177-D: variable "t"  was declared but never referenced
  	static uint8_t t=0;
..\EXT\joystick_ext.c: 1 warning, 0 errors
compiling lcd_ext.c...
..\EXT\lcd_ext.c(300): warning:  #550-D: variable "exp_col_bytes"  was set but never used
  	u8 exp_col_bytes;
..\EXT\lcd_ext.c: 1 warning, 0 errors
compiling rf_315m_ext.c...
compiling uart_ext.c...
compiling key_ext.c...
..\EXT\key_ext.c(685): warning:  #177-D: variable "i"  was declared but never referenced
  	uint8_t i;
..\EXT\key_ext.c(597): warning:  #177-D: function "bsp_DetectFastIO"  was declared but never referenced
  static void bsp_DetectFastIO(uint8_t i)
..\EXT\key_ext.c: 2 warnings, 0 errors
compiling timer_ext.c...
..\EXT\timer_ext.c(101): warning:  #188-D: enumerated type mixed with another type
  			gpio_bit_write(LED1_GPIO_PORT,LED1_PIN,gpio_output_bit_get(LED1_GPIO_PORT,LED1_PIN)^1);
..\EXT\timer_ext.c(102): warning:  #188-D: enumerated type mixed with another type
  			gpio_bit_write(LED2_GPIO_PORT,LED2_PIN,gpio_output_bit_get(LED2_GPIO_PORT,LED2_PIN)^1);
..\EXT\timer_ext.c: 2 warnings, 0 errors
compiling led_ext.c...
compiling music_ext.c...
compiling croutine.c...
compiling list.c...
compiling event_groups.c...
compiling stream_buffer.c...
compiling queue.c...
compiling can_ext.c...
compiling gps_ext.c...
..\EXT\gps_ext.c(201): warning:  #177-D: variable "p"  was declared but never referenced
  	 char* p;
..\EXT\gps_ext.c: 1 warning, 0 errors
compiling fwdgt_ext.c...
compiling debug.c...
..\DEBUG\debug.c(5): warning:  #177-D: variable "buf"  was declared but never referenced
  	uint8_t buf[2];
..\DEBUG\debug.c(6): warning:  #177-D: variable "key"  was declared but never referenced
  	uint8_t key;
..\DEBUG\debug.c(7): warning:  #177-D: variable "CoordAngle"  was declared but never referenced
  	float CoordAngle;
..\DEBUG\debug.c: 3 warnings, 0 errors
compiling timers.c...
compiling tasks.c...
compiling heap_4.c...
compiling alloc.c...
compiling port.c...
compiling crc.c...
compiling protocol.c...
..\PROTOCOL\protocol_427\protocol.c(62): warning:  #177-D: variable "TYPE"  was declared but never referenced
  	uint16_t TYPE = respond_msg_data->TYPE;
..\PROTOCOL\protocol_427\protocol.c: 1 warning, 0 errors
compiling protocol_api.c...
compiling protocol_register_management.c...
compiling freeRTOSdebug.c...
compiling rt_malloc.c...
compiling xsto_api_ii.c...
..\PROTOCOL\protocol_427\xsto_api_ii.c(123): warning:  #177-D: function "master_heartbeat_ack"  was declared but never referenced
  static void master_heartbeat_ack(void)
..\PROTOCOL\protocol_427\xsto_api_ii.c: 1 warning, 0 errors
linking...
Program Size: Code=48236 RO-data=10092 RW-data=860 ZI-data=25572  
FromELF: creating hex file...
".\output\M130T_Handle.axf" - 0 Error(s), 54 Warning(s).

<h2>Software Packages used:</h2>

Package Vendor: ARM
                http://www.keil.com/pack/ARM.CMSIS.5.7.0.pack
                ARM.CMSIS.5.7.0
                CMSIS (Cortex Microcontroller Software Interface Standard)
   * Component: CORE Version: 5.4.0

Package Vendor: GigaDevice
                http://gd32mcu.com/data/documents/pack/GigaDevice.GD32F30x_DFP.2.2.0.pack
                GigaDevice.GD32F30x_DFP.2.2.0
                GigaDevice GD32F30x Series Device Support and Examples

<h2>Collection of Component include folders:</h2>
  .\RTE\_M130T_Handle
  D:\App\MDK\MDK5.32\packs\ARM\CMSIS\5.7.0\CMSIS\Core\Include
  D:\App\MDK\MDK5.32\packs\GigaDevice\GD32F30x_DFP\2.2.0\Device\Include

<h2>Collection of Component Files used:</h2>

   * Component: ARM::CMSIS:CORE:5.4.0
Build Time Elapsed:  00:00:13
</pre>
</body>
</html>
